[05/06/2025, 13:42:01] Script started
[05/06/2025, 13:42:01] Starting new sweep cycle
[05/06/2025, 13:42:01] Processing band 2.4GHz (1/2)
[05/06/2025, 13:42:01] Starting hackrf_sweep for band: 2.4GHz (2400:2485 MHz)
[05/06/2025, 13:42:01] hackrf_sweep stderr: call hackrf_sample_rate_set(20.000 MHz)

[05/06/2025, 13:42:01] hackrf_sweep stderr: call hackrf_baseband_filter_bandwidth_set(15.000 MHz)

[05/06/2025, 13:42:01] hackrf_sweep stderr: Sweeping from 2400 MHz to 2500 MHz

[05/06/2025, 13:42:01] hackrf_sweep stderr: Stop with Ctrl-C

[05/06/2025, 13:42:02] hackrf_sweep stderr: 79 total sweeps completed, 78.90 sweeps/second

[05/06/2025, 13:42:03] hackrf_sweep stderr: 161 total sweeps completed, 80.40 sweeps/second

[05/06/2025, 13:42:04] hackrf_sweep stderr: 243 total sweeps completed, 80.89 sweeps/second

[05/06/2025, 13:42:05] hackrf_sweep stderr: 324 total sweeps completed, 80.89 sweeps/second

[05/06/2025, 13:42:06] hackrf_sweep for band 2.4GHz timed out and was killed
[05/06/2025, 13:42:06] hackrf_sweep stderr: Caught signal 15

Exiting...
Total sweeps: 404 in 4.97610 seconds (80.89 sweeps/second)

[05/06/2025, 13:42:06] hackrf_sweep stderr: hackrf_close() done

[05/06/2025, 13:42:06] hackrf_sweep stderr: hackrf_exit() done
exit

[05/06/2025, 13:42:06] hackrf_sweep closed with code: 0
[05/06/2025, 13:42:06] Processing band 5.8GHz (2/2)
[05/06/2025, 13:42:06] Starting hackrf_sweep for band: 5.8GHz (5625:5850 MHz)
[05/06/2025, 13:42:06] hackrf_sweep stderr: call hackrf_sample_rate_set(20.000 MHz)

[05/06/2025, 13:42:06] hackrf_sweep stderr: call hackrf_baseband_filter_bandwidth_set(15.000 MHz)

[05/06/2025, 13:42:06] hackrf_sweep stderr: Sweeping from 5625 MHz to 5865 MHz

[05/06/2025, 13:42:06] hackrf_sweep stderr: Stop with Ctrl-C

[05/06/2025, 13:42:07] hackrf_sweep stderr: 33 total sweeps completed, 32.96 sweeps/second

[05/06/2025, 13:42:08] hackrf_sweep stderr: 67 total sweeps completed, 33.46 sweeps/second

[05/06/2025, 13:42:09] hackrf_sweep stderr: 101 total sweeps completed, 33.62 sweeps/second

[05/06/2025, 13:42:10] hackrf_sweep stderr: 135 total sweeps completed, 33.71 sweeps/second

[05/06/2025, 13:42:11] hackrf_sweep for band 5.8GHz timed out and was killed
[05/06/2025, 13:42:11] hackrf_sweep stderr: Caught signal 15

Exiting...
Total sweeps: 167 in 4.97098 seconds (33.71 sweeps/second)

[05/06/2025, 13:42:11] hackrf_sweep stderr: hackrf_close() done

[05/06/2025, 13:42:11] hackrf_sweep stderr: hackrf_exit() done
exit

[05/06/2025, 13:42:11] hackrf_sweep closed with code: 0
[05/06/2025, 13:42:11] All bands scanned, total frequencies: 48480
[05/06/2025, 13:42:31] Band 2.4GHz (2400-2485 MHz)
[05/06/2025, 13:42:31] Average power for 2.4GHz: -60.0 dBm
[05/06/2025, 13:42:31] Band 5.8GHz (5625-5850 MHz)
[05/06/2025, 13:42:31] Average power for 5.8GHz: -61.8 dBm
[05/06/2025, 13:42:31] No alert for 5.8GHz: avgPower -61.8 dBm <= -60.6 dBm
[05/06/2025, 13:42:31] Activating ALERT_PIN
[05/06/2025, 13:42:31] [13:42:11] 🛸 Дрон у диапазоне 2.4GHz (2400–2485 MHz). Мощность: -60.0 dB
[05/06/2025, 13:42:33] Deactivating ALERT_PIN
[05/06/2025, 13:42:33] Starting new sweep cycle
[05/06/2025, 13:42:33] Processing band 2.4GHz (1/2)
[05/06/2025, 13:42:33] Starting hackrf_sweep for band: 2.4GHz (2400:2485 MHz)
[05/06/2025, 13:42:33] hackrf_sweep stderr: call hackrf_sample_rate_set(20.000 MHz)

[05/06/2025, 13:42:33] hackrf_sweep stderr: call hackrf_baseband_filter_bandwidth_set(15.000 MHz)

[05/06/2025, 13:42:33] hackrf_sweep stderr: Sweeping from 2400 MHz to 2500 MHz

[05/06/2025, 13:42:33] hackrf_sweep stderr: Stop with Ctrl-C

[05/06/2025, 13:42:34] hackrf_sweep stderr: 79 total sweeps completed, 78.91 sweeps/second

[05/06/2025, 13:42:35] hackrf_sweep stderr: 161 total sweeps completed, 80.41 sweeps/second

[05/06/2025, 13:42:36] hackrf_sweep stderr: 243 total sweeps completed, 80.91 sweeps/second

[05/06/2025, 13:42:37] hackrf_sweep stderr: 324 total sweeps completed, 80.91 sweeps/second

[05/06/2025, 13:42:38] hackrf_sweep for band 2.4GHz timed out and was killed
[05/06/2025, 13:42:38] hackrf_sweep stderr: Caught signal 15

Exiting...
Total sweeps: 404 in 4.97396 seconds (80.91 sweeps/second)

[05/06/2025, 13:42:38] hackrf_sweep stderr: hackrf_close() done

[05/06/2025, 13:42:38] hackrf_sweep stderr: hackrf_exit() done
exit

[05/06/2025, 13:42:38] hackrf_sweep closed with code: 0
[05/06/2025, 13:42:38] Processing band 5.8GHz (2/2)
[05/06/2025, 13:42:38] Starting hackrf_sweep for band: 5.8GHz (5625:5850 MHz)
[05/06/2025, 13:42:38] hackrf_sweep stderr: call hackrf_sample_rate_set(20.000 MHz)

[05/06/2025, 13:42:38] hackrf_sweep stderr: call hackrf_baseband_filter_bandwidth_set(15.000 MHz)

[05/06/2025, 13:42:38] hackrf_sweep stderr: Sweeping from 5625 MHz to 5865 MHz

[05/06/2025, 13:42:38] hackrf_sweep stderr: Stop with Ctrl-C

[05/06/2025, 13:42:39] hackrf_sweep stderr: 33 total sweeps completed, 32.96 sweeps/second

[05/06/2025, 13:42:40] hackrf_sweep stderr: 67 total sweeps completed, 33.46 sweeps/second

[05/06/2025, 13:42:41] hackrf_sweep stderr: 101 total sweeps completed, 33.62 sweeps/second

[05/06/2025, 13:42:42] hackrf_sweep stderr: 135 total sweeps completed, 33.71 sweeps/second

[05/06/2025, 13:42:43] hackrf_sweep for band 5.8GHz timed out and was killed
[05/06/2025, 13:42:43] hackrf_sweep stderr: Caught signal 15

Exiting...
Total sweeps: 167 in 4.97008 seconds (33.71 sweeps/second)

[05/06/2025, 13:42:43] hackrf_sweep stderr: hackrf_close() done

[05/06/2025, 13:42:43] hackrf_sweep stderr: hackrf_exit() done
exit

[05/06/2025, 13:42:43] hackrf_sweep closed with code: 0
[05/06/2025, 13:42:43] All bands scanned, total frequencies: 48480
[05/06/2025, 13:43:01] Band 2.4GHz (2400-2485 MHz)
[05/06/2025, 13:43:01] Average power for 2.4GHz: -60.0 dBm
[05/06/2025, 13:43:01] Band 5.8GHz (5625-5850 MHz)
[05/06/2025, 13:43:01] Average power for 5.8GHz: -61.7 dBm
[05/06/2025, 13:43:01] No alert for 5.8GHz: avgPower -61.7 dBm <= -60.6 dBm
[05/06/2025, 13:43:01] Activating ALERT_PIN
[05/06/2025, 13:43:01] [13:42:43] 🛸 Дрон у диапазоне 2.4GHz (2400–2485 MHz). Мощность: -60.0 dB
[05/06/2025, 13:43:02] Exiting script
[05/06/2025, 13:51:19] Script started
[05/06/2025, 13:51:19] Starting new sweep cycle
[05/06/2025, 13:51:19] Processing band 2.4GHz (1/2)
[05/06/2025, 13:51:19] Starting hackrf_sweep for band: 2.4GHz (2400:2485 MHz)
[05/06/2025, 13:51:19] hackrf_sweep stderr: call hackrf_sample_rate_set(20.000 MHz)

[05/06/2025, 13:51:19] hackrf_sweep stderr: call hackrf_baseband_filter_bandwidth_set(15.000 MHz)

[05/06/2025, 13:51:19] hackrf_sweep stderr: Sweeping from 2400 MHz to 2500 MHz

[05/06/2025, 13:51:19] hackrf_sweep stderr: Stop with Ctrl-C

[05/06/2025, 13:51:20] hackrf_sweep stderr: 79 total sweeps completed, 78.91 sweeps/second

[05/06/2025, 13:51:21] hackrf_sweep stderr: 161 total sweeps completed, 80.41 sweeps/second

[05/06/2025, 13:51:22] hackrf_sweep stderr: 243 total sweeps completed, 80.91 sweeps/second

[05/06/2025, 13:51:23] hackrf_sweep stderr: 324 total sweeps completed, 80.90 sweeps/second

[05/06/2025, 13:51:24] hackrf_sweep for band 2.4GHz timed out and was killed
[05/06/2025, 13:51:24] hackrf_sweep stderr: Caught signal 15

Exiting...
Total sweeps: 404 in 4.97620 seconds (80.90 sweeps/second)

[05/06/2025, 13:51:24] hackrf_sweep stderr: hackrf_close() done
hackrf_exit() done
exit

[05/06/2025, 13:51:24] hackrf_sweep closed with code: 0
[05/06/2025, 13:51:24] Processing band 5.8GHz (2/2)
[05/06/2025, 13:51:24] Starting hackrf_sweep for band: 5.8GHz (5625:5850 MHz)
[05/06/2025, 13:51:24] hackrf_sweep stderr: call hackrf_sample_rate_set(20.000 MHz)

[05/06/2025, 13:51:24] hackrf_sweep stderr: call hackrf_baseband_filter_bandwidth_set(15.000 MHz)

[05/06/2025, 13:51:24] hackrf_sweep stderr: Sweeping from 5625 MHz to 5865 MHz

[05/06/2025, 13:51:24] hackrf_sweep stderr: Stop with Ctrl-C

[05/06/2025, 13:51:25] hackrf_sweep stderr: 33 total sweeps completed, 32.96 sweeps/second

[05/06/2025, 13:51:26] hackrf_sweep stderr: 67 total sweeps completed, 33.45 sweeps/second

[05/06/2025, 13:51:27] hackrf_sweep stderr: 101 total sweeps completed, 33.62 sweeps/second

[05/06/2025, 13:51:28] hackrf_sweep stderr: 135 total sweeps completed, 33.70 sweeps/second

[05/06/2025, 13:51:29] hackrf_sweep for band 5.8GHz timed out and was killed
[05/06/2025, 13:51:29] hackrf_sweep stderr: Caught signal 15

Exiting...
Total sweeps: 167 in 4.97091 seconds (33.70 sweeps/second)

[05/06/2025, 13:51:29] hackrf_sweep stderr: hackrf_close() done

[05/06/2025, 13:51:29] hackrf_sweep stderr: hackrf_exit() done
exit

[05/06/2025, 13:51:29] hackrf_sweep closed with code: 0
[05/06/2025, 13:51:29] All bands scanned, total frequencies: 48480
[05/06/2025, 13:51:49] Band 2.4GHz (2400-2485 MHz)
[05/06/2025, 13:51:49] Average power for 2.4GHz: -59.8 dBm
[05/06/2025, 13:51:49] Band 5.8GHz (5625-5850 MHz)
[05/06/2025, 13:51:49] Average power for 5.8GHz: -61.7 dBm
[05/06/2025, 13:51:49] No alert for 5.8GHz: avgPower -61.7 dBm <= -60.6 dBm
[05/06/2025, 13:51:49] Activating ALERT_PIN
[05/06/2025, 13:51:49] [13:51:29] 🛸 Дрон у диапазоне 2.4GHz (2400–2485 MHz). Мощность: -59.8 dB
[05/06/2025, 13:51:51] Deactivating ALERT_PIN
[05/06/2025, 13:51:51] Starting new sweep cycle
[05/06/2025, 13:51:51] Processing band 2.4GHz (1/2)
[05/06/2025, 13:51:51] Starting hackrf_sweep for band: 2.4GHz (2400:2485 MHz)
[05/06/2025, 13:51:51] hackrf_sweep stderr: call hackrf_sample_rate_set(20.000 MHz)

[05/06/2025, 13:51:51] hackrf_sweep stderr: call hackrf_baseband_filter_bandwidth_set(15.000 MHz)

[05/06/2025, 13:51:51] hackrf_sweep stderr: Sweeping from 2400 MHz to 2500 MHz

[05/06/2025, 13:51:51] hackrf_sweep stderr: Stop with Ctrl-C

[05/06/2025, 13:51:52] hackrf_sweep stderr: 79 total sweeps completed, 78.91 sweeps/second

[05/06/2025, 13:51:53] hackrf_sweep stderr: 161 total sweeps completed, 80.41 sweeps/second

[05/06/2025, 13:51:53] Exiting script
