[05/06/2025, 14:53:30] Script started
[05/06/2025, 14:53:31] Starting new sweep cycle
[05/06/2025, 14:53:31] Processing band 2.4GHz (1/2). Threshhold -59.5
[05/06/2025, 14:53:31] Starting hackrf_sweep for band: 2.4GHz (2400:2485 MHz)
[05/06/2025, 14:53:31] hackrf_sweep stderr: call hackrf_sample_rate_set(20.000 MHz)

[05/06/2025, 14:53:31] hackrf_sweep stderr: call hackrf_baseband_filter_bandwidth_set(15.000 MHz)

[05/06/2025, 14:53:31] hackrf_sweep stderr: Sweeping from 2400 MHz to 2500 MHz

[05/06/2025, 14:53:31] hackrf_sweep stderr: Stop with Ctrl-C

[05/06/2025, 14:53:32] hackrf_sweep for band 2.4GHz timed out and was killed
[05/06/2025, 14:53:32] hackrf_sweep stderr: Caught signal 15

Exiting...
Total sweeps: 78 in 0.97679 seconds (79.85 sweeps/second)

[05/06/2025, 14:53:32] hackrf_sweep stderr: hackrf_close() done

[05/06/2025, 14:53:32] hackrf_sweep stderr: hackrf_exit() done
exit

[05/06/2025, 14:53:32] hackrf_sweep closed with code: 0
[05/06/2025, 14:53:32] Processing band 5.8GHz (2/2). Threshhold -60.6
[05/06/2025, 14:53:32] Starting hackrf_sweep for band: 5.8GHz (5625:5850 MHz)
[05/06/2025, 14:53:32] hackrf_sweep stderr: call hackrf_sample_rate_set(20.000 MHz)

[05/06/2025, 14:53:32] hackrf_sweep stderr: call hackrf_baseband_filter_bandwidth_set(15.000 MHz)

[05/06/2025, 14:53:32] hackrf_sweep stderr: Sweeping from 5625 MHz to 5865 MHz

[05/06/2025, 14:53:32] hackrf_sweep stderr: Stop with Ctrl-C

[05/06/2025, 14:53:33] hackrf_sweep for band 5.8GHz timed out and was killed
[05/06/2025, 14:53:33] hackrf_sweep stderr: Caught signal 15

Exiting...
Total sweeps: 32 in 0.97458 seconds (32.83 sweeps/second)

[05/06/2025, 14:53:33] hackrf_sweep stderr: hackrf_close() done

[05/06/2025, 14:53:33] hackrf_sweep stderr: hackrf_exit() done
exit

[05/06/2025, 14:53:33] hackrf_sweep closed with code: 0
[05/06/2025, 14:53:33] All bands scanned, total frequencies: 9408
[05/06/2025, 14:53:33] Band 2.4GHz (2400-2485 MHz)
[05/06/2025, 14:53:33] Average power for 2.4GHz: -59.7 dBm
[05/06/2025, 14:53:33] No alert for 2.4GHz: avgPower -59.7 dBm <= -59.5 dBm
[05/06/2025, 14:53:33] Band 5.8GHz (5625-5850 MHz)
[05/06/2025, 14:53:33] Average power for 5.8GHz: -61.4 dBm
[05/06/2025, 14:53:33] No alert for 5.8GHz: avgPower -61.4 dBm <= -60.6 dBm
[05/06/2025, 14:53:33] [14:53:33] OK — ничего подозрительного
[05/06/2025, 14:53:34] Starting new sweep cycle
[05/06/2025, 14:53:34] Processing band 2.4GHz (1/2). Threshhold -59.5
[05/06/2025, 14:53:34] Starting hackrf_sweep for band: 2.4GHz (2400:2485 MHz)
[05/06/2025, 14:53:34] hackrf_sweep stderr: call hackrf_sample_rate_set(20.000 MHz)

[05/06/2025, 14:53:34] hackrf_sweep stderr: call hackrf_baseband_filter_bandwidth_set(15.000 MHz)

[05/06/2025, 14:53:34] hackrf_sweep stderr: Sweeping from 2400 MHz to 2500 MHz

[05/06/2025, 14:53:34] hackrf_sweep stderr: Stop with Ctrl-C

[05/06/2025, 14:53:35] hackrf_sweep for band 2.4GHz timed out and was killed
[05/06/2025, 14:53:35] hackrf_sweep stderr: Caught signal 15

Exiting...
Total sweeps: 78 in 0.97460 seconds (80.03 sweeps/second)

[05/06/2025, 14:53:35] hackrf_sweep stderr: hackrf_close() done

[05/06/2025, 14:53:35] hackrf_sweep stderr: hackrf_exit() done
exit

[05/06/2025, 14:53:35] hackrf_sweep closed with code: 0
[05/06/2025, 14:53:35] Processing band 5.8GHz (2/2). Threshhold -60.6
[05/06/2025, 14:53:35] Starting hackrf_sweep for band: 5.8GHz (5625:5850 MHz)
[05/06/2025, 14:53:35] hackrf_sweep stderr: call hackrf_sample_rate_set(20.000 MHz)

[05/06/2025, 14:53:35] hackrf_sweep stderr: call hackrf_baseband_filter_bandwidth_set(15.000 MHz)

[05/06/2025, 14:53:35] hackrf_sweep stderr: Sweeping from 5625 MHz to 5865 MHz

[05/06/2025, 14:53:35] hackrf_sweep stderr: Stop with Ctrl-C

[05/06/2025, 14:53:36] hackrf_sweep for band 5.8GHz timed out and was killed
[05/06/2025, 14:53:36] hackrf_sweep stderr: Caught signal 15

Exiting...
Total sweeps: 32 in 0.97500 seconds (32.82 sweeps/second)

[05/06/2025, 14:53:36] hackrf_sweep stderr: hackrf_close() done

[05/06/2025, 14:53:36] hackrf_sweep stderr: hackrf_exit() done
exit

[05/06/2025, 14:53:36] hackrf_sweep closed with code: 0
[05/06/2025, 14:53:36] All bands scanned, total frequencies: 9408
[05/06/2025, 14:53:36] Band 2.4GHz (2400-2485 MHz)
[05/06/2025, 14:53:36] Average power for 2.4GHz: -59.6 dBm
[05/06/2025, 14:53:36] No alert for 2.4GHz: avgPower -59.6 dBm <= -59.5 dBm
[05/06/2025, 14:53:36] Band 5.8GHz (5625-5850 MHz)
[05/06/2025, 14:53:36] Average power for 5.8GHz: -61.7 dBm
[05/06/2025, 14:53:36] No alert for 5.8GHz: avgPower -61.7 dBm <= -60.6 dBm
[05/06/2025, 14:53:36] [14:53:36] OK — ничего подозрительного
[05/06/2025, 14:53:36] Starting new sweep cycle
[05/06/2025, 14:53:36] Processing band 2.4GHz (1/2). Threshhold -59.5
[05/06/2025, 14:53:36] Starting hackrf_sweep for band: 2.4GHz (2400:2485 MHz)
[05/06/2025, 14:53:36] hackrf_sweep stderr: call hackrf_sample_rate_set(20.000 MHz)

[05/06/2025, 14:53:36] hackrf_sweep stderr: call hackrf_baseband_filter_bandwidth_set(15.000 MHz)

[05/06/2025, 14:53:36] hackrf_sweep stderr: Sweeping from 2400 MHz to 2500 MHz

[05/06/2025, 14:53:36] hackrf_sweep stderr: Stop with Ctrl-C

[05/06/2025, 14:53:37] hackrf_sweep for band 2.4GHz timed out and was killed
[05/06/2025, 14:53:37] hackrf_sweep stderr: Caught signal 15

Exiting...
Total sweeps: 78 in 0.97455 seconds (80.04 sweeps/second)

[05/06/2025, 14:53:37] hackrf_sweep stderr: hackrf_close() done

[05/06/2025, 14:53:37] hackrf_sweep stderr: hackrf_exit() done
exit

[05/06/2025, 14:53:37] hackrf_sweep closed with code: 0
[05/06/2025, 14:53:37] Processing band 5.8GHz (2/2). Threshhold -60.6
[05/06/2025, 14:53:37] Starting hackrf_sweep for band: 5.8GHz (5625:5850 MHz)
[05/06/2025, 14:53:37] hackrf_sweep stderr: call hackrf_sample_rate_set(20.000 MHz)

[05/06/2025, 14:53:37] hackrf_sweep stderr: call hackrf_baseband_filter_bandwidth_set(15.000 MHz)

[05/06/2025, 14:53:37] hackrf_sweep stderr: Sweeping from 5625 MHz to 5865 MHz

[05/06/2025, 14:53:37] hackrf_sweep stderr: Stop with Ctrl-C

[05/06/2025, 14:53:38] hackrf_sweep for band 5.8GHz timed out and was killed
[05/06/2025, 14:53:38] hackrf_sweep stderr: Caught signal 15

Exiting...
Total sweeps: 32 in 0.97455 seconds (32.84 sweeps/second)

[05/06/2025, 14:53:38] hackrf_sweep stderr: hackrf_close() done

[05/06/2025, 14:53:38] hackrf_sweep stderr: hackrf_exit() done
exit

[05/06/2025, 14:53:38] hackrf_sweep closed with code: 0
[05/06/2025, 14:53:38] All bands scanned, total frequencies: 9408
[05/06/2025, 14:53:39] Band 2.4GHz (2400-2485 MHz)
[05/06/2025, 14:53:39] Average power for 2.4GHz: -60.4 dBm
[05/06/2025, 14:53:39] No alert for 2.4GHz: avgPower -60.4 dBm <= -59.5 dBm
[05/06/2025, 14:53:39] Band 5.8GHz (5625-5850 MHz)
[05/06/2025, 14:53:39] Average power for 5.8GHz: -61.7 dBm
[05/06/2025, 14:53:39] No alert for 5.8GHz: avgPower -61.7 dBm <= -60.6 dBm
[05/06/2025, 14:53:39] [14:53:38] OK — ничего подозрительного
[05/06/2025, 14:53:39] Starting new sweep cycle
[05/06/2025, 14:53:39] Processing band 2.4GHz (1/2). Threshhold -59.5
[05/06/2025, 14:53:39] Starting hackrf_sweep for band: 2.4GHz (2400:2485 MHz)
[05/06/2025, 14:53:39] hackrf_sweep stderr: call hackrf_sample_rate_set(20.000 MHz)

[05/06/2025, 14:53:39] hackrf_sweep stderr: call hackrf_baseband_filter_bandwidth_set(15.000 MHz)

[05/06/2025, 14:53:39] hackrf_sweep stderr: Sweeping from 2400 MHz to 2500 MHz

[05/06/2025, 14:53:39] hackrf_sweep stderr: Stop with Ctrl-C

[05/06/2025, 14:53:40] hackrf_sweep for band 2.4GHz timed out and was killed
[05/06/2025, 14:53:40] hackrf_sweep stderr: Caught signal 15

Exiting...
Total sweeps: 78 in 0.97457 seconds (80.04 sweeps/second)

[05/06/2025, 14:53:40] hackrf_sweep stderr: hackrf_close() done

[05/06/2025, 14:53:40] hackrf_sweep stderr: hackrf_exit() done
exit

[05/06/2025, 14:53:40] hackrf_sweep closed with code: 0
[05/06/2025, 14:53:40] Processing band 5.8GHz (2/2). Threshhold -60.6
[05/06/2025, 14:53:40] Starting hackrf_sweep for band: 5.8GHz (5625:5850 MHz)
[05/06/2025, 14:53:40] hackrf_sweep stderr: call hackrf_sample_rate_set(20.000 MHz)

[05/06/2025, 14:53:40] hackrf_sweep stderr: call hackrf_baseband_filter_bandwidth_set(15.000 MHz)

[05/06/2025, 14:53:40] hackrf_sweep stderr: Sweeping from 5625 MHz to 5865 MHz

[05/06/2025, 14:53:40] hackrf_sweep stderr: Stop with Ctrl-C

[05/06/2025, 14:53:41] hackrf_sweep for band 5.8GHz timed out and was killed
[05/06/2025, 14:53:41] hackrf_sweep stderr: Caught signal 15

Exiting...
Total sweeps: 32 in 0.97473 seconds (32.83 sweeps/second)

[05/06/2025, 14:53:41] hackrf_sweep stderr: hackrf_close() done

[05/06/2025, 14:53:41] hackrf_sweep stderr: hackrf_exit() done
exit

[05/06/2025, 14:53:41] hackrf_sweep closed with code: 0
[05/06/2025, 14:53:41] All bands scanned, total frequencies: 9408
[05/06/2025, 14:53:42] Band 2.4GHz (2400-2485 MHz)
[05/06/2025, 14:53:42] Average power for 2.4GHz: -60.3 dBm
[05/06/2025, 14:53:42] No alert for 2.4GHz: avgPower -60.3 dBm <= -59.5 dBm
[05/06/2025, 14:53:42] Band 5.8GHz (5625-5850 MHz)
[05/06/2025, 14:53:42] Average power for 5.8GHz: -61.8 dBm
[05/06/2025, 14:53:42] No alert for 5.8GHz: avgPower -61.8 dBm <= -60.6 dBm
[05/06/2025, 14:53:42] [14:53:41] OK — ничего подозрительного
[05/06/2025, 14:53:42] Starting new sweep cycle
[05/06/2025, 14:53:42] Processing band 2.4GHz (1/2). Threshhold -59.5
[05/06/2025, 14:53:42] Starting hackrf_sweep for band: 2.4GHz (2400:2485 MHz)
[05/06/2025, 14:53:42] hackrf_sweep stderr: call hackrf_sample_rate_set(20.000 MHz)

[05/06/2025, 14:53:42] hackrf_sweep stderr: call hackrf_baseband_filter_bandwidth_set(15.000 MHz)

[05/06/2025, 14:53:42] hackrf_sweep stderr: Sweeping from 2400 MHz to 2500 MHz

[05/06/2025, 14:53:42] hackrf_sweep stderr: Stop with Ctrl-C

[05/06/2025, 14:53:43] hackrf_sweep for band 2.4GHz timed out and was killed
[05/06/2025, 14:53:43] hackrf_sweep stderr: Caught signal 15

Exiting...
Total sweeps: 78 in 0.97457 seconds (80.04 sweeps/second)

[05/06/2025, 14:53:43] hackrf_sweep stderr: hackrf_close() done

[05/06/2025, 14:53:43] hackrf_sweep stderr: hackrf_exit() done
exit

[05/06/2025, 14:53:43] hackrf_sweep closed with code: 0
[05/06/2025, 14:53:43] Processing band 5.8GHz (2/2). Threshhold -60.6
[05/06/2025, 14:53:43] Starting hackrf_sweep for band: 5.8GHz (5625:5850 MHz)
[05/06/2025, 14:53:43] hackrf_sweep stderr: call hackrf_sample_rate_set(20.000 MHz)

[05/06/2025, 14:53:43] hackrf_sweep stderr: call hackrf_baseband_filter_bandwidth_set(15.000 MHz)

[05/06/2025, 14:53:43] hackrf_sweep stderr: Sweeping from 5625 MHz to 5865 MHz

[05/06/2025, 14:53:43] hackrf_sweep stderr: Stop with Ctrl-C

[05/06/2025, 14:53:44] hackrf_sweep for band 5.8GHz timed out and was killed
[05/06/2025, 14:53:44] hackrf_sweep stderr: Caught signal 15

Exiting...
Total sweeps: 32 in 0.97456 seconds (32.84 sweeps/second)

[05/06/2025, 14:53:44] hackrf_sweep stderr: hackrf_close() done

[05/06/2025, 14:53:44] hackrf_sweep stderr: hackrf_exit() done
exit

[05/06/2025, 14:53:44] hackrf_sweep closed with code: 0
[05/06/2025, 14:53:44] All bands scanned, total frequencies: 9408
[05/06/2025, 14:53:45] Band 2.4GHz (2400-2485 MHz)
[05/06/2025, 14:53:45] Average power for 2.4GHz: -59.2 dBm
[05/06/2025, 14:53:45] Band 5.8GHz (5625-5850 MHz)
[05/06/2025, 14:53:45] Average power for 5.8GHz: -61.9 dBm
[05/06/2025, 14:53:45] No alert for 5.8GHz: avgPower -61.9 dBm <= -60.6 dBm
[05/06/2025, 14:53:45] Activating ALERT_PIN
[05/06/2025, 14:53:45] [14:53:44] 🛸 Дрон у диапазоне 2.4GHz (2400–2485 MHz). Мощность: -59.2 dB
[05/06/2025, 14:53:45] Starting new sweep cycle
[05/06/2025, 14:53:45] Processing band 2.4GHz (1/2). Threshhold -59.5
[05/06/2025, 14:53:45] Starting hackrf_sweep for band: 2.4GHz (2400:2485 MHz)
[05/06/2025, 14:53:45] hackrf_sweep stderr: call hackrf_sample_rate_set(20.000 MHz)

[05/06/2025, 14:53:45] hackrf_sweep stderr: call hackrf_baseband_filter_bandwidth_set(15.000 MHz)

[05/06/2025, 14:53:45] hackrf_sweep stderr: Sweeping from 2400 MHz to 2500 MHz

[05/06/2025, 14:53:45] hackrf_sweep stderr: Stop with Ctrl-C

[05/06/2025, 14:53:46] hackrf_sweep for band 2.4GHz timed out and was killed
[05/06/2025, 14:53:46] hackrf_sweep stderr: Caught signal 15

Exiting...
Total sweeps: 78 in 0.97455 seconds (80.04 sweeps/second)

[05/06/2025, 14:53:46] hackrf_sweep stderr: hackrf_close() done

[05/06/2025, 14:53:46] hackrf_sweep stderr: hackrf_exit() done
exit

[05/06/2025, 14:53:46] hackrf_sweep closed with code: 0
[05/06/2025, 14:53:46] Processing band 5.8GHz (2/2). Threshhold -60.6
[05/06/2025, 14:53:46] Starting hackrf_sweep for band: 5.8GHz (5625:5850 MHz)
[05/06/2025, 14:53:46] hackrf_sweep stderr: call hackrf_sample_rate_set(20.000 MHz)

[05/06/2025, 14:53:46] hackrf_sweep stderr: call hackrf_baseband_filter_bandwidth_set(15.000 MHz)

[05/06/2025, 14:53:46] hackrf_sweep stderr: Sweeping from 5625 MHz to 5865 MHz

[05/06/2025, 14:53:46] hackrf_sweep stderr: Stop with Ctrl-C

[05/06/2025, 14:53:47] hackrf_sweep for band 5.8GHz timed out and was killed
[05/06/2025, 14:53:47] hackrf_sweep stderr: Caught signal 15

Exiting...
Total sweeps: 32 in 0.97472 seconds (32.83 sweeps/second)

[05/06/2025, 14:53:47] hackrf_sweep stderr: hackrf_close() done

[05/06/2025, 14:53:47] hackrf_sweep stderr: hackrf_exit() done
exit

[05/06/2025, 14:53:47] hackrf_sweep closed with code: 0
[05/06/2025, 14:53:47] All bands scanned, total frequencies: 9408
[05/06/2025, 14:53:48] Band 2.4GHz (2400-2485 MHz)
[05/06/2025, 14:53:48] Average power for 2.4GHz: -59.1 dBm
[05/06/2025, 14:53:48] Band 5.8GHz (5625-5850 MHz)
[05/06/2025, 14:53:48] Average power for 5.8GHz: -61.6 dBm
[05/06/2025, 14:53:48] No alert for 5.8GHz: avgPower -61.6 dBm <= -60.6 dBm
[05/06/2025, 14:53:48] Activating ALERT_PIN
[05/06/2025, 14:53:48] [14:53:47] 🛸 Дрон у диапазоне 2.4GHz (2400–2485 MHz). Мощность: -59.1 dB
[05/06/2025, 14:53:48] Starting new sweep cycle
[05/06/2025, 14:53:48] Processing band 2.4GHz (1/2). Threshhold -59.5
[05/06/2025, 14:53:48] Starting hackrf_sweep for band: 2.4GHz (2400:2485 MHz)
[05/06/2025, 14:53:48] Deactivating ALERT_PIN
[05/06/2025, 14:53:48] hackrf_sweep stderr: call hackrf_sample_rate_set(20.000 MHz)

[05/06/2025, 14:53:48] hackrf_sweep stderr: call hackrf_baseband_filter_bandwidth_set(15.000 MHz)

[05/06/2025, 14:53:48] hackrf_sweep stderr: Sweeping from 2400 MHz to 2500 MHz

[05/06/2025, 14:53:48] hackrf_sweep stderr: Stop with Ctrl-C

[05/06/2025, 14:53:49] hackrf_sweep for band 2.4GHz timed out and was killed
[05/06/2025, 14:53:49] hackrf_sweep stderr: Caught signal 15

Exiting...
Total sweeps: 78 in 0.97354 seconds (80.12 sweeps/second)

[05/06/2025, 14:53:49] hackrf_sweep stderr: hackrf_close() done

[05/06/2025, 14:53:49] hackrf_sweep stderr: hackrf_exit() done
exit

[05/06/2025, 14:53:49] hackrf_sweep closed with code: 0
[05/06/2025, 14:53:49] Processing band 5.8GHz (2/2). Threshhold -60.6
[05/06/2025, 14:53:49] Starting hackrf_sweep for band: 5.8GHz (5625:5850 MHz)
[05/06/2025, 14:53:49] hackrf_sweep stderr: call hackrf_sample_rate_set(20.000 MHz)

[05/06/2025, 14:53:49] hackrf_sweep stderr: call hackrf_baseband_filter_bandwidth_set(15.000 MHz)

[05/06/2025, 14:53:49] hackrf_sweep stderr: Sweeping from 5625 MHz to 5865 MHz

[05/06/2025, 14:53:49] hackrf_sweep stderr: Stop with Ctrl-C

[05/06/2025, 14:53:50] hackrf_sweep for band 5.8GHz timed out and was killed
[05/06/2025, 14:53:50] hackrf_sweep stderr: Caught signal 15

Exiting...
Total sweeps: 32 in 0.97457 seconds (32.84 sweeps/second)

[05/06/2025, 14:53:50] hackrf_sweep stderr: hackrf_close() done

[05/06/2025, 14:53:50] hackrf_sweep stderr: hackrf_exit() done
exit

[05/06/2025, 14:53:50] hackrf_sweep closed with code: 0
[05/06/2025, 14:53:50] All bands scanned, total frequencies: 9408
[05/06/2025, 14:53:51] Band 2.4GHz (2400-2485 MHz)
[05/06/2025, 14:53:51] Average power for 2.4GHz: -59.5 dBm
[05/06/2025, 14:53:51] Band 5.8GHz (5625-5850 MHz)
[05/06/2025, 14:53:51] Average power for 5.8GHz: -61.7 dBm
[05/06/2025, 14:53:51] No alert for 5.8GHz: avgPower -61.7 dBm <= -60.6 dBm
[05/06/2025, 14:53:51] Activating ALERT_PIN
[05/06/2025, 14:53:51] [14:53:50] 🛸 Дрон у диапазоне 2.4GHz (2400–2485 MHz). Мощность: -59.5 dB
[05/06/2025, 14:53:51] Starting new sweep cycle
[05/06/2025, 14:53:51] Processing band 2.4GHz (1/2). Threshhold -59.5
[05/06/2025, 14:53:51] Starting hackrf_sweep for band: 2.4GHz (2400:2485 MHz)
[05/06/2025, 14:53:51] hackrf_sweep stderr: call hackrf_sample_rate_set(20.000 MHz)

[05/06/2025, 14:53:51] hackrf_sweep stderr: call hackrf_baseband_filter_bandwidth_set(15.000 MHz)

[05/06/2025, 14:53:51] hackrf_sweep stderr: Sweeping from 2400 MHz to 2500 MHz

[05/06/2025, 14:53:51] hackrf_sweep stderr: Stop with Ctrl-C

[05/06/2025, 14:53:51] Deactivating ALERT_PIN
[05/06/2025, 14:53:52] hackrf_sweep for band 2.4GHz timed out and was killed
[05/06/2025, 14:53:52] hackrf_sweep stderr: Caught signal 15

Exiting...
Total sweeps: 78 in 0.97457 seconds (80.04 sweeps/second)

[05/06/2025, 14:53:52] hackrf_sweep stderr: hackrf_close() done

[05/06/2025, 14:53:52] hackrf_sweep stderr: hackrf_exit() done
exit

[05/06/2025, 14:53:52] hackrf_sweep closed with code: 0
[05/06/2025, 14:53:52] Processing band 5.8GHz (2/2). Threshhold -60.6
[05/06/2025, 14:53:52] Starting hackrf_sweep for band: 5.8GHz (5625:5850 MHz)
[05/06/2025, 14:53:52] hackrf_sweep stderr: call hackrf_sample_rate_set(20.000 MHz)

[05/06/2025, 14:53:52] hackrf_sweep stderr: call hackrf_baseband_filter_bandwidth_set(15.000 MHz)

[05/06/2025, 14:53:52] hackrf_sweep stderr: Sweeping from 5625 MHz to 5865 MHz

[05/06/2025, 14:53:52] hackrf_sweep stderr: Stop with Ctrl-C

[05/06/2025, 14:53:53] hackrf_sweep for band 5.8GHz timed out and was killed
[05/06/2025, 14:53:53] hackrf_sweep stderr: Caught signal 15

Exiting...
Total sweeps: 32 in 0.97472 seconds (32.83 sweeps/second)

[05/06/2025, 14:53:53] hackrf_sweep stderr: hackrf_close() done

[05/06/2025, 14:53:53] hackrf_sweep stderr: hackrf_exit() done
exit

[05/06/2025, 14:53:53] hackrf_sweep closed with code: 0
[05/06/2025, 14:53:53] All bands scanned, total frequencies: 9408
[05/06/2025, 14:53:53] Band 2.4GHz (2400-2485 MHz)
[05/06/2025, 14:53:53] Average power for 2.4GHz: -59.9 dBm
[05/06/2025, 14:53:53] No alert for 2.4GHz: avgPower -59.9 dBm <= -59.5 dBm
[05/06/2025, 14:53:53] Band 5.8GHz (5625-5850 MHz)
[05/06/2025, 14:53:53] Average power for 5.8GHz: -61.7 dBm
[05/06/2025, 14:53:53] No alert for 5.8GHz: avgPower -61.7 dBm <= -60.6 dBm
[05/06/2025, 14:53:53] [14:53:53] OK — ничего подозрительного
[05/06/2025, 14:53:53] Starting new sweep cycle
[05/06/2025, 14:53:53] Processing band 2.4GHz (1/2). Threshhold -59.5
[05/06/2025, 14:53:53] Starting hackrf_sweep for band: 2.4GHz (2400:2485 MHz)
[05/06/2025, 14:53:54] Deactivating ALERT_PIN
[05/06/2025, 14:53:54] hackrf_sweep stderr: call hackrf_sample_rate_set(20.000 MHz)

[05/06/2025, 14:53:54] hackrf_sweep stderr: call hackrf_baseband_filter_bandwidth_set(15.000 MHz)

[05/06/2025, 14:53:54] hackrf_sweep stderr: Sweeping from 2400 MHz to 2500 MHz

[05/06/2025, 14:53:54] hackrf_sweep stderr: Stop with Ctrl-C

[05/06/2025, 14:53:55] hackrf_sweep for band 2.4GHz timed out and was killed
[05/06/2025, 14:53:55] hackrf_sweep stderr: Caught signal 15

Exiting...
Total sweeps: 78 in 0.97465 seconds (80.03 sweeps/second)

[05/06/2025, 14:53:55] hackrf_sweep stderr: hackrf_close() done

[05/06/2025, 14:53:55] hackrf_sweep stderr: hackrf_exit() done
exit

[05/06/2025, 14:53:55] hackrf_sweep closed with code: 0
[05/06/2025, 14:53:55] Processing band 5.8GHz (2/2). Threshhold -60.6
[05/06/2025, 14:53:55] Starting hackrf_sweep for band: 5.8GHz (5625:5850 MHz)
[05/06/2025, 14:53:55] hackrf_sweep stderr: call hackrf_sample_rate_set(20.000 MHz)

[05/06/2025, 14:53:55] hackrf_sweep stderr: call hackrf_baseband_filter_bandwidth_set(15.000 MHz)

[05/06/2025, 14:53:55] hackrf_sweep stderr: Sweeping from 5625 MHz to 5865 MHz

[05/06/2025, 14:53:55] hackrf_sweep stderr: Stop with Ctrl-C

[05/06/2025, 14:53:55] Exiting script
