[05/06/2025, 13:35:22] Script started
[05/06/2025, 13:35:22] Starting new sweep cycle
[05/06/2025, 13:35:22] Processing band 5.8GHz (1/1)
[05/06/2025, 13:35:22] Starting hackrf_sweep for band: 5.8GHz (5625:5850 MHz)
[05/06/2025, 13:35:22] hackrf_sweep stderr: call hackrf_sample_rate_set(20.000 MHz)

[05/06/2025, 13:35:22] hackrf_sweep stderr: call hackrf_baseband_filter_bandwidth_set(15.000 MHz)

[05/06/2025, 13:35:22] hackrf_sweep stderr: Sweeping from 5625 MHz to 5865 MHz

[05/06/2025, 13:35:22] hackrf_sweep stderr: Stop with Ctrl-C

[05/06/2025, 13:35:23] hackrf_sweep stderr: 33 total sweeps completed, 32.96 sweeps/second

[05/06/2025, 13:35:24] hackrf_sweep stderr: 67 total sweeps completed, 33.41 sweeps/second

[05/06/2025, 13:35:25] hackrf_sweep stderr: 101 total sweeps completed, 33.60 sweeps/second

[05/06/2025, 13:35:26] hackrf_sweep stderr: 135 total sweeps completed, 33.69 sweeps/second

[05/06/2025, 13:35:27] hackrf_sweep for band 5.8GHz timed out and was killed
[05/06/2025, 13:35:27] hackrf_sweep stderr: Caught signal 15

Exiting...
Total sweeps: 168 in 4.97637 seconds (33.69 sweeps/second)

[05/06/2025, 13:35:27] hackrf_sweep stderr: hackrf_close() done

[05/06/2025, 13:35:27] hackrf_sweep stderr: hackrf_exit() done
exit

[05/06/2025, 13:35:27] hackrf_sweep closed with code: 0
[05/06/2025, 13:35:27] All bands scanned, total frequencies: 24288
[05/06/2025, 13:35:33] Band 5.8GHz (5625-5850 MHz)
[05/06/2025, 13:35:33] Average power for 5.8GHz: -61.7 dBm
[05/06/2025, 13:35:33] No alert for 5.8GHz: avgPower -61.7 dBm <= -60.6 dBm
[05/06/2025, 13:35:33] [13:35:27] OK — ничего подозрительного
[05/06/2025, 13:35:35] Starting new sweep cycle
[05/06/2025, 13:35:35] Processing band 5.8GHz (1/1)
[05/06/2025, 13:35:35] Starting hackrf_sweep for band: 5.8GHz (5625:5850 MHz)
[05/06/2025, 13:35:35] hackrf_sweep stderr: call hackrf_sample_rate_set(20.000 MHz)

[05/06/2025, 13:35:35] hackrf_sweep stderr: call hackrf_baseband_filter_bandwidth_set(15.000 MHz)

[05/06/2025, 13:35:35] hackrf_sweep stderr: Sweeping from 5625 MHz to 5865 MHz

[05/06/2025, 13:35:35] hackrf_sweep stderr: Stop with Ctrl-C

[05/06/2025, 13:35:36] hackrf_sweep stderr: 33 total sweeps completed, 32.96 sweeps/second

[05/06/2025, 13:35:37] hackrf_sweep stderr: 67 total sweeps completed, 33.46 sweeps/second

[05/06/2025, 13:35:38] hackrf_sweep stderr: 101 total sweeps completed, 33.63 sweeps/second

[05/06/2025, 13:35:39] hackrf_sweep stderr: 135 total sweeps completed, 33.71 sweeps/second

[05/06/2025, 13:35:40] hackrf_sweep for band 5.8GHz timed out and was killed
[05/06/2025, 13:35:40] hackrf_sweep stderr: Caught signal 15

Exiting...
Total sweeps: 168 in 4.97517 seconds (33.71 sweeps/second)

[05/06/2025, 13:35:40] hackrf_sweep stderr: hackrf_close() done

[05/06/2025, 13:35:40] hackrf_sweep stderr: hackrf_exit() done
exit

[05/06/2025, 13:35:40] hackrf_sweep closed with code: 0
[05/06/2025, 13:35:40] All bands scanned, total frequencies: 24288
[05/06/2025, 13:35:44] Band 5.8GHz (5625-5850 MHz)
[05/06/2025, 13:35:44] Average power for 5.8GHz: -61.7 dBm
[05/06/2025, 13:35:44] No alert for 5.8GHz: avgPower -61.7 dBm <= -60.6 dBm
[05/06/2025, 13:35:44] [13:35:40] OK — ничего подозрительного
[05/06/2025, 13:35:46] Starting new sweep cycle
[05/06/2025, 13:35:46] Processing band 5.8GHz (1/1)
[05/06/2025, 13:35:46] Starting hackrf_sweep for band: 5.8GHz (5625:5850 MHz)
[05/06/2025, 13:35:46] hackrf_sweep stderr: call hackrf_sample_rate_set(20.000 MHz)

[05/06/2025, 13:35:46] hackrf_sweep stderr: call hackrf_baseband_filter_bandwidth_set(15.000 MHz)

[05/06/2025, 13:35:46] hackrf_sweep stderr: Sweeping from 5625 MHz to 5865 MHz

[05/06/2025, 13:35:46] hackrf_sweep stderr: Stop with Ctrl-C

[05/06/2025, 13:35:47] hackrf_sweep stderr: 33 total sweeps completed, 32.96 sweeps/second

[05/06/2025, 13:35:48] hackrf_sweep stderr: 67 total sweeps completed, 33.46 sweeps/second

[05/06/2025, 13:35:49] hackrf_sweep stderr: 101 total sweeps completed, 33.63 sweeps/second

[05/06/2025, 13:35:50] hackrf_sweep stderr: 135 total sweeps completed, 33.71 sweeps/second

[05/06/2025, 13:35:51] hackrf_sweep for band 5.8GHz timed out and was killed
[05/06/2025, 13:35:51] hackrf_sweep stderr: Caught signal 15

Exiting...
Total sweeps: 168 in 4.97499 seconds (33.71 sweeps/second)

[05/06/2025, 13:35:51] hackrf_sweep stderr: hackrf_close() done

[05/06/2025, 13:35:51] hackrf_sweep stderr: hackrf_exit() done
exit

[05/06/2025, 13:35:51] hackrf_sweep closed with code: 0
[05/06/2025, 13:35:51] All bands scanned, total frequencies: 24288
[05/06/2025, 13:35:56] Band 5.8GHz (5625-5850 MHz)
[05/06/2025, 13:35:56] Average power for 5.8GHz: -60.1 dBm
[05/06/2025, 13:35:56] Activating ALERT_PIN
[05/06/2025, 13:35:56] [13:35:51] 🛸 Дрон у диапазоне 5.8GHz (5625–5850 MHz). Мощность: -60.1 dB
[05/06/2025, 13:35:58] Deactivating ALERT_PIN
[05/06/2025, 13:35:58] Starting new sweep cycle
[05/06/2025, 13:35:58] Processing band 5.8GHz (1/1)
[05/06/2025, 13:35:58] Starting hackrf_sweep for band: 5.8GHz (5625:5850 MHz)
[05/06/2025, 13:35:58] hackrf_sweep stderr: call hackrf_sample_rate_set(20.000 MHz)

[05/06/2025, 13:35:58] hackrf_sweep stderr: call hackrf_baseband_filter_bandwidth_set(15.000 MHz)

[05/06/2025, 13:35:58] hackrf_sweep stderr: Sweeping from 5625 MHz to 5865 MHz

[05/06/2025, 13:35:58] hackrf_sweep stderr: Stop with Ctrl-C

[05/06/2025, 13:35:59] hackrf_sweep stderr: 33 total sweeps completed, 32.96 sweeps/second

[05/06/2025, 13:36:00] hackrf_sweep stderr: 67 total sweeps completed, 33.46 sweeps/second

[05/06/2025, 13:36:01] hackrf_sweep stderr: 101 total sweeps completed, 33.63 sweeps/second

[05/06/2025, 13:36:02] hackrf_sweep stderr: 135 total sweeps completed, 33.71 sweeps/second

[05/06/2025, 13:36:03] hackrf_sweep for band 5.8GHz timed out and was killed
[05/06/2025, 13:36:03] hackrf_sweep stderr: Caught signal 15

Exiting...
Total sweeps: 168 in 4.97498 seconds (33.71 sweeps/second)

[05/06/2025, 13:36:03] hackrf_sweep stderr: hackrf_close() done

[05/06/2025, 13:36:03] hackrf_sweep stderr: hackrf_exit() done
exit

[05/06/2025, 13:36:03] hackrf_sweep closed with code: 0
[05/06/2025, 13:36:03] All bands scanned, total frequencies: 24288
[05/06/2025, 13:36:08] Band 5.8GHz (5625-5850 MHz)
[05/06/2025, 13:36:08] Average power for 5.8GHz: -60.2 dBm
[05/06/2025, 13:36:08] Activating ALERT_PIN
[05/06/2025, 13:36:08] [13:36:03] 🛸 Дрон у диапазоне 5.8GHz (5625–5850 MHz). Мощность: -60.2 dB
[05/06/2025, 13:36:10] Deactivating ALERT_PIN
[05/06/2025, 13:36:10] Starting new sweep cycle
[05/06/2025, 13:36:10] Processing band 5.8GHz (1/1)
[05/06/2025, 13:36:10] Starting hackrf_sweep for band: 5.8GHz (5625:5850 MHz)
[05/06/2025, 13:36:10] hackrf_sweep stderr: call hackrf_sample_rate_set(20.000 MHz)

[05/06/2025, 13:36:10] hackrf_sweep stderr: call hackrf_baseband_filter_bandwidth_set(15.000 MHz)

[05/06/2025, 13:36:10] hackrf_sweep stderr: Sweeping from 5625 MHz to 5865 MHz

[05/06/2025, 13:36:10] hackrf_sweep stderr: Stop with Ctrl-C

[05/06/2025, 13:36:11] hackrf_sweep stderr: 33 total sweeps completed, 32.96 sweeps/second

[05/06/2025, 13:36:12] hackrf_sweep stderr: 67 total sweeps completed, 33.46 sweeps/second

[05/06/2025, 13:36:13] hackrf_sweep stderr: 101 total sweeps completed, 33.62 sweeps/second

[05/06/2025, 13:36:14] hackrf_sweep stderr: 135 total sweeps completed, 33.70 sweeps/second

[05/06/2025, 13:36:15] hackrf_sweep for band 5.8GHz timed out and was killed
[05/06/2025, 13:36:15] hackrf_sweep stderr: Caught signal 15

Exiting...
Total sweeps: 168 in 4.97395 seconds (33.70 sweeps/second)

[05/06/2025, 13:36:15] hackrf_sweep stderr: hackrf_close() done

[05/06/2025, 13:36:15] hackrf_sweep stderr: hackrf_exit() done
exit

[05/06/2025, 13:36:15] hackrf_sweep closed with code: 0
[05/06/2025, 13:36:15] All bands scanned, total frequencies: 24288
[05/06/2025, 13:36:19] Band 5.8GHz (5625-5850 MHz)
[05/06/2025, 13:36:19] Average power for 5.8GHz: -60.1 dBm
[05/06/2025, 13:36:19] Activating ALERT_PIN
[05/06/2025, 13:36:19] [13:36:15] 🛸 Дрон у диапазоне 5.8GHz (5625–5850 MHz). Мощность: -60.1 dB
[05/06/2025, 13:36:21] Deactivating ALERT_PIN
[05/06/2025, 13:36:22] Starting new sweep cycle
[05/06/2025, 13:36:22] Processing band 5.8GHz (1/1)
[05/06/2025, 13:36:22] Starting hackrf_sweep for band: 5.8GHz (5625:5850 MHz)
[05/06/2025, 13:36:22] hackrf_sweep stderr: call hackrf_sample_rate_set(20.000 MHz)

[05/06/2025, 13:36:22] hackrf_sweep stderr: call hackrf_baseband_filter_bandwidth_set(15.000 MHz)

[05/06/2025, 13:36:22] hackrf_sweep stderr: Sweeping from 5625 MHz to 5865 MHz

[05/06/2025, 13:36:22] hackrf_sweep stderr: Stop with Ctrl-C

[05/06/2025, 13:36:23] hackrf_sweep stderr: 33 total sweeps completed, 32.96 sweeps/second

[05/06/2025, 13:36:24] hackrf_sweep stderr: 67 total sweeps completed, 33.46 sweeps/second

[05/06/2025, 13:36:25] hackrf_sweep stderr: 101 total sweeps completed, 33.63 sweeps/second

[05/06/2025, 13:36:26] hackrf_sweep stderr: 135 total sweeps completed, 33.71 sweeps/second

[05/06/2025, 13:36:27] hackrf_sweep for band 5.8GHz timed out and was killed
[05/06/2025, 13:36:27] hackrf_sweep stderr: Caught signal 15

Exiting...
Total sweeps: 168 in 4.97410 seconds (33.71 sweeps/second)

[05/06/2025, 13:36:27] hackrf_sweep stderr: hackrf_close() done

[05/06/2025, 13:36:27] hackrf_sweep stderr: hackrf_exit() done
exit

[05/06/2025, 13:36:27] hackrf_sweep closed with code: 0
[05/06/2025, 13:36:27] All bands scanned, total frequencies: 24288
[05/06/2025, 13:36:31] Band 5.8GHz (5625-5850 MHz)
[05/06/2025, 13:36:31] Average power for 5.8GHz: -60.3 dBm
[05/06/2025, 13:36:31] Activating ALERT_PIN
[05/06/2025, 13:36:31] [13:36:27] 🛸 Дрон у диапазоне 5.8GHz (5625–5850 MHz). Мощность: -60.3 dB
[05/06/2025, 13:36:33] Deactivating ALERT_PIN
[05/06/2025, 13:36:33] Starting new sweep cycle
[05/06/2025, 13:36:33] Processing band 5.8GHz (1/1)
[05/06/2025, 13:36:33] Starting hackrf_sweep for band: 5.8GHz (5625:5850 MHz)
[05/06/2025, 13:36:33] hackrf_sweep stderr: call hackrf_sample_rate_set(20.000 MHz)

[05/06/2025, 13:36:33] hackrf_sweep stderr: call hackrf_baseband_filter_bandwidth_set(15.000 MHz)

[05/06/2025, 13:36:33] hackrf_sweep stderr: Sweeping from 5625 MHz to 5865 MHz

[05/06/2025, 13:36:33] hackrf_sweep stderr: Stop with Ctrl-C

[05/06/2025, 13:36:34] hackrf_sweep stderr: 33 total sweeps completed, 32.96 sweeps/second

[05/06/2025, 13:36:35] hackrf_sweep stderr: 67 total sweeps completed, 33.46 sweeps/second

[05/06/2025, 13:36:36] hackrf_sweep stderr: 101 total sweeps completed, 33.63 sweeps/second

[05/06/2025, 13:36:37] hackrf_sweep stderr: 135 total sweeps completed, 33.71 sweeps/second

[05/06/2025, 13:36:38] hackrf_sweep for band 5.8GHz timed out and was killed
[05/06/2025, 13:36:38] hackrf_sweep stderr: Caught signal 15

Exiting...
Total sweeps: 168 in 4.97495 seconds (33.71 sweeps/second)

[05/06/2025, 13:36:38] hackrf_sweep stderr: hackrf_close() done

[05/06/2025, 13:36:38] hackrf_sweep stderr: hackrf_exit() done
exit

[05/06/2025, 13:36:38] hackrf_sweep closed with code: 0
[05/06/2025, 13:36:38] All bands scanned, total frequencies: 24288
[05/06/2025, 13:36:43] Band 5.8GHz (5625-5850 MHz)
[05/06/2025, 13:36:43] Average power for 5.8GHz: -60.2 dBm
[05/06/2025, 13:36:43] Activating ALERT_PIN
[05/06/2025, 13:36:43] [13:36:38] 🛸 Дрон у диапазоне 5.8GHz (5625–5850 MHz). Мощность: -60.2 dB
[05/06/2025, 13:36:45] Deactivating ALERT_PIN
[05/06/2025, 13:36:45] Starting new sweep cycle
[05/06/2025, 13:36:45] Processing band 5.8GHz (1/1)
[05/06/2025, 13:36:45] Starting hackrf_sweep for band: 5.8GHz (5625:5850 MHz)
[05/06/2025, 13:36:45] hackrf_sweep stderr: call hackrf_sample_rate_set(20.000 MHz)

[05/06/2025, 13:36:45] hackrf_sweep stderr: call hackrf_baseband_filter_bandwidth_set(15.000 MHz)

[05/06/2025, 13:36:45] hackrf_sweep stderr: Sweeping from 5625 MHz to 5865 MHz

[05/06/2025, 13:36:45] hackrf_sweep stderr: Stop with Ctrl-C

[05/06/2025, 13:36:46] hackrf_sweep stderr: 33 total sweeps completed, 32.96 sweeps/second

[05/06/2025, 13:36:47] hackrf_sweep stderr: 67 total sweeps completed, 33.46 sweeps/second

[05/06/2025, 13:36:48] hackrf_sweep stderr: 101 total sweeps completed, 33.63 sweeps/second

[05/06/2025, 13:36:49] hackrf_sweep stderr: 135 total sweeps completed, 33.71 sweeps/second

[05/06/2025, 13:36:50] hackrf_sweep for band 5.8GHz timed out and was killed
[05/06/2025, 13:36:50] hackrf_sweep stderr: Caught signal 15

Exiting...
Total sweeps: 168 in 4.97511 seconds (33.71 sweeps/second)

[05/06/2025, 13:36:50] hackrf_sweep stderr: hackrf_close() done

[05/06/2025, 13:36:50] hackrf_sweep stderr: hackrf_exit() done
exit

[05/06/2025, 13:36:50] hackrf_sweep closed with code: 0
[05/06/2025, 13:36:50] All bands scanned, total frequencies: 24288
[05/06/2025, 13:36:55] Band 5.8GHz (5625-5850 MHz)
[05/06/2025, 13:36:55] Average power for 5.8GHz: -60.2 dBm
[05/06/2025, 13:36:55] Activating ALERT_PIN
[05/06/2025, 13:36:55] [13:36:50] 🛸 Дрон у диапазоне 5.8GHz (5625–5850 MHz). Мощность: -60.2 dB
[05/06/2025, 13:36:57] Deactivating ALERT_PIN
[05/06/2025, 13:36:57] Starting new sweep cycle
[05/06/2025, 13:36:57] Processing band 5.8GHz (1/1)
[05/06/2025, 13:36:57] Starting hackrf_sweep for band: 5.8GHz (5625:5850 MHz)
[05/06/2025, 13:36:57] hackrf_sweep stderr: call hackrf_sample_rate_set(20.000 MHz)

[05/06/2025, 13:36:57] hackrf_sweep stderr: call hackrf_baseband_filter_bandwidth_set(15.000 MHz)

[05/06/2025, 13:36:57] hackrf_sweep stderr: Sweeping from 5625 MHz to 5865 MHz

[05/06/2025, 13:36:57] hackrf_sweep stderr: Stop with Ctrl-C

[05/06/2025, 13:36:58] hackrf_sweep stderr: 33 total sweeps completed, 32.96 sweeps/second

[05/06/2025, 13:36:59] hackrf_sweep stderr: 67 total sweeps completed, 33.46 sweeps/second

[05/06/2025, 13:37:00] hackrf_sweep stderr: 101 total sweeps completed, 33.63 sweeps/second

[05/06/2025, 13:37:01] hackrf_sweep stderr: 135 total sweeps completed, 33.71 sweeps/second

[05/06/2025, 13:37:02] hackrf_sweep for band 5.8GHz timed out and was killed
[05/06/2025, 13:37:02] hackrf_sweep stderr: Caught signal 15

Exiting...
Total sweeps: 168 in 4.97404 seconds (33.71 sweeps/second)

[05/06/2025, 13:37:02] hackrf_sweep stderr: hackrf_close() done

[05/06/2025, 13:37:02] hackrf_sweep stderr: hackrf_exit() done
exit

[05/06/2025, 13:37:02] hackrf_sweep closed with code: 0
[05/06/2025, 13:37:02] All bands scanned, total frequencies: 24288
[05/06/2025, 13:37:07] Band 5.8GHz (5625-5850 MHz)
[05/06/2025, 13:37:07] Average power for 5.8GHz: -60.2 dBm
[05/06/2025, 13:37:07] Activating ALERT_PIN
[05/06/2025, 13:37:07] [13:37:02] 🛸 Дрон у диапазоне 5.8GHz (5625–5850 MHz). Мощность: -60.2 dB
[05/06/2025, 13:37:09] Deactivating ALERT_PIN
[05/06/2025, 13:37:09] Starting new sweep cycle
[05/06/2025, 13:37:09] Processing band 5.8GHz (1/1)
[05/06/2025, 13:37:09] Starting hackrf_sweep for band: 5.8GHz (5625:5850 MHz)
[05/06/2025, 13:37:09] hackrf_sweep stderr: call hackrf_sample_rate_set(20.000 MHz)

[05/06/2025, 13:37:09] hackrf_sweep stderr: call hackrf_baseband_filter_bandwidth_set(15.000 MHz)

[05/06/2025, 13:37:09] hackrf_sweep stderr: Sweeping from 5625 MHz to 5865 MHz

[05/06/2025, 13:37:09] hackrf_sweep stderr: Stop with Ctrl-C

[05/06/2025, 13:37:10] hackrf_sweep stderr: 33 total sweeps completed, 32.96 sweeps/second

[05/06/2025, 13:37:11] hackrf_sweep stderr: 67 total sweeps completed, 33.46 sweeps/second

[05/06/2025, 13:37:12] hackrf_sweep stderr: 101 total sweeps completed, 33.63 sweeps/second

[05/06/2025, 13:37:13] hackrf_sweep stderr: 135 total sweeps completed, 33.71 sweeps/second

[05/06/2025, 13:37:14] hackrf_sweep for band 5.8GHz timed out and was killed
[05/06/2025, 13:37:14] hackrf_sweep stderr: Caught signal 15

Exiting...
Total sweeps: 168 in 4.97493 seconds (33.71 sweeps/second)

[05/06/2025, 13:37:14] hackrf_sweep stderr: hackrf_close() done

[05/06/2025, 13:37:14] hackrf_sweep stderr: hackrf_exit() done
exit

[05/06/2025, 13:37:14] hackrf_sweep closed with code: 0
[05/06/2025, 13:37:14] All bands scanned, total frequencies: 24288
[05/06/2025, 13:37:18] Band 5.8GHz (5625-5850 MHz)
[05/06/2025, 13:37:18] Average power for 5.8GHz: -60.2 dBm
[05/06/2025, 13:37:18] Activating ALERT_PIN
[05/06/2025, 13:37:18] [13:37:14] 🛸 Дрон у диапазоне 5.8GHz (5625–5850 MHz). Мощность: -60.2 dB
[05/06/2025, 13:37:20] Deactivating ALERT_PIN
[05/06/2025, 13:37:20] Starting new sweep cycle
[05/06/2025, 13:37:20] Processing band 5.8GHz (1/1)
[05/06/2025, 13:37:20] Starting hackrf_sweep for band: 5.8GHz (5625:5850 MHz)
[05/06/2025, 13:37:20] hackrf_sweep stderr: call hackrf_sample_rate_set(20.000 MHz)

[05/06/2025, 13:37:20] hackrf_sweep stderr: call hackrf_baseband_filter_bandwidth_set(15.000 MHz)

[05/06/2025, 13:37:20] hackrf_sweep stderr: Sweeping from 5625 MHz to 5865 MHz

[05/06/2025, 13:37:20] hackrf_sweep stderr: Stop with Ctrl-C

[05/06/2025, 13:37:21] hackrf_sweep stderr: 33 total sweeps completed, 32.96 sweeps/second

[05/06/2025, 13:37:22] hackrf_sweep stderr: 67 total sweeps completed, 33.46 sweeps/second

[05/06/2025, 13:37:23] hackrf_sweep stderr: 101 total sweeps completed, 33.63 sweeps/second

[05/06/2025, 13:37:24] hackrf_sweep stderr: 135 total sweeps completed, 33.71 sweeps/second

[05/06/2025, 13:37:25] hackrf_sweep for band 5.8GHz timed out and was killed
[05/06/2025, 13:37:25] hackrf_sweep stderr: Caught signal 15

Exiting...
Total sweeps: 168 in 4.97395 seconds (33.71 sweeps/second)

[05/06/2025, 13:37:25] hackrf_sweep stderr: hackrf_close() done

[05/06/2025, 13:37:25] hackrf_sweep stderr: hackrf_exit() done
exit

[05/06/2025, 13:37:25] hackrf_sweep closed with code: 0
[05/06/2025, 13:37:25] All bands scanned, total frequencies: 24288
[05/06/2025, 13:37:30] Band 5.8GHz (5625-5850 MHz)
[05/06/2025, 13:37:30] Average power for 5.8GHz: -60.4 dBm
[05/06/2025, 13:37:30] Activating ALERT_PIN
[05/06/2025, 13:37:30] [13:37:25] 🛸 Дрон у диапазоне 5.8GHz (5625–5850 MHz). Мощность: -60.4 dB
[05/06/2025, 13:37:32] Deactivating ALERT_PIN
[05/06/2025, 13:37:32] Starting new sweep cycle
[05/06/2025, 13:37:32] Processing band 5.8GHz (1/1)
[05/06/2025, 13:37:32] Starting hackrf_sweep for band: 5.8GHz (5625:5850 MHz)
[05/06/2025, 13:37:32] hackrf_sweep stderr: call hackrf_sample_rate_set(20.000 MHz)

[05/06/2025, 13:37:32] hackrf_sweep stderr: call hackrf_baseband_filter_bandwidth_set(15.000 MHz)

[05/06/2025, 13:37:32] hackrf_sweep stderr: Sweeping from 5625 MHz to 5865 MHz

[05/06/2025, 13:37:32] hackrf_sweep stderr: Stop with Ctrl-C

[05/06/2025, 13:37:33] hackrf_sweep stderr: 33 total sweeps completed, 32.96 sweeps/second

[05/06/2025, 13:37:34] hackrf_sweep stderr: 67 total sweeps completed, 33.46 sweeps/second

[05/06/2025, 13:37:35] hackrf_sweep stderr: 101 total sweeps completed, 33.63 sweeps/second

[05/06/2025, 13:37:36] hackrf_sweep stderr: 135 total sweeps completed, 33.71 sweeps/second

[05/06/2025, 13:37:37] hackrf_sweep for band 5.8GHz timed out and was killed
[05/06/2025, 13:37:37] hackrf_sweep stderr: Caught signal 15

Exiting...
Total sweeps: 167 in 4.97293 seconds (33.71 sweeps/second)

[05/06/2025, 13:37:37] hackrf_sweep stderr: hackrf_close() done

[05/06/2025, 13:37:37] hackrf_sweep stderr: hackrf_exit() done
exit

[05/06/2025, 13:37:37] hackrf_sweep closed with code: 0
[05/06/2025, 13:37:37] All bands scanned, total frequencies: 24192
[05/06/2025, 13:37:42] Band 5.8GHz (5625-5850 MHz)
[05/06/2025, 13:37:42] Average power for 5.8GHz: -61.7 dBm
[05/06/2025, 13:37:42] No alert for 5.8GHz: avgPower -61.7 dBm <= -60.6 dBm
[05/06/2025, 13:37:42] [13:37:37] OK — ничего подозрительного
[05/06/2025, 13:37:44] Starting new sweep cycle
[05/06/2025, 13:37:44] Processing band 5.8GHz (1/1)
[05/06/2025, 13:37:44] Starting hackrf_sweep for band: 5.8GHz (5625:5850 MHz)
[05/06/2025, 13:37:44] hackrf_sweep stderr: call hackrf_sample_rate_set(20.000 MHz)

[05/06/2025, 13:37:44] hackrf_sweep stderr: call hackrf_baseband_filter_bandwidth_set(15.000 MHz)

[05/06/2025, 13:37:44] hackrf_sweep stderr: Sweeping from 5625 MHz to 5865 MHz

[05/06/2025, 13:37:44] hackrf_sweep stderr: Stop with Ctrl-C

[05/06/2025, 13:37:45] hackrf_sweep stderr: 33 total sweeps completed, 32.96 sweeps/second

[05/06/2025, 13:37:46] hackrf_sweep stderr: 67 total sweeps completed, 33.46 sweeps/second

[05/06/2025, 13:37:47] hackrf_sweep stderr: 101 total sweeps completed, 33.63 sweeps/second

[05/06/2025, 13:37:48] hackrf_sweep stderr: 135 total sweeps completed, 33.71 sweeps/second

[05/06/2025, 13:37:49] hackrf_sweep for band 5.8GHz timed out and was killed
[05/06/2025, 13:37:49] hackrf_sweep stderr: Caught signal 15

Exiting...
Total sweeps: 168 in 4.97499 seconds (33.71 sweeps/second)

[05/06/2025, 13:37:49] hackrf_sweep stderr: hackrf_close() done

[05/06/2025, 13:37:49] hackrf_sweep stderr: hackrf_exit() done
exit

[05/06/2025, 13:37:49] hackrf_sweep closed with code: 0
[05/06/2025, 13:37:49] All bands scanned, total frequencies: 24288
[05/06/2025, 13:37:54] Band 5.8GHz (5625-5850 MHz)
[05/06/2025, 13:37:54] Average power for 5.8GHz: -61.7 dBm
[05/06/2025, 13:37:54] No alert for 5.8GHz: avgPower -61.7 dBm <= -60.6 dBm
[05/06/2025, 13:37:54] [13:37:49] OK — ничего подозрительного
[05/06/2025, 13:37:56] Starting new sweep cycle
[05/06/2025, 13:37:56] Processing band 5.8GHz (1/1)
[05/06/2025, 13:37:56] Starting hackrf_sweep for band: 5.8GHz (5625:5850 MHz)
[05/06/2025, 13:37:56] hackrf_sweep stderr: call hackrf_sample_rate_set(20.000 MHz)

[05/06/2025, 13:37:56] hackrf_sweep stderr: call hackrf_baseband_filter_bandwidth_set(15.000 MHz)

[05/06/2025, 13:37:56] hackrf_sweep stderr: Sweeping from 5625 MHz to 5865 MHz

[05/06/2025, 13:37:56] hackrf_sweep stderr: Stop with Ctrl-C

[05/06/2025, 13:37:57] hackrf_sweep stderr: 33 total sweeps completed, 32.96 sweeps/second

[05/06/2025, 13:37:58] hackrf_sweep stderr: 67 total sweeps completed, 33.46 sweeps/second

[05/06/2025, 13:37:59] hackrf_sweep stderr: 101 total sweeps completed, 33.63 sweeps/second

[05/06/2025, 13:38:00] hackrf_sweep stderr: 135 total sweeps completed, 33.71 sweeps/second

[05/06/2025, 13:38:01] hackrf_sweep for band 5.8GHz timed out and was killed
[05/06/2025, 13:38:01] hackrf_sweep stderr: Caught signal 15

Exiting...
Total sweeps: 168 in 4.97391 seconds (33.71 sweeps/second)

[05/06/2025, 13:38:01] hackrf_sweep stderr: hackrf_close() done

[05/06/2025, 13:38:01] hackrf_sweep stderr: hackrf_exit() done
exit

[05/06/2025, 13:38:01] hackrf_sweep closed with code: 0
[05/06/2025, 13:38:01] All bands scanned, total frequencies: 24288
[05/06/2025, 13:38:05] Band 5.8GHz (5625-5850 MHz)
[05/06/2025, 13:38:05] Average power for 5.8GHz: -61.8 dBm
[05/06/2025, 13:38:05] No alert for 5.8GHz: avgPower -61.8 dBm <= -60.6 dBm
[05/06/2025, 13:38:05] [13:38:01] OK — ничего подозрительного
[05/06/2025, 13:38:07] Starting new sweep cycle
[05/06/2025, 13:38:07] Processing band 5.8GHz (1/1)
[05/06/2025, 13:38:07] Starting hackrf_sweep for band: 5.8GHz (5625:5850 MHz)
[05/06/2025, 13:38:08] hackrf_sweep stderr: call hackrf_sample_rate_set(20.000 MHz)

[05/06/2025, 13:38:08] hackrf_sweep stderr: call hackrf_baseband_filter_bandwidth_set(15.000 MHz)

[05/06/2025, 13:38:08] hackrf_sweep stderr: Sweeping from 5625 MHz to 5865 MHz

[05/06/2025, 13:38:08] hackrf_sweep stderr: Stop with Ctrl-C

[05/06/2025, 13:38:09] hackrf_sweep stderr: 33 total sweeps completed, 32.96 sweeps/second

[05/06/2025, 13:38:10] hackrf_sweep stderr: 67 total sweeps completed, 33.46 sweeps/second

[05/06/2025, 13:38:11] hackrf_sweep stderr: 101 total sweeps completed, 33.63 sweeps/second

[05/06/2025, 13:38:12] hackrf_sweep stderr: 135 total sweeps completed, 33.71 sweeps/second

[05/06/2025, 13:38:12] hackrf_sweep for band 5.8GHz timed out and was killed
[05/06/2025, 13:38:12] hackrf_sweep stderr: Caught signal 15

Exiting...
Total sweeps: 168 in 4.97435 seconds (33.71 sweeps/second)

[05/06/2025, 13:38:12] hackrf_sweep stderr: hackrf_close() done

[05/06/2025, 13:38:12] hackrf_sweep stderr: hackrf_exit() done
exit

[05/06/2025, 13:38:12] hackrf_sweep closed with code: 0
[05/06/2025, 13:38:12] All bands scanned, total frequencies: 24288
[05/06/2025, 13:38:17] Band 5.8GHz (5625-5850 MHz)
[05/06/2025, 13:38:17] Average power for 5.8GHz: -61.8 dBm
[05/06/2025, 13:38:17] No alert for 5.8GHz: avgPower -61.8 dBm <= -60.6 dBm
[05/06/2025, 13:38:17] [13:38:12] OK — ничего подозрительного
[05/06/2025, 13:38:19] Starting new sweep cycle
[05/06/2025, 13:38:19] Processing band 5.8GHz (1/1)
[05/06/2025, 13:38:19] Starting hackrf_sweep for band: 5.8GHz (5625:5850 MHz)
[05/06/2025, 13:38:19] hackrf_sweep stderr: call hackrf_sample_rate_set(20.000 MHz)

[05/06/2025, 13:38:19] hackrf_sweep stderr: call hackrf_baseband_filter_bandwidth_set(15.000 MHz)

[05/06/2025, 13:38:19] hackrf_sweep stderr: Sweeping from 5625 MHz to 5865 MHz

[05/06/2025, 13:38:19] hackrf_sweep stderr: Stop with Ctrl-C

[05/06/2025, 13:38:20] hackrf_sweep stderr: 33 total sweeps completed, 32.96 sweeps/second

[05/06/2025, 13:38:21] hackrf_sweep stderr: 67 total sweeps completed, 33.46 sweeps/second

[05/06/2025, 13:38:22] hackrf_sweep stderr: 101 total sweeps completed, 33.63 sweeps/second

[05/06/2025, 13:38:23] hackrf_sweep stderr: 135 total sweeps completed, 33.71 sweeps/second

[05/06/2025, 13:38:24] hackrf_sweep for band 5.8GHz timed out and was killed
[05/06/2025, 13:38:24] hackrf_sweep stderr: Caught signal 15

Exiting...
Total sweeps: 168 in 4.97394 seconds (33.71 sweeps/second)

[05/06/2025, 13:38:24] hackrf_sweep stderr: hackrf_close() done

[05/06/2025, 13:38:24] hackrf_sweep stderr: hackrf_exit() done
exit

[05/06/2025, 13:38:24] hackrf_sweep closed with code: 0
[05/06/2025, 13:38:24] All bands scanned, total frequencies: 24288
[05/06/2025, 13:38:29] Band 5.8GHz (5625-5850 MHz)
[05/06/2025, 13:38:29] Average power for 5.8GHz: -61.7 dBm
[05/06/2025, 13:38:29] No alert for 5.8GHz: avgPower -61.7 dBm <= -60.6 dBm
[05/06/2025, 13:38:29] [13:38:24] OK — ничего подозрительного
[05/06/2025, 13:38:31] Starting new sweep cycle
[05/06/2025, 13:38:31] Processing band 5.8GHz (1/1)
[05/06/2025, 13:38:31] Starting hackrf_sweep for band: 5.8GHz (5625:5850 MHz)
[05/06/2025, 13:38:31] hackrf_sweep stderr: call hackrf_sample_rate_set(20.000 MHz)

[05/06/2025, 13:38:31] hackrf_sweep stderr: call hackrf_baseband_filter_bandwidth_set(15.000 MHz)

[05/06/2025, 13:38:31] hackrf_sweep stderr: Sweeping from 5625 MHz to 5865 MHz

[05/06/2025, 13:38:31] hackrf_sweep stderr: Stop with Ctrl-C

[05/06/2025, 13:38:32] hackrf_sweep stderr: 33 total sweeps completed, 32.96 sweeps/second

[05/06/2025, 13:38:33] hackrf_sweep stderr: 67 total sweeps completed, 33.46 sweeps/second

[05/06/2025, 13:38:34] hackrf_sweep stderr: 101 total sweeps completed, 33.63 sweeps/second

[05/06/2025, 13:38:35] hackrf_sweep stderr: 135 total sweeps completed, 33.71 sweeps/second

[05/06/2025, 13:38:36] hackrf_sweep for band 5.8GHz timed out and was killed
[05/06/2025, 13:38:36] hackrf_sweep stderr: Caught signal 15

Exiting...
Total sweeps: 168 in 4.97502 seconds (33.71 sweeps/second)

[05/06/2025, 13:38:36] hackrf_sweep stderr: hackrf_close() done

[05/06/2025, 13:38:36] hackrf_sweep stderr: hackrf_exit() done
exit

[05/06/2025, 13:38:36] hackrf_sweep closed with code: 0
[05/06/2025, 13:38:36] All bands scanned, total frequencies: 24288
[05/06/2025, 13:38:41] Band 5.8GHz (5625-5850 MHz)
[05/06/2025, 13:38:41] Average power for 5.8GHz: -60.0 dBm
[05/06/2025, 13:38:41] Activating ALERT_PIN
[05/06/2025, 13:38:41] [13:38:36] 🛸 Дрон у диапазоне 5.8GHz (5625–5850 MHz). Мощность: -60.0 dB
[05/06/2025, 13:38:43] Deactivating ALERT_PIN
[05/06/2025, 13:38:43] Starting new sweep cycle
[05/06/2025, 13:38:43] Processing band 5.8GHz (1/1)
[05/06/2025, 13:38:43] Starting hackrf_sweep for band: 5.8GHz (5625:5850 MHz)
[05/06/2025, 13:38:43] hackrf_sweep stderr: call hackrf_sample_rate_set(20.000 MHz)

[05/06/2025, 13:38:43] hackrf_sweep stderr: call hackrf_baseband_filter_bandwidth_set(15.000 MHz)

[05/06/2025, 13:38:43] hackrf_sweep stderr: Sweeping from 5625 MHz to 5865 MHz

[05/06/2025, 13:38:43] hackrf_sweep stderr: Stop with Ctrl-C

[05/06/2025, 13:38:44] hackrf_sweep stderr: 33 total sweeps completed, 32.96 sweeps/second

[05/06/2025, 13:38:45] hackrf_sweep stderr: 67 total sweeps completed, 33.46 sweeps/second

[05/06/2025, 13:38:46] hackrf_sweep stderr: 101 total sweeps completed, 33.63 sweeps/second

[05/06/2025, 13:38:47] hackrf_sweep stderr: 135 total sweeps completed, 33.71 sweeps/second

[05/06/2025, 13:38:48] hackrf_sweep for band 5.8GHz timed out and was killed
[05/06/2025, 13:38:48] hackrf_sweep stderr: Caught signal 15

Exiting...
Total sweeps: 168 in 4.97401 seconds (33.71 sweeps/second)

[05/06/2025, 13:38:48] hackrf_sweep stderr: hackrf_close() done

[05/06/2025, 13:38:48] hackrf_sweep stderr: hackrf_exit() done
exit

[05/06/2025, 13:38:48] hackrf_sweep closed with code: 0
[05/06/2025, 13:38:48] All bands scanned, total frequencies: 24288
[05/06/2025, 13:38:53] Band 5.8GHz (5625-5850 MHz)
[05/06/2025, 13:38:53] Average power for 5.8GHz: -60.3 dBm
[05/06/2025, 13:38:53] Activating ALERT_PIN
[05/06/2025, 13:38:53] [13:38:48] 🛸 Дрон у диапазоне 5.8GHz (5625–5850 MHz). Мощность: -60.3 dB
[05/06/2025, 13:38:55] Deactivating ALERT_PIN
[05/06/2025, 13:38:55] Starting new sweep cycle
[05/06/2025, 13:38:55] Processing band 5.8GHz (1/1)
[05/06/2025, 13:38:55] Starting hackrf_sweep for band: 5.8GHz (5625:5850 MHz)
[05/06/2025, 13:38:55] hackrf_sweep stderr: call hackrf_sample_rate_set(20.000 MHz)

[05/06/2025, 13:38:55] hackrf_sweep stderr: call hackrf_baseband_filter_bandwidth_set(15.000 MHz)

[05/06/2025, 13:38:55] hackrf_sweep stderr: Sweeping from 5625 MHz to 5865 MHz

[05/06/2025, 13:38:55] hackrf_sweep stderr: Stop with Ctrl-C

[05/06/2025, 13:38:56] hackrf_sweep stderr: 33 total sweeps completed, 32.96 sweeps/second

[05/06/2025, 13:38:57] hackrf_sweep stderr: 67 total sweeps completed, 33.46 sweeps/second

[05/06/2025, 13:38:58] hackrf_sweep stderr: 101 total sweeps completed, 33.63 sweeps/second

[05/06/2025, 13:38:59] hackrf_sweep stderr: 135 total sweeps completed, 33.71 sweeps/second

[05/06/2025, 13:39:00] hackrf_sweep for band 5.8GHz timed out and was killed
[05/06/2025, 13:39:00] hackrf_sweep stderr: Caught signal 15

Exiting...
Total sweeps: 168 in 4.97402 seconds (33.71 sweeps/second)

[05/06/2025, 13:39:00] hackrf_sweep stderr: hackrf_close() done
hackrf_exit() done
exit

[05/06/2025, 13:39:00] hackrf_sweep closed with code: 0
[05/06/2025, 13:39:00] All bands scanned, total frequencies: 24288
[05/06/2025, 13:39:04] Band 5.8GHz (5625-5850 MHz)
[05/06/2025, 13:39:04] Average power for 5.8GHz: -60.5 dBm
[05/06/2025, 13:39:04] Activating ALERT_PIN
[05/06/2025, 13:39:04] [13:39:00] 🛸 Дрон у диапазоне 5.8GHz (5625–5850 MHz). Мощность: -60.5 dB
[05/06/2025, 13:39:06] Deactivating ALERT_PIN
[05/06/2025, 13:39:06] Starting new sweep cycle
[05/06/2025, 13:39:06] Processing band 5.8GHz (1/1)
[05/06/2025, 13:39:06] Starting hackrf_sweep for band: 5.8GHz (5625:5850 MHz)
[05/06/2025, 13:39:06] hackrf_sweep stderr: call hackrf_sample_rate_set(20.000 MHz)

[05/06/2025, 13:39:06] hackrf_sweep stderr: call hackrf_baseband_filter_bandwidth_set(15.000 MHz)

[05/06/2025, 13:39:06] hackrf_sweep stderr: Sweeping from 5625 MHz to 5865 MHz

[05/06/2025, 13:39:06] hackrf_sweep stderr: Stop with Ctrl-C

[05/06/2025, 13:39:07] hackrf_sweep stderr: 33 total sweeps completed, 32.96 sweeps/second

[05/06/2025, 13:39:08] hackrf_sweep stderr: 67 total sweeps completed, 33.46 sweeps/second

[05/06/2025, 13:39:09] hackrf_sweep stderr: 101 total sweeps completed, 33.63 sweeps/second

[05/06/2025, 13:39:10] hackrf_sweep stderr: 135 total sweeps completed, 33.71 sweeps/second

[05/06/2025, 13:39:11] hackrf_sweep for band 5.8GHz timed out and was killed
[05/06/2025, 13:39:11] hackrf_sweep stderr: Caught signal 15

Exiting...
Total sweeps: 168 in 4.97497 seconds (33.71 sweeps/second)

[05/06/2025, 13:39:11] hackrf_sweep stderr: hackrf_close() done

[05/06/2025, 13:39:11] hackrf_sweep stderr: hackrf_exit() done
exit

[05/06/2025, 13:39:11] hackrf_sweep closed with code: 0
[05/06/2025, 13:39:11] All bands scanned, total frequencies: 24288
[05/06/2025, 13:39:16] Band 5.8GHz (5625-5850 MHz)
[05/06/2025, 13:39:16] Average power for 5.8GHz: -60.4 dBm
[05/06/2025, 13:39:16] Activating ALERT_PIN
[05/06/2025, 13:39:16] [13:39:11] 🛸 Дрон у диапазоне 5.8GHz (5625–5850 MHz). Мощность: -60.4 dB
[05/06/2025, 13:39:18] Deactivating ALERT_PIN
[05/06/2025, 13:39:18] Starting new sweep cycle
[05/06/2025, 13:39:18] Processing band 5.8GHz (1/1)
[05/06/2025, 13:39:18] Starting hackrf_sweep for band: 5.8GHz (5625:5850 MHz)
[05/06/2025, 13:39:18] hackrf_sweep stderr: call hackrf_sample_rate_set(20.000 MHz)

[05/06/2025, 13:39:18] hackrf_sweep stderr: call hackrf_baseband_filter_bandwidth_set(15.000 MHz)

[05/06/2025, 13:39:18] hackrf_sweep stderr: Sweeping from 5625 MHz to 5865 MHz

[05/06/2025, 13:39:18] hackrf_sweep stderr: Stop with Ctrl-C

[05/06/2025, 13:39:19] hackrf_sweep stderr: 33 total sweeps completed, 32.96 sweeps/second

[05/06/2025, 13:39:20] hackrf_sweep stderr: 67 total sweeps completed, 33.46 sweeps/second

[05/06/2025, 13:39:21] hackrf_sweep stderr: 101 total sweeps completed, 33.63 sweeps/second

[05/06/2025, 13:39:22] hackrf_sweep stderr: 135 total sweeps completed, 33.71 sweeps/second

[05/06/2025, 13:39:23] hackrf_sweep for band 5.8GHz timed out and was killed
[05/06/2025, 13:39:23] hackrf_sweep stderr: Caught signal 15

Exiting...
Total sweeps: 168 in 4.97501 seconds (33.71 sweeps/second)

[05/06/2025, 13:39:23] hackrf_sweep stderr: hackrf_close() done

[05/06/2025, 13:39:23] hackrf_sweep stderr: hackrf_exit() done
exit

[05/06/2025, 13:39:23] hackrf_sweep closed with code: 0
[05/06/2025, 13:39:23] All bands scanned, total frequencies: 24288
[05/06/2025, 13:39:28] Band 5.8GHz (5625-5850 MHz)
[05/06/2025, 13:39:28] Average power for 5.8GHz: -60.3 dBm
[05/06/2025, 13:39:28] Activating ALERT_PIN
[05/06/2025, 13:39:28] [13:39:23] 🛸 Дрон у диапазоне 5.8GHz (5625–5850 MHz). Мощность: -60.3 dB
[05/06/2025, 13:39:30] Deactivating ALERT_PIN
[05/06/2025, 13:39:30] Starting new sweep cycle
[05/06/2025, 13:39:30] Processing band 5.8GHz (1/1)
[05/06/2025, 13:39:30] Starting hackrf_sweep for band: 5.8GHz (5625:5850 MHz)
[05/06/2025, 13:39:30] hackrf_sweep stderr: call hackrf_sample_rate_set(20.000 MHz)

[05/06/2025, 13:39:30] hackrf_sweep stderr: call hackrf_baseband_filter_bandwidth_set(15.000 MHz)

[05/06/2025, 13:39:30] hackrf_sweep stderr: Sweeping from 5625 MHz to 5865 MHz

[05/06/2025, 13:39:30] hackrf_sweep stderr: Stop with Ctrl-C

[05/06/2025, 13:39:31] hackrf_sweep stderr: 33 total sweeps completed, 32.96 sweeps/second

[05/06/2025, 13:39:32] hackrf_sweep stderr: 67 total sweeps completed, 33.46 sweeps/second

[05/06/2025, 13:39:33] hackrf_sweep stderr: 101 total sweeps completed, 33.63 sweeps/second

[05/06/2025, 13:39:34] hackrf_sweep stderr: 135 total sweeps completed, 33.71 sweeps/second

[05/06/2025, 13:39:35] hackrf_sweep for band 5.8GHz timed out and was killed
[05/06/2025, 13:39:35] hackrf_sweep stderr: Caught signal 15

Exiting...
Total sweeps: 168 in 4.97398 seconds (33.71 sweeps/second)

[05/06/2025, 13:39:35] hackrf_sweep stderr: hackrf_close() done

[05/06/2025, 13:39:35] hackrf_sweep stderr: hackrf_exit() done
exit

[05/06/2025, 13:39:35] hackrf_sweep closed with code: 0
[05/06/2025, 13:39:35] All bands scanned, total frequencies: 24288
[05/06/2025, 13:39:40] Band 5.8GHz (5625-5850 MHz)
[05/06/2025, 13:39:40] Average power for 5.8GHz: -60.3 dBm
[05/06/2025, 13:39:40] Activating ALERT_PIN
[05/06/2025, 13:39:40] [13:39:35] 🛸 Дрон у диапазоне 5.8GHz (5625–5850 MHz). Мощность: -60.3 dB
[05/06/2025, 13:39:42] Deactivating ALERT_PIN
[05/06/2025, 13:39:42] Starting new sweep cycle
[05/06/2025, 13:39:42] Processing band 5.8GHz (1/1)
[05/06/2025, 13:39:42] Starting hackrf_sweep for band: 5.8GHz (5625:5850 MHz)
[05/06/2025, 13:39:42] hackrf_sweep stderr: call hackrf_sample_rate_set(20.000 MHz)

[05/06/2025, 13:39:42] hackrf_sweep stderr: call hackrf_baseband_filter_bandwidth_set(15.000 MHz)

[05/06/2025, 13:39:42] hackrf_sweep stderr: Sweeping from 5625 MHz to 5865 MHz

[05/06/2025, 13:39:42] hackrf_sweep stderr: Stop with Ctrl-C

[05/06/2025, 13:39:43] hackrf_sweep stderr: 33 total sweeps completed, 32.96 sweeps/second

[05/06/2025, 13:39:44] hackrf_sweep stderr: 67 total sweeps completed, 33.46 sweeps/second

[05/06/2025, 13:39:45] hackrf_sweep stderr: 101 total sweeps completed, 33.63 sweeps/second

[05/06/2025, 13:39:46] hackrf_sweep stderr: 135 total sweeps completed, 33.71 sweeps/second

[05/06/2025, 13:39:47] hackrf_sweep for band 5.8GHz timed out and was killed
[05/06/2025, 13:39:47] hackrf_sweep stderr: Caught signal 15

Exiting...
Total sweeps: 167 in 4.97295 seconds (33.71 sweeps/second)

[05/06/2025, 13:39:47] hackrf_sweep stderr: hackrf_close() done

[05/06/2025, 13:39:47] hackrf_sweep stderr: hackrf_exit() done
exit

[05/06/2025, 13:39:47] hackrf_sweep closed with code: 0
[05/06/2025, 13:39:47] All bands scanned, total frequencies: 24192
[05/06/2025, 13:39:51] Band 5.8GHz (5625-5850 MHz)
[05/06/2025, 13:39:51] Average power for 5.8GHz: -60.6 dBm
[05/06/2025, 13:39:51] No alert for 5.8GHz: avgPower -60.6 dBm <= -60.6 dBm
[05/06/2025, 13:39:51] [13:39:47] OK — ничего подозрительного
[05/06/2025, 13:39:53] Starting new sweep cycle
[05/06/2025, 13:39:53] Processing band 5.8GHz (1/1)
[05/06/2025, 13:39:53] Starting hackrf_sweep for band: 5.8GHz (5625:5850 MHz)
[05/06/2025, 13:39:53] hackrf_sweep stderr: call hackrf_sample_rate_set(20.000 MHz)

[05/06/2025, 13:39:53] hackrf_sweep stderr: call hackrf_baseband_filter_bandwidth_set(15.000 MHz)

[05/06/2025, 13:39:53] hackrf_sweep stderr: Sweeping from 5625 MHz to 5865 MHz

[05/06/2025, 13:39:53] hackrf_sweep stderr: Stop with Ctrl-C

[05/06/2025, 13:39:54] hackrf_sweep stderr: 33 total sweeps completed, 32.96 sweeps/second

[05/06/2025, 13:39:55] hackrf_sweep stderr: 67 total sweeps completed, 33.46 sweeps/second

[05/06/2025, 13:39:56] hackrf_sweep stderr: 101 total sweeps completed, 33.63 sweeps/second

[05/06/2025, 13:39:57] hackrf_sweep stderr: 135 total sweeps completed, 33.71 sweeps/second

[05/06/2025, 13:39:58] hackrf_sweep for band 5.8GHz timed out and was killed
[05/06/2025, 13:39:58] hackrf_sweep stderr: Caught signal 15

Exiting...
Total sweeps: 168 in 4.97414 seconds (33.71 sweeps/second)

[05/06/2025, 13:39:58] hackrf_sweep stderr: hackrf_close() done

[05/06/2025, 13:39:58] hackrf_sweep stderr: hackrf_exit() done
exit

[05/06/2025, 13:39:58] hackrf_sweep closed with code: 0
[05/06/2025, 13:39:58] All bands scanned, total frequencies: 24288
[05/06/2025, 13:40:03] Band 5.8GHz (5625-5850 MHz)
[05/06/2025, 13:40:03] Average power for 5.8GHz: -60.4 dBm
[05/06/2025, 13:40:03] Activating ALERT_PIN
[05/06/2025, 13:40:03] [13:39:58] 🛸 Дрон у диапазоне 5.8GHz (5625–5850 MHz). Мощность: -60.4 dB
[05/06/2025, 13:40:05] Deactivating ALERT_PIN
[05/06/2025, 13:40:05] Starting new sweep cycle
[05/06/2025, 13:40:05] Processing band 5.8GHz (1/1)
[05/06/2025, 13:40:05] Starting hackrf_sweep for band: 5.8GHz (5625:5850 MHz)
[05/06/2025, 13:40:05] hackrf_sweep stderr: call hackrf_sample_rate_set(20.000 MHz)

[05/06/2025, 13:40:05] hackrf_sweep stderr: call hackrf_baseband_filter_bandwidth_set(15.000 MHz)

[05/06/2025, 13:40:05] hackrf_sweep stderr: Sweeping from 5625 MHz to 5865 MHz

[05/06/2025, 13:40:05] hackrf_sweep stderr: Stop with Ctrl-C

[05/06/2025, 13:40:06] hackrf_sweep stderr: 33 total sweeps completed, 32.96 sweeps/second

[05/06/2025, 13:40:07] hackrf_sweep stderr: 67 total sweeps completed, 33.46 sweeps/second

[05/06/2025, 13:40:08] hackrf_sweep stderr: 101 total sweeps completed, 33.61 sweeps/second

[05/06/2025, 13:40:09] hackrf_sweep stderr: 135 total sweeps completed, 33.70 sweeps/second

[05/06/2025, 13:40:10] hackrf_sweep for band 5.8GHz timed out and was killed
[05/06/2025, 13:40:10] hackrf_sweep stderr: Caught signal 15

Exiting...
Total sweeps: 167 in 4.97294 seconds (33.70 sweeps/second)

[05/06/2025, 13:40:10] hackrf_sweep stderr: hackrf_close() done

[05/06/2025, 13:40:10] hackrf_sweep stderr: hackrf_exit() done
exit

[05/06/2025, 13:40:10] hackrf_sweep closed with code: 0
[05/06/2025, 13:40:10] All bands scanned, total frequencies: 24192
[05/06/2025, 13:40:15] Band 5.8GHz (5625-5850 MHz)
[05/06/2025, 13:40:15] Average power for 5.8GHz: -60.2 dBm
[05/06/2025, 13:40:15] Activating ALERT_PIN
[05/06/2025, 13:40:15] [13:40:10] 🛸 Дрон у диапазоне 5.8GHz (5625–5850 MHz). Мощность: -60.2 dB
[05/06/2025, 13:40:17] Deactivating ALERT_PIN
[05/06/2025, 13:40:17] Starting new sweep cycle
[05/06/2025, 13:40:17] Processing band 5.8GHz (1/1)
[05/06/2025, 13:40:17] Starting hackrf_sweep for band: 5.8GHz (5625:5850 MHz)
[05/06/2025, 13:40:17] hackrf_sweep stderr: call hackrf_sample_rate_set(20.000 MHz)

[05/06/2025, 13:40:17] hackrf_sweep stderr: call hackrf_baseband_filter_bandwidth_set(15.000 MHz)

[05/06/2025, 13:40:17] hackrf_sweep stderr: Sweeping from 5625 MHz to 5865 MHz

[05/06/2025, 13:40:17] hackrf_sweep stderr: Stop with Ctrl-C

[05/06/2025, 13:40:18] hackrf_sweep stderr: 33 total sweeps completed, 32.96 sweeps/second

[05/06/2025, 13:40:19] hackrf_sweep stderr: 67 total sweeps completed, 33.46 sweeps/second

[05/06/2025, 13:40:20] hackrf_sweep stderr: 101 total sweeps completed, 33.63 sweeps/second

[05/06/2025, 13:40:21] hackrf_sweep stderr: 135 total sweeps completed, 33.71 sweeps/second

[05/06/2025, 13:40:22] hackrf_sweep for band 5.8GHz timed out and was killed
[05/06/2025, 13:40:22] hackrf_sweep stderr: Caught signal 15

Exiting...
Total sweeps: 168 in 4.97397 seconds (33.71 sweeps/second)

[05/06/2025, 13:40:22] hackrf_sweep stderr: hackrf_close() done

[05/06/2025, 13:40:22] hackrf_sweep stderr: hackrf_exit() done
exit

[05/06/2025, 13:40:22] hackrf_sweep closed with code: 0
[05/06/2025, 13:40:22] All bands scanned, total frequencies: 24288
[05/06/2025, 13:40:27] Band 5.8GHz (5625-5850 MHz)
[05/06/2025, 13:40:27] Average power for 5.8GHz: -60.3 dBm
[05/06/2025, 13:40:27] Activating ALERT_PIN
[05/06/2025, 13:40:27] [13:40:22] 🛸 Дрон у диапазоне 5.8GHz (5625–5850 MHz). Мощность: -60.3 dB
[05/06/2025, 13:40:29] Deactivating ALERT_PIN
[05/06/2025, 13:40:29] Starting new sweep cycle
[05/06/2025, 13:40:29] Processing band 5.8GHz (1/1)
[05/06/2025, 13:40:29] Starting hackrf_sweep for band: 5.8GHz (5625:5850 MHz)
[05/06/2025, 13:40:29] hackrf_sweep stderr: call hackrf_sample_rate_set(20.000 MHz)

[05/06/2025, 13:40:29] hackrf_sweep stderr: call hackrf_baseband_filter_bandwidth_set(15.000 MHz)

[05/06/2025, 13:40:29] hackrf_sweep stderr: Sweeping from 5625 MHz to 5865 MHz

[05/06/2025, 13:40:29] hackrf_sweep stderr: Stop with Ctrl-C

[05/06/2025, 13:40:30] hackrf_sweep stderr: 33 total sweeps completed, 32.96 sweeps/second

[05/06/2025, 13:40:31] hackrf_sweep stderr: 67 total sweeps completed, 33.46 sweeps/second

[05/06/2025, 13:40:32] hackrf_sweep stderr: 101 total sweeps completed, 33.63 sweeps/second

[05/06/2025, 13:40:33] hackrf_sweep stderr: 135 total sweeps completed, 33.71 sweeps/second

[05/06/2025, 13:40:34] hackrf_sweep for band 5.8GHz timed out and was killed
[05/06/2025, 13:40:34] hackrf_sweep stderr: Caught signal 15

Exiting...
Total sweeps: 168 in 4.97509 seconds (33.71 sweeps/second)

[05/06/2025, 13:40:34] hackrf_sweep stderr: hackrf_close() done

[05/06/2025, 13:40:34] hackrf_sweep stderr: hackrf_exit() done
exit

[05/06/2025, 13:40:34] hackrf_sweep closed with code: 0
[05/06/2025, 13:40:34] All bands scanned, total frequencies: 24288
[05/06/2025, 13:40:38] Band 5.8GHz (5625-5850 MHz)
[05/06/2025, 13:40:38] Average power for 5.8GHz: -60.5 dBm
[05/06/2025, 13:40:38] Activating ALERT_PIN
[05/06/2025, 13:40:38] [13:40:34] 🛸 Дрон у диапазоне 5.8GHz (5625–5850 MHz). Мощность: -60.5 dB
[05/06/2025, 13:40:40] Deactivating ALERT_PIN
[05/06/2025, 13:40:40] Starting new sweep cycle
[05/06/2025, 13:40:40] Processing band 5.8GHz (1/1)
[05/06/2025, 13:40:40] Starting hackrf_sweep for band: 5.8GHz (5625:5850 MHz)
[05/06/2025, 13:40:40] hackrf_sweep stderr: call hackrf_sample_rate_set(20.000 MHz)

[05/06/2025, 13:40:40] hackrf_sweep stderr: call hackrf_baseband_filter_bandwidth_set(15.000 MHz)

[05/06/2025, 13:40:40] hackrf_sweep stderr: Sweeping from 5625 MHz to 5865 MHz

[05/06/2025, 13:40:40] hackrf_sweep stderr: Stop with Ctrl-C

[05/06/2025, 13:40:41] hackrf_sweep stderr: 33 total sweeps completed, 32.96 sweeps/second

[05/06/2025, 13:40:42] hackrf_sweep stderr: 67 total sweeps completed, 33.46 sweeps/second

[05/06/2025, 13:40:43] hackrf_sweep stderr: 101 total sweeps completed, 33.63 sweeps/second

[05/06/2025, 13:40:44] hackrf_sweep stderr: 135 total sweeps completed, 33.71 sweeps/second

[05/06/2025, 13:40:45] hackrf_sweep for band 5.8GHz timed out and was killed
[05/06/2025, 13:40:45] hackrf_sweep stderr: Caught signal 15

Exiting...
Total sweeps: 168 in 4.97584 seconds (33.71 sweeps/second)

[05/06/2025, 13:40:45] hackrf_sweep stderr: hackrf_close() done

[05/06/2025, 13:40:45] hackrf_sweep stderr: hackrf_exit() done
exit

[05/06/2025, 13:40:45] hackrf_sweep closed with code: 0
[05/06/2025, 13:40:45] All bands scanned, total frequencies: 24288
[05/06/2025, 13:40:50] Band 5.8GHz (5625-5850 MHz)
[05/06/2025, 13:40:50] Average power for 5.8GHz: -60.4 dBm
[05/06/2025, 13:40:50] Activating ALERT_PIN
[05/06/2025, 13:40:50] [13:40:45] 🛸 Дрон у диапазоне 5.8GHz (5625–5850 MHz). Мощность: -60.4 dB
[05/06/2025, 13:40:52] Deactivating ALERT_PIN
[05/06/2025, 13:40:52] Starting new sweep cycle
[05/06/2025, 13:40:52] Processing band 5.8GHz (1/1)
[05/06/2025, 13:40:52] Starting hackrf_sweep for band: 5.8GHz (5625:5850 MHz)
[05/06/2025, 13:40:52] hackrf_sweep stderr: call hackrf_sample_rate_set(20.000 MHz)

[05/06/2025, 13:40:52] hackrf_sweep stderr: call hackrf_baseband_filter_bandwidth_set(15.000 MHz)

[05/06/2025, 13:40:52] hackrf_sweep stderr: Sweeping from 5625 MHz to 5865 MHz

[05/06/2025, 13:40:52] hackrf_sweep stderr: Stop with Ctrl-C

[05/06/2025, 13:40:53] hackrf_sweep stderr: 33 total sweeps completed, 32.96 sweeps/second

[05/06/2025, 13:40:54] Exiting script
