[05/06/2025, 14:33:57] Script started
[05/06/2025, 14:33:57] Starting new sweep cycle
[05/06/2025, 14:33:57] Processing band 900MHz (1/1). Threshhold -55.5
[05/06/2025, 14:33:57] Starting hackrf_sweep for band: 900MHz (902:928 MHz)
[05/06/2025, 14:33:57] hackrf_sweep stderr: call hackrf_sample_rate_set(20.000 MHz)

[05/06/2025, 14:33:57] hackrf_sweep stderr: call hackrf_baseband_filter_bandwidth_set(15.000 MHz)

[05/06/2025, 14:33:57] hackrf_sweep stderr: Sweeping from 902 MHz to 942 MHz

[05/06/2025, 14:33:57] hackrf_sweep stderr: Stop with Ctrl-C

[05/06/2025, 14:33:58] hackrf_sweep stderr: 199 total sweeps completed, 198.77 sweeps/second

[05/06/2025, 14:33:59] hackrf_sweep stderr: 403 total sweeps completed, 201.27 sweeps/second

[05/06/2025, 14:34:00] hackrf_sweep stderr: 607 total sweeps completed, 202.10 sweeps/second

[05/06/2025, 14:34:01] hackrf_sweep stderr: 811 total sweeps completed, 202.52 sweeps/second

[05/06/2025, 14:34:02] hackrf_sweep for band 900MHz timed out and was killed
[05/06/2025, 14:34:02] hackrf_sweep stderr: Caught signal 15

Exiting...
Total sweeps: 1011 in 4.97626 seconds (202.52 sweeps/second)

[05/06/2025, 14:34:02] hackrf_sweep stderr: hackrf_close() done

[05/06/2025, 14:34:02] hackrf_sweep stderr: hackrf_exit() done
exit

[05/06/2025, 14:34:02] hackrf_sweep closed with code: 0
[05/06/2025, 14:34:02] All bands scanned, total frequencies: 24288
[05/06/2025, 14:34:07] Band 900MHz (902-928 MHz)
[05/06/2025, 14:34:07] Average power for 900MHz: -60.5 dBm
[05/06/2025, 14:34:07] No alert for 900MHz: avgPower -60.5 dBm <= -55.5 dBm
[05/06/2025, 14:34:07] [14:34:02] OK — ничего подозрительного
[05/06/2025, 14:34:09] Starting new sweep cycle
[05/06/2025, 14:34:09] Processing band 900MHz (1/1). Threshhold -55.5
[05/06/2025, 14:34:09] Starting hackrf_sweep for band: 900MHz (902:928 MHz)
[05/06/2025, 14:34:09] hackrf_sweep stderr: call hackrf_sample_rate_set(20.000 MHz)

[05/06/2025, 14:34:09] hackrf_sweep stderr: call hackrf_baseband_filter_bandwidth_set(15.000 MHz)

[05/06/2025, 14:34:09] hackrf_sweep stderr: Sweeping from 902 MHz to 942 MHz

[05/06/2025, 14:34:09] hackrf_sweep stderr: Stop with Ctrl-C

[05/06/2025, 14:34:10] hackrf_sweep stderr: 199 total sweeps completed, 198.77 sweeps/second

[05/06/2025, 14:34:11] hackrf_sweep stderr: 403 total sweeps completed, 201.27 sweeps/second

[05/06/2025, 14:34:12] hackrf_sweep stderr: 607 total sweeps completed, 202.10 sweeps/second

[05/06/2025, 14:34:13] hackrf_sweep stderr: 811 total sweeps completed, 202.51 sweeps/second

[05/06/2025, 14:34:14] hackrf_sweep for band 900MHz timed out and was killed
[05/06/2025, 14:34:14] hackrf_sweep stderr: Caught signal 15

Exiting...
Total sweeps: 1011 in 4.97495 seconds (202.51 sweeps/second)

[05/06/2025, 14:34:14] hackrf_sweep stderr: hackrf_close() done
hackrf_exit() done
exit

[05/06/2025, 14:34:14] hackrf_sweep closed with code: 0
[05/06/2025, 14:34:14] All bands scanned, total frequencies: 24288
[05/06/2025, 14:34:18] Band 900MHz (902-928 MHz)
[05/06/2025, 14:34:18] Average power for 900MHz: -60.7 dBm
[05/06/2025, 14:34:18] No alert for 900MHz: avgPower -60.7 dBm <= -55.5 dBm
[05/06/2025, 14:34:18] [14:34:14] OK — ничего подозрительного
[05/06/2025, 14:34:20] Starting new sweep cycle
[05/06/2025, 14:34:20] Processing band 900MHz (1/1). Threshhold -55.5
[05/06/2025, 14:34:20] Starting hackrf_sweep for band: 900MHz (902:928 MHz)
[05/06/2025, 14:34:20] hackrf_sweep stderr: call hackrf_sample_rate_set(20.000 MHz)

[05/06/2025, 14:34:20] hackrf_sweep stderr: call hackrf_baseband_filter_bandwidth_set(15.000 MHz)

[05/06/2025, 14:34:20] hackrf_sweep stderr: Sweeping from 902 MHz to 942 MHz

[05/06/2025, 14:34:20] hackrf_sweep stderr: Stop with Ctrl-C

[05/06/2025, 14:34:21] hackrf_sweep stderr: 199 total sweeps completed, 198.77 sweeps/second

[05/06/2025, 14:34:22] hackrf_sweep stderr: 403 total sweeps completed, 201.27 sweeps/second

[05/06/2025, 14:34:23] hackrf_sweep stderr: 607 total sweeps completed, 202.10 sweeps/second

[05/06/2025, 14:34:24] hackrf_sweep stderr: 811 total sweeps completed, 202.51 sweeps/second

[05/06/2025, 14:34:25] hackrf_sweep for band 900MHz timed out and was killed
[05/06/2025, 14:34:25] hackrf_sweep stderr: Caught signal 15

Exiting...
Total sweeps: 1011 in 4.97500 seconds (202.51 sweeps/second)

[05/06/2025, 14:34:25] hackrf_sweep stderr: hackrf_close() done

[05/06/2025, 14:34:25] hackrf_sweep stderr: hackrf_exit() done
exit

[05/06/2025, 14:34:25] hackrf_sweep closed with code: 0
[05/06/2025, 14:34:25] All bands scanned, total frequencies: 24288
[05/06/2025, 14:34:30] Band 900MHz (902-928 MHz)
[05/06/2025, 14:34:30] Average power for 900MHz: -61.0 dBm
[05/06/2025, 14:34:30] No alert for 900MHz: avgPower -61.0 dBm <= -55.5 dBm
[05/06/2025, 14:34:30] [14:34:25] OK — ничего подозрительного
[05/06/2025, 14:34:32] Starting new sweep cycle
[05/06/2025, 14:34:32] Processing band 900MHz (1/1). Threshhold -55.5
[05/06/2025, 14:34:32] Starting hackrf_sweep for band: 900MHz (902:928 MHz)
[05/06/2025, 14:34:32] hackrf_sweep stderr: call hackrf_sample_rate_set(20.000 MHz)

[05/06/2025, 14:34:32] hackrf_sweep stderr: call hackrf_baseband_filter_bandwidth_set(15.000 MHz)

[05/06/2025, 14:34:32] hackrf_sweep stderr: Sweeping from 902 MHz to 942 MHz

[05/06/2025, 14:34:32] hackrf_sweep stderr: Stop with Ctrl-C

[05/06/2025, 14:34:33] hackrf_sweep stderr: 199 total sweeps completed, 198.77 sweeps/second

[05/06/2025, 14:34:34] hackrf_sweep stderr: 403 total sweeps completed, 201.27 sweeps/second

[05/06/2025, 14:34:35] hackrf_sweep stderr: 607 total sweeps completed, 202.10 sweeps/second

[05/06/2025, 14:34:36] hackrf_sweep stderr: 811 total sweeps completed, 202.51 sweeps/second

[05/06/2025, 14:34:37] hackrf_sweep for band 900MHz timed out and was killed
[05/06/2025, 14:34:37] hackrf_sweep stderr: Caught signal 15

Exiting...
Total sweeps: 1011 in 4.97507 seconds (202.51 sweeps/second)

[05/06/2025, 14:34:37] hackrf_sweep stderr: hackrf_close() done

[05/06/2025, 14:34:37] hackrf_sweep stderr: hackrf_exit() done
exit

[05/06/2025, 14:34:37] hackrf_sweep closed with code: 0
[05/06/2025, 14:34:37] All bands scanned, total frequencies: 24288
[05/06/2025, 14:34:42] Band 900MHz (902-928 MHz)
[05/06/2025, 14:34:42] Average power for 900MHz: -61.2 dBm
[05/06/2025, 14:34:42] No alert for 900MHz: avgPower -61.2 dBm <= -55.5 dBm
[05/06/2025, 14:34:42] [14:34:37] OK — ничего подозрительного
[05/06/2025, 14:34:44] Starting new sweep cycle
[05/06/2025, 14:34:44] Processing band 900MHz (1/1). Threshhold -55.5
[05/06/2025, 14:34:44] Starting hackrf_sweep for band: 900MHz (902:928 MHz)
[05/06/2025, 14:34:44] hackrf_sweep stderr: call hackrf_sample_rate_set(20.000 MHz)

[05/06/2025, 14:34:44] hackrf_sweep stderr: call hackrf_baseband_filter_bandwidth_set(15.000 MHz)

[05/06/2025, 14:34:44] hackrf_sweep stderr: Sweeping from 902 MHz to 942 MHz

[05/06/2025, 14:34:44] hackrf_sweep stderr: Stop with Ctrl-C

[05/06/2025, 14:34:45] hackrf_sweep stderr: 199 total sweeps completed, 198.78 sweeps/second

[05/06/2025, 14:34:46] hackrf_sweep stderr: 403 total sweeps completed, 201.27 sweeps/second

[05/06/2025, 14:34:47] hackrf_sweep stderr: 607 total sweeps completed, 202.10 sweeps/second

[05/06/2025, 14:34:48] hackrf_sweep stderr: 811 total sweeps completed, 202.52 sweeps/second

[05/06/2025, 14:34:49] hackrf_sweep for band 900MHz timed out and was killed
[05/06/2025, 14:34:49] hackrf_sweep stderr: Caught signal 15

Exiting...
Total sweeps: 1011 in 4.97394 seconds (202.52 sweeps/second)

[05/06/2025, 14:34:49] hackrf_sweep stderr: hackrf_close() done
hackrf_exit() done
exit

[05/06/2025, 14:34:49] hackrf_sweep closed with code: 0
[05/06/2025, 14:34:49] All bands scanned, total frequencies: 24288
[05/06/2025, 14:34:53] Band 900MHz (902-928 MHz)
[05/06/2025, 14:34:53] Average power for 900MHz: -61.1 dBm
[05/06/2025, 14:34:53] No alert for 900MHz: avgPower -61.1 dBm <= -55.5 dBm
[05/06/2025, 14:34:53] [14:34:49] OK — ничего подозрительного
[05/06/2025, 14:34:55] Starting new sweep cycle
[05/06/2025, 14:34:55] Processing band 900MHz (1/1). Threshhold -55.5
[05/06/2025, 14:34:55] Starting hackrf_sweep for band: 900MHz (902:928 MHz)
[05/06/2025, 14:34:55] hackrf_sweep stderr: call hackrf_sample_rate_set(20.000 MHz)

[05/06/2025, 14:34:55] hackrf_sweep stderr: call hackrf_baseband_filter_bandwidth_set(15.000 MHz)

[05/06/2025, 14:34:55] hackrf_sweep stderr: Sweeping from 902 MHz to 942 MHz

[05/06/2025, 14:34:55] hackrf_sweep stderr: Stop with Ctrl-C

[05/06/2025, 14:34:56] hackrf_sweep stderr: 199 total sweeps completed, 198.76 sweeps/second

[05/06/2025, 14:34:57] hackrf_sweep stderr: 403 total sweeps completed, 201.26 sweeps/second

[05/06/2025, 14:34:58] hackrf_sweep stderr: 607 total sweeps completed, 202.09 sweeps/second

[05/06/2025, 14:34:59] hackrf_sweep stderr: 811 total sweeps completed, 202.50 sweeps/second

[05/06/2025, 14:35:00] hackrf_sweep for band 900MHz timed out and was killed
[05/06/2025, 14:35:00] hackrf_sweep stderr: Caught signal 15

Exiting...
Total sweeps: 1011 in 4.97415 seconds (202.50 sweeps/second)

[05/06/2025, 14:35:00] hackrf_sweep stderr: hackrf_close() done

[05/06/2025, 14:35:00] hackrf_sweep stderr: hackrf_exit() done
exit

[05/06/2025, 14:35:00] hackrf_sweep closed with code: 0
[05/06/2025, 14:35:00] All bands scanned, total frequencies: 24288
[05/06/2025, 14:35:05] Band 900MHz (902-928 MHz)
[05/06/2025, 14:35:05] Average power for 900MHz: -61.2 dBm
[05/06/2025, 14:35:05] No alert for 900MHz: avgPower -61.2 dBm <= -55.5 dBm
[05/06/2025, 14:35:05] [14:35:00] OK — ничего подозрительного
[05/06/2025, 14:35:07] Starting new sweep cycle
[05/06/2025, 14:35:07] Processing band 900MHz (1/1). Threshhold -55.5
[05/06/2025, 14:35:07] Starting hackrf_sweep for band: 900MHz (902:928 MHz)
[05/06/2025, 14:35:07] hackrf_sweep stderr: call hackrf_sample_rate_set(20.000 MHz)

[05/06/2025, 14:35:07] hackrf_sweep stderr: call hackrf_baseband_filter_bandwidth_set(15.000 MHz)

[05/06/2025, 14:35:07] hackrf_sweep stderr: Sweeping from 902 MHz to 942 MHz

[05/06/2025, 14:35:07] hackrf_sweep stderr: Stop with Ctrl-C

[05/06/2025, 14:35:08] hackrf_sweep stderr: 199 total sweeps completed, 198.77 sweeps/second

[05/06/2025, 14:35:09] hackrf_sweep stderr: 403 total sweeps completed, 201.27 sweeps/second

[05/06/2025, 14:35:10] hackrf_sweep stderr: 607 total sweeps completed, 202.10 sweeps/second

[05/06/2025, 14:35:11] hackrf_sweep stderr: 811 total sweeps completed, 202.52 sweeps/second

[05/06/2025, 14:35:12] hackrf_sweep for band 900MHz timed out and was killed
[05/06/2025, 14:35:12] hackrf_sweep stderr: Caught signal 15

Exiting...
Total sweeps: 1011 in 4.97394 seconds (202.52 sweeps/second)

[05/06/2025, 14:35:12] hackrf_sweep stderr: hackrf_close() done

[05/06/2025, 14:35:12] hackrf_sweep stderr: hackrf_exit() done
exit

[05/06/2025, 14:35:12] hackrf_sweep closed with code: 0
[05/06/2025, 14:35:12] All bands scanned, total frequencies: 24288
[05/06/2025, 14:35:17] Band 900MHz (902-928 MHz)
[05/06/2025, 14:35:17] Average power for 900MHz: -61.2 dBm
[05/06/2025, 14:35:17] No alert for 900MHz: avgPower -61.2 dBm <= -55.5 dBm
[05/06/2025, 14:35:17] [14:35:12] OK — ничего подозрительного
[05/06/2025, 14:35:19] Starting new sweep cycle
[05/06/2025, 14:35:19] Processing band 900MHz (1/1). Threshhold -55.5
[05/06/2025, 14:35:19] Starting hackrf_sweep for band: 900MHz (902:928 MHz)
[05/06/2025, 14:35:19] hackrf_sweep stderr: call hackrf_sample_rate_set(20.000 MHz)

[05/06/2025, 14:35:19] hackrf_sweep stderr: call hackrf_baseband_filter_bandwidth_set(15.000 MHz)

[05/06/2025, 14:35:19] hackrf_sweep stderr: Sweeping from 902 MHz to 942 MHz

[05/06/2025, 14:35:19] hackrf_sweep stderr: Stop with Ctrl-C

[05/06/2025, 14:35:20] hackrf_sweep stderr: 199 total sweeps completed, 198.77 sweeps/second

[05/06/2025, 14:35:21] hackrf_sweep stderr: 403 total sweeps completed, 201.27 sweeps/second

[05/06/2025, 14:35:22] hackrf_sweep stderr: 607 total sweeps completed, 202.10 sweeps/second

[05/06/2025, 14:35:23] hackrf_sweep stderr: 811 total sweeps completed, 202.52 sweeps/second

[05/06/2025, 14:35:24] hackrf_sweep for band 900MHz timed out and was killed
[05/06/2025, 14:35:24] hackrf_sweep stderr: Caught signal 15

Exiting...
Total sweeps: 1011 in 4.97398 seconds (202.52 sweeps/second)

[05/06/2025, 14:35:24] hackrf_sweep stderr: hackrf_close() done
hackrf_exit() done
exit

[05/06/2025, 14:35:24] hackrf_sweep closed with code: 0
[05/06/2025, 14:35:24] All bands scanned, total frequencies: 24288
[05/06/2025, 14:35:29] Band 900MHz (902-928 MHz)
[05/06/2025, 14:35:29] Average power for 900MHz: -61.2 dBm
[05/06/2025, 14:35:29] No alert for 900MHz: avgPower -61.2 dBm <= -55.5 dBm
[05/06/2025, 14:35:29] [14:35:24] OK — ничего подозрительного
[05/06/2025, 14:35:31] Starting new sweep cycle
[05/06/2025, 14:35:31] Processing band 900MHz (1/1). Threshhold -55.5
[05/06/2025, 14:35:31] Starting hackrf_sweep for band: 900MHz (902:928 MHz)
[05/06/2025, 14:35:31] hackrf_sweep stderr: call hackrf_sample_rate_set(20.000 MHz)

[05/06/2025, 14:35:31] hackrf_sweep stderr: call hackrf_baseband_filter_bandwidth_set(15.000 MHz)

[05/06/2025, 14:35:31] hackrf_sweep stderr: Sweeping from 902 MHz to 942 MHz

[05/06/2025, 14:35:31] hackrf_sweep stderr: Stop with Ctrl-C

[05/06/2025, 14:35:32] hackrf_sweep stderr: 199 total sweeps completed, 198.77 sweeps/second

[05/06/2025, 14:35:33] hackrf_sweep stderr: 403 total sweeps completed, 201.27 sweeps/second

[05/06/2025, 14:35:34] hackrf_sweep stderr: 607 total sweeps completed, 202.10 sweeps/second

[05/06/2025, 14:35:35] hackrf_sweep stderr: 811 total sweeps completed, 202.51 sweeps/second

[05/06/2025, 14:35:36] hackrf_sweep for band 900MHz timed out and was killed
[05/06/2025, 14:35:36] hackrf_sweep stderr: Caught signal 15

Exiting...
Total sweeps: 1011 in 4.97402 seconds (202.51 sweeps/second)

[05/06/2025, 14:35:36] hackrf_sweep stderr: hackrf_close() done

[05/06/2025, 14:35:36] hackrf_sweep stderr: hackrf_exit() done
exit

[05/06/2025, 14:35:36] hackrf_sweep closed with code: 0
[05/06/2025, 14:35:36] All bands scanned, total frequencies: 24288
[05/06/2025, 14:35:41] Band 900MHz (902-928 MHz)
[05/06/2025, 14:35:41] Average power for 900MHz: -61.2 dBm
[05/06/2025, 14:35:41] No alert for 900MHz: avgPower -61.2 dBm <= -55.5 dBm
[05/06/2025, 14:35:41] [14:35:36] OK — ничего подозрительного
[05/06/2025, 14:35:43] Starting new sweep cycle
[05/06/2025, 14:35:43] Processing band 900MHz (1/1). Threshhold -55.5
[05/06/2025, 14:35:43] Starting hackrf_sweep for band: 900MHz (902:928 MHz)
[05/06/2025, 14:35:43] hackrf_sweep stderr: call hackrf_sample_rate_set(20.000 MHz)

[05/06/2025, 14:35:43] hackrf_sweep stderr: call hackrf_baseband_filter_bandwidth_set(15.000 MHz)

[05/06/2025, 14:35:43] hackrf_sweep stderr: Sweeping from 902 MHz to 942 MHz

[05/06/2025, 14:35:43] hackrf_sweep stderr: Stop with Ctrl-C

[05/06/2025, 14:35:44] hackrf_sweep stderr: 199 total sweeps completed, 198.78 sweeps/second

[05/06/2025, 14:35:45] hackrf_sweep stderr: 403 total sweeps completed, 201.28 sweeps/second

[05/06/2025, 14:35:46] hackrf_sweep stderr: 607 total sweeps completed, 202.11 sweeps/second

[05/06/2025, 14:35:47] hackrf_sweep stderr: 811 total sweeps completed, 202.52 sweeps/second

[05/06/2025, 14:35:48] hackrf_sweep for band 900MHz timed out and was killed
[05/06/2025, 14:35:48] hackrf_sweep stderr: Caught signal 15

Exiting...
Total sweeps: 1011 in 4.97498 seconds (202.52 sweeps/second)

[05/06/2025, 14:35:48] hackrf_sweep stderr: hackrf_close() done

[05/06/2025, 14:35:48] hackrf_sweep stderr: hackrf_exit() done
exit

[05/06/2025, 14:35:48] hackrf_sweep closed with code: 0
[05/06/2025, 14:35:48] All bands scanned, total frequencies: 24288
[05/06/2025, 14:35:52] Band 900MHz (902-928 MHz)
[05/06/2025, 14:35:52] Average power for 900MHz: -61.0 dBm
[05/06/2025, 14:35:52] No alert for 900MHz: avgPower -61.0 dBm <= -55.5 dBm
[05/06/2025, 14:35:52] [14:35:48] OK — ничего подозрительного
[05/06/2025, 14:35:54] Starting new sweep cycle
[05/06/2025, 14:35:54] Processing band 900MHz (1/1). Threshhold -55.5
[05/06/2025, 14:35:54] Starting hackrf_sweep for band: 900MHz (902:928 MHz)
[05/06/2025, 14:35:54] hackrf_sweep stderr: call hackrf_sample_rate_set(20.000 MHz)

[05/06/2025, 14:35:54] hackrf_sweep stderr: call hackrf_baseband_filter_bandwidth_set(15.000 MHz)

[05/06/2025, 14:35:54] hackrf_sweep stderr: Sweeping from 902 MHz to 942 MHz

[05/06/2025, 14:35:54] hackrf_sweep stderr: Stop with Ctrl-C

[05/06/2025, 14:35:55] hackrf_sweep stderr: 199 total sweeps completed, 198.77 sweeps/second

[05/06/2025, 14:35:56] hackrf_sweep stderr: 403 total sweeps completed, 201.27 sweeps/second

[05/06/2025, 14:35:57] hackrf_sweep stderr: 607 total sweeps completed, 202.10 sweeps/second

[05/06/2025, 14:35:58] hackrf_sweep stderr: 811 total sweeps completed, 202.51 sweeps/second

[05/06/2025, 14:35:59] hackrf_sweep for band 900MHz timed out and was killed
[05/06/2025, 14:35:59] hackrf_sweep stderr: Caught signal 15

Exiting...
Total sweeps: 1011 in 4.97499 seconds (202.51 sweeps/second)

[05/06/2025, 14:35:59] hackrf_sweep stderr: hackrf_close() done

[05/06/2025, 14:35:59] hackrf_sweep stderr: hackrf_exit() done
exit

[05/06/2025, 14:35:59] hackrf_sweep closed with code: 0
[05/06/2025, 14:35:59] All bands scanned, total frequencies: 24288
[05/06/2025, 14:36:04] Band 900MHz (902-928 MHz)
[05/06/2025, 14:36:04] Average power for 900MHz: -61.2 dBm
[05/06/2025, 14:36:04] No alert for 900MHz: avgPower -61.2 dBm <= -55.5 dBm
[05/06/2025, 14:36:04] [14:35:59] OK — ничего подозрительного
[05/06/2025, 14:36:06] Starting new sweep cycle
[05/06/2025, 14:36:06] Processing band 900MHz (1/1). Threshhold -55.5
[05/06/2025, 14:36:06] Starting hackrf_sweep for band: 900MHz (902:928 MHz)
[05/06/2025, 14:36:06] hackrf_sweep stderr: call hackrf_sample_rate_set(20.000 MHz)

[05/06/2025, 14:36:06] hackrf_sweep stderr: call hackrf_baseband_filter_bandwidth_set(15.000 MHz)

[05/06/2025, 14:36:06] hackrf_sweep stderr: Sweeping from 902 MHz to 942 MHz

[05/06/2025, 14:36:06] hackrf_sweep stderr: Stop with Ctrl-C

[05/06/2025, 14:36:07] hackrf_sweep stderr: 199 total sweeps completed, 198.78 sweeps/second

[05/06/2025, 14:36:08] hackrf_sweep stderr: 403 total sweeps completed, 201.27 sweeps/second

[05/06/2025, 14:36:09] hackrf_sweep stderr: 607 total sweeps completed, 202.11 sweeps/second

[05/06/2025, 14:36:10] hackrf_sweep stderr: 811 total sweeps completed, 202.52 sweeps/second

[05/06/2025, 14:36:11] hackrf_sweep for band 900MHz timed out and was killed
[05/06/2025, 14:36:11] hackrf_sweep stderr: Caught signal 15

Exiting...
Total sweeps: 1011 in 4.97498 seconds (202.52 sweeps/second)

[05/06/2025, 14:36:11] hackrf_sweep stderr: hackrf_close() done

[05/06/2025, 14:36:11] hackrf_sweep stderr: hackrf_exit() done
exit

[05/06/2025, 14:36:11] hackrf_sweep closed with code: 0
[05/06/2025, 14:36:11] All bands scanned, total frequencies: 24288
[05/06/2025, 14:36:16] Band 900MHz (902-928 MHz)
[05/06/2025, 14:36:16] Average power for 900MHz: -61.2 dBm
[05/06/2025, 14:36:16] No alert for 900MHz: avgPower -61.2 dBm <= -55.5 dBm
[05/06/2025, 14:36:16] [14:36:11] OK — ничего подозрительного
[05/06/2025, 14:36:18] Starting new sweep cycle
[05/06/2025, 14:36:18] Processing band 900MHz (1/1). Threshhold -55.5
[05/06/2025, 14:36:18] Starting hackrf_sweep for band: 900MHz (902:928 MHz)
[05/06/2025, 14:36:18] hackrf_sweep stderr: call hackrf_sample_rate_set(20.000 MHz)

[05/06/2025, 14:36:18] hackrf_sweep stderr: call hackrf_baseband_filter_bandwidth_set(15.000 MHz)

[05/06/2025, 14:36:18] hackrf_sweep stderr: Sweeping from 902 MHz to 942 MHz

[05/06/2025, 14:36:18] hackrf_sweep stderr: Stop with Ctrl-C

[05/06/2025, 14:36:19] hackrf_sweep stderr: 199 total sweeps completed, 198.77 sweeps/second

[05/06/2025, 14:36:20] hackrf_sweep stderr: 403 total sweeps completed, 201.26 sweeps/second

[05/06/2025, 14:36:21] hackrf_sweep stderr: 607 total sweeps completed, 202.09 sweeps/second

[05/06/2025, 14:36:22] hackrf_sweep stderr: 811 total sweeps completed, 202.50 sweeps/second

[05/06/2025, 14:36:23] hackrf_sweep for band 900MHz timed out and was killed
[05/06/2025, 14:36:23] hackrf_sweep stderr: Caught signal 15

Exiting...
Total sweeps: 1011 in 4.97409 seconds (202.50 sweeps/second)

[05/06/2025, 14:36:23] hackrf_sweep stderr: hackrf_close() done

[05/06/2025, 14:36:23] hackrf_sweep stderr: hackrf_exit() done
exit

[05/06/2025, 14:36:23] hackrf_sweep closed with code: 0
[05/06/2025, 14:36:23] All bands scanned, total frequencies: 24288
[05/06/2025, 14:36:28] Band 900MHz (902-928 MHz)
[05/06/2025, 14:36:28] Average power for 900MHz: -61.2 dBm
[05/06/2025, 14:36:28] No alert for 900MHz: avgPower -61.2 dBm <= -55.5 dBm
[05/06/2025, 14:36:28] [14:36:23] OK — ничего подозрительного
[05/06/2025, 14:36:30] Starting new sweep cycle
[05/06/2025, 14:36:30] Processing band 900MHz (1/1). Threshhold -55.5
[05/06/2025, 14:36:30] Starting hackrf_sweep for band: 900MHz (902:928 MHz)
[05/06/2025, 14:36:30] hackrf_sweep stderr: call hackrf_sample_rate_set(20.000 MHz)

[05/06/2025, 14:36:30] hackrf_sweep stderr: call hackrf_baseband_filter_bandwidth_set(15.000 MHz)

[05/06/2025, 14:36:30] hackrf_sweep stderr: Sweeping from 902 MHz to 942 MHz

[05/06/2025, 14:36:30] hackrf_sweep stderr: Stop with Ctrl-C

[05/06/2025, 14:36:31] hackrf_sweep stderr: 199 total sweeps completed, 198.75 sweeps/second

[05/06/2025, 14:36:32] hackrf_sweep stderr: 403 total sweeps completed, 201.26 sweeps/second

[05/06/2025, 14:36:33] hackrf_sweep stderr: 607 total sweeps completed, 202.10 sweeps/second

[05/06/2025, 14:36:34] hackrf_sweep stderr: 811 total sweeps completed, 202.51 sweeps/second

[05/06/2025, 14:36:35] hackrf_sweep for band 900MHz timed out and was killed
[05/06/2025, 14:36:35] hackrf_sweep stderr: Caught signal 15

Exiting...
Total sweeps: 1011 in 4.97394 seconds (202.51 sweeps/second)

[05/06/2025, 14:36:35] hackrf_sweep stderr: hackrf_close() done

[05/06/2025, 14:36:35] hackrf_sweep stderr: hackrf_exit() done
exit

[05/06/2025, 14:36:35] hackrf_sweep closed with code: 0
[05/06/2025, 14:36:35] All bands scanned, total frequencies: 24288
[05/06/2025, 14:36:39] Band 900MHz (902-928 MHz)
[05/06/2025, 14:36:39] Average power for 900MHz: -61.0 dBm
[05/06/2025, 14:36:39] No alert for 900MHz: avgPower -61.0 dBm <= -55.5 dBm
[05/06/2025, 14:36:39] [14:36:35] OK — ничего подозрительного
[05/06/2025, 14:36:41] Starting new sweep cycle
[05/06/2025, 14:36:41] Processing band 900MHz (1/1). Threshhold -55.5
[05/06/2025, 14:36:41] Starting hackrf_sweep for band: 900MHz (902:928 MHz)
[05/06/2025, 14:36:42] hackrf_sweep stderr: call hackrf_sample_rate_set(20.000 MHz)

[05/06/2025, 14:36:42] hackrf_sweep stderr: call hackrf_baseband_filter_bandwidth_set(15.000 MHz)

[05/06/2025, 14:36:42] hackrf_sweep stderr: Sweeping from 902 MHz to 942 MHz

[05/06/2025, 14:36:42] hackrf_sweep stderr: Stop with Ctrl-C

[05/06/2025, 14:36:43] hackrf_sweep stderr: 199 total sweeps completed, 198.78 sweeps/second

[05/06/2025, 14:36:44] hackrf_sweep stderr: 403 total sweeps completed, 201.27 sweeps/second

[05/06/2025, 14:36:45] hackrf_sweep stderr: 607 total sweeps completed, 202.11 sweeps/second

[05/06/2025, 14:36:46] hackrf_sweep stderr: 811 total sweeps completed, 202.52 sweeps/second

[05/06/2025, 14:36:46] hackrf_sweep for band 900MHz timed out and was killed
[05/06/2025, 14:36:46] hackrf_sweep stderr: Caught signal 15

Exiting...
Total sweeps: 1011 in 4.97396 seconds (202.52 sweeps/second)

[05/06/2025, 14:36:46] hackrf_sweep stderr: hackrf_close() done

[05/06/2025, 14:36:46] hackrf_sweep stderr: hackrf_exit() done
exit

[05/06/2025, 14:36:46] hackrf_sweep closed with code: 0
[05/06/2025, 14:36:46] All bands scanned, total frequencies: 24288
[05/06/2025, 14:36:51] Band 900MHz (902-928 MHz)
[05/06/2025, 14:36:51] Average power for 900MHz: -61.2 dBm
[05/06/2025, 14:36:51] No alert for 900MHz: avgPower -61.2 dBm <= -55.5 dBm
[05/06/2025, 14:36:51] [14:36:46] OK — ничего подозрительного
[05/06/2025, 14:36:53] Starting new sweep cycle
[05/06/2025, 14:36:53] Processing band 900MHz (1/1). Threshhold -55.5
[05/06/2025, 14:36:53] Starting hackrf_sweep for band: 900MHz (902:928 MHz)
[05/06/2025, 14:36:53] hackrf_sweep stderr: call hackrf_sample_rate_set(20.000 MHz)

[05/06/2025, 14:36:53] hackrf_sweep stderr: call hackrf_baseband_filter_bandwidth_set(15.000 MHz)

[05/06/2025, 14:36:53] hackrf_sweep stderr: Sweeping from 902 MHz to 942 MHz

[05/06/2025, 14:36:53] hackrf_sweep stderr: Stop with Ctrl-C

[05/06/2025, 14:36:54] hackrf_sweep stderr: 199 total sweeps completed, 198.78 sweeps/second

[05/06/2025, 14:36:55] hackrf_sweep stderr: 403 total sweeps completed, 201.27 sweeps/second

[05/06/2025, 14:36:56] hackrf_sweep stderr: 607 total sweeps completed, 202.11 sweeps/second

[05/06/2025, 14:36:57] hackrf_sweep stderr: 811 total sweeps completed, 202.52 sweeps/second

[05/06/2025, 14:36:58] hackrf_sweep for band 900MHz timed out and was killed
[05/06/2025, 14:36:58] hackrf_sweep stderr: Caught signal 15

Exiting...
Total sweeps: 1011 in 4.97495 seconds (202.52 sweeps/second)

[05/06/2025, 14:36:58] hackrf_sweep stderr: hackrf_close() done
hackrf_exit() done
exit

[05/06/2025, 14:36:58] hackrf_sweep closed with code: 0
[05/06/2025, 14:36:58] All bands scanned, total frequencies: 24288
[05/06/2025, 14:37:03] Band 900MHz (902-928 MHz)
[05/06/2025, 14:37:03] Average power for 900MHz: -61.0 dBm
[05/06/2025, 14:37:03] No alert for 900MHz: avgPower -61.0 dBm <= -55.5 dBm
[05/06/2025, 14:37:03] [14:36:58] OK — ничего подозрительного
[05/06/2025, 14:37:05] Starting new sweep cycle
[05/06/2025, 14:37:05] Processing band 900MHz (1/1). Threshhold -55.5
[05/06/2025, 14:37:05] Starting hackrf_sweep for band: 900MHz (902:928 MHz)
[05/06/2025, 14:37:05] hackrf_sweep stderr: call hackrf_sample_rate_set(20.000 MHz)

[05/06/2025, 14:37:05] hackrf_sweep stderr: call hackrf_baseband_filter_bandwidth_set(15.000 MHz)

[05/06/2025, 14:37:05] hackrf_sweep stderr: Sweeping from 902 MHz to 942 MHz

[05/06/2025, 14:37:05] hackrf_sweep stderr: Stop with Ctrl-C

[05/06/2025, 14:37:06] hackrf_sweep stderr: 199 total sweeps completed, 198.78 sweeps/second

[05/06/2025, 14:37:07] hackrf_sweep stderr: 403 total sweeps completed, 201.27 sweeps/second

[05/06/2025, 14:37:08] hackrf_sweep stderr: 607 total sweeps completed, 202.11 sweeps/second

[05/06/2025, 14:37:09] hackrf_sweep stderr: 811 total sweeps completed, 202.52 sweeps/second

[05/06/2025, 14:37:10] hackrf_sweep for band 900MHz timed out and was killed
[05/06/2025, 14:37:10] hackrf_sweep stderr: Caught signal 15

Exiting...
Total sweeps: 1011 in 4.97494 seconds (202.52 sweeps/second)

[05/06/2025, 14:37:10] hackrf_sweep stderr: hackrf_close() done

[05/06/2025, 14:37:10] hackrf_sweep stderr: hackrf_exit() done
exit

[05/06/2025, 14:37:10] hackrf_sweep closed with code: 0
[05/06/2025, 14:37:10] All bands scanned, total frequencies: 24288
[05/06/2025, 14:37:15] Band 900MHz (902-928 MHz)
[05/06/2025, 14:37:15] Average power for 900MHz: -61.0 dBm
[05/06/2025, 14:37:15] No alert for 900MHz: avgPower -61.0 dBm <= -55.5 dBm
[05/06/2025, 14:37:15] [14:37:10] OK — ничего подозрительного
[05/06/2025, 14:37:17] Starting new sweep cycle
[05/06/2025, 14:37:17] Processing band 900MHz (1/1). Threshhold -55.5
[05/06/2025, 14:37:17] Starting hackrf_sweep for band: 900MHz (902:928 MHz)
[05/06/2025, 14:37:17] hackrf_sweep stderr: call hackrf_sample_rate_set(20.000 MHz)

[05/06/2025, 14:37:17] hackrf_sweep stderr: call hackrf_baseband_filter_bandwidth_set(15.000 MHz)

[05/06/2025, 14:37:17] hackrf_sweep stderr: Sweeping from 902 MHz to 942 MHz

[05/06/2025, 14:37:17] hackrf_sweep stderr: Stop with Ctrl-C

[05/06/2025, 14:37:18] hackrf_sweep stderr: 199 total sweeps completed, 198.78 sweeps/second

[05/06/2025, 14:37:19] hackrf_sweep stderr: 403 total sweeps completed, 201.28 sweeps/second

[05/06/2025, 14:37:20] hackrf_sweep stderr: 607 total sweeps completed, 202.11 sweeps/second

[05/06/2025, 14:37:21] hackrf_sweep stderr: 811 total sweeps completed, 202.52 sweeps/second

[05/06/2025, 14:37:22] hackrf_sweep for band 900MHz timed out and was killed
[05/06/2025, 14:37:22] hackrf_sweep stderr: Caught signal 15

Exiting...
Total sweeps: 1011 in 4.97492 seconds (202.52 sweeps/second)

[05/06/2025, 14:37:22] hackrf_sweep stderr: hackrf_close() done

[05/06/2025, 14:37:22] hackrf_sweep stderr: hackrf_exit() done
exit

[05/06/2025, 14:37:22] hackrf_sweep closed with code: 0
[05/06/2025, 14:37:22] All bands scanned, total frequencies: 24288
[05/06/2025, 14:37:27] Band 900MHz (902-928 MHz)
[05/06/2025, 14:37:27] Average power for 900MHz: -61.2 dBm
[05/06/2025, 14:37:27] No alert for 900MHz: avgPower -61.2 dBm <= -55.5 dBm
[05/06/2025, 14:37:27] [14:37:22] OK — ничего подозрительного
[05/06/2025, 14:37:29] Starting new sweep cycle
[05/06/2025, 14:37:29] Processing band 900MHz (1/1). Threshhold -55.5
[05/06/2025, 14:37:29] Starting hackrf_sweep for band: 900MHz (902:928 MHz)
[05/06/2025, 14:37:29] hackrf_sweep stderr: call hackrf_sample_rate_set(20.000 MHz)

[05/06/2025, 14:37:29] hackrf_sweep stderr: call hackrf_baseband_filter_bandwidth_set(15.000 MHz)

[05/06/2025, 14:37:29] hackrf_sweep stderr: Sweeping from 902 MHz to 942 MHz

[05/06/2025, 14:37:29] hackrf_sweep stderr: Stop with Ctrl-C

[05/06/2025, 14:37:30] hackrf_sweep stderr: 199 total sweeps completed, 198.78 sweeps/second

[05/06/2025, 14:37:31] hackrf_sweep stderr: 403 total sweeps completed, 201.27 sweeps/second

[05/06/2025, 14:37:32] hackrf_sweep stderr: 607 total sweeps completed, 202.11 sweeps/second

[05/06/2025, 14:37:33] hackrf_sweep stderr: 811 total sweeps completed, 202.52 sweeps/second

[05/06/2025, 14:37:34] hackrf_sweep for band 900MHz timed out and was killed
[05/06/2025, 14:37:34] hackrf_sweep stderr: Caught signal 15

Exiting...
Total sweeps: 1011 in 4.97498 seconds (202.52 sweeps/second)

[05/06/2025, 14:37:34] hackrf_sweep stderr: hackrf_close() done

[05/06/2025, 14:37:34] hackrf_sweep stderr: hackrf_exit() done
exit

[05/06/2025, 14:37:34] hackrf_sweep closed with code: 0
[05/06/2025, 14:37:34] All bands scanned, total frequencies: 24288
[05/06/2025, 14:37:38] Band 900MHz (902-928 MHz)
[05/06/2025, 14:37:38] Average power for 900MHz: -61.2 dBm
[05/06/2025, 14:37:38] No alert for 900MHz: avgPower -61.2 dBm <= -55.5 dBm
[05/06/2025, 14:37:38] [14:37:34] OK — ничего подозрительного
[05/06/2025, 14:37:40] Starting new sweep cycle
[05/06/2025, 14:37:40] Processing band 900MHz (1/1). Threshhold -55.5
[05/06/2025, 14:37:40] Starting hackrf_sweep for band: 900MHz (902:928 MHz)
[05/06/2025, 14:37:40] hackrf_sweep stderr: call hackrf_sample_rate_set(20.000 MHz)

[05/06/2025, 14:37:40] hackrf_sweep stderr: call hackrf_baseband_filter_bandwidth_set(15.000 MHz)

[05/06/2025, 14:37:40] hackrf_sweep stderr: Sweeping from 902 MHz to 942 MHz

[05/06/2025, 14:37:40] hackrf_sweep stderr: Stop with Ctrl-C

[05/06/2025, 14:37:41] hackrf_sweep stderr: 199 total sweeps completed, 198.77 sweeps/second

[05/06/2025, 14:37:42] hackrf_sweep stderr: 403 total sweeps completed, 201.27 sweeps/second

[05/06/2025, 14:37:43] hackrf_sweep stderr: 607 total sweeps completed, 202.10 sweeps/second

[05/06/2025, 14:37:44] hackrf_sweep stderr: 811 total sweeps completed, 202.52 sweeps/second

[05/06/2025, 14:37:45] hackrf_sweep for band 900MHz timed out and was killed
[05/06/2025, 14:37:45] hackrf_sweep stderr: Caught signal 15

Exiting...
Total sweeps: 1011 in 4.97495 seconds (202.52 sweeps/second)

[05/06/2025, 14:37:45] hackrf_sweep stderr: hackrf_close() done

[05/06/2025, 14:37:45] hackrf_sweep stderr: hackrf_exit() done
exit

[05/06/2025, 14:37:45] hackrf_sweep closed with code: 0
[05/06/2025, 14:37:45] All bands scanned, total frequencies: 24288
[05/06/2025, 14:37:50] Band 900MHz (902-928 MHz)
[05/06/2025, 14:37:50] Average power for 900MHz: -61.2 dBm
[05/06/2025, 14:37:50] No alert for 900MHz: avgPower -61.2 dBm <= -55.5 dBm
[05/06/2025, 14:37:50] [14:37:45] OK — ничего подозрительного
[05/06/2025, 14:37:52] Starting new sweep cycle
[05/06/2025, 14:37:52] Processing band 900MHz (1/1). Threshhold -55.5
[05/06/2025, 14:37:52] Starting hackrf_sweep for band: 900MHz (902:928 MHz)
[05/06/2025, 14:37:52] hackrf_sweep stderr: call hackrf_sample_rate_set(20.000 MHz)

[05/06/2025, 14:37:52] hackrf_sweep stderr: call hackrf_baseband_filter_bandwidth_set(15.000 MHz)

[05/06/2025, 14:37:52] hackrf_sweep stderr: Sweeping from 902 MHz to 942 MHz

[05/06/2025, 14:37:52] hackrf_sweep stderr: Stop with Ctrl-C

[05/06/2025, 14:37:53] hackrf_sweep stderr: 199 total sweeps completed, 198.77 sweeps/second

[05/06/2025, 14:37:54] hackrf_sweep stderr: 403 total sweeps completed, 201.27 sweeps/second

[05/06/2025, 14:37:55] hackrf_sweep stderr: 607 total sweeps completed, 202.10 sweeps/second

[05/06/2025, 14:37:56] hackrf_sweep stderr: 811 total sweeps completed, 202.51 sweeps/second

[05/06/2025, 14:37:57] hackrf_sweep for band 900MHz timed out and was killed
[05/06/2025, 14:37:57] hackrf_sweep stderr: Caught signal 15

Exiting...
Total sweeps: 1011 in 4.97435 seconds (202.51 sweeps/second)

[05/06/2025, 14:37:57] hackrf_sweep stderr: hackrf_close() done

[05/06/2025, 14:37:57] hackrf_sweep stderr: hackrf_exit() done
exit

[05/06/2025, 14:37:57] hackrf_sweep closed with code: 0
[05/06/2025, 14:37:57] All bands scanned, total frequencies: 24288
[05/06/2025, 14:38:02] Band 900MHz (902-928 MHz)
[05/06/2025, 14:38:02] Average power for 900MHz: -61.3 dBm
[05/06/2025, 14:38:02] No alert for 900MHz: avgPower -61.3 dBm <= -55.5 dBm
[05/06/2025, 14:38:02] [14:37:57] OK — ничего подозрительного
[05/06/2025, 14:38:04] Starting new sweep cycle
[05/06/2025, 14:38:04] Processing band 900MHz (1/1). Threshhold -55.5
[05/06/2025, 14:38:04] Starting hackrf_sweep for band: 900MHz (902:928 MHz)
[05/06/2025, 14:38:04] hackrf_sweep stderr: call hackrf_sample_rate_set(20.000 MHz)

[05/06/2025, 14:38:04] hackrf_sweep stderr: call hackrf_baseband_filter_bandwidth_set(15.000 MHz)

[05/06/2025, 14:38:04] hackrf_sweep stderr: Sweeping from 902 MHz to 942 MHz

[05/06/2025, 14:38:04] hackrf_sweep stderr: Stop with Ctrl-C

[05/06/2025, 14:38:05] hackrf_sweep stderr: 199 total sweeps completed, 198.77 sweeps/second

[05/06/2025, 14:38:06] hackrf_sweep stderr: 403 total sweeps completed, 201.27 sweeps/second

[05/06/2025, 14:38:07] hackrf_sweep stderr: 607 total sweeps completed, 202.11 sweeps/second

[05/06/2025, 14:38:08] hackrf_sweep stderr: 811 total sweeps completed, 202.52 sweeps/second

[05/06/2025, 14:38:09] hackrf_sweep for band 900MHz timed out and was killed
[05/06/2025, 14:38:09] hackrf_sweep stderr: Caught signal 15

Exiting...
Total sweeps: 1011 in 4.97391 seconds (202.52 sweeps/second)

[05/06/2025, 14:38:09] hackrf_sweep stderr: hackrf_close() done
hackrf_exit() done
exit

[05/06/2025, 14:38:09] hackrf_sweep closed with code: 0
[05/06/2025, 14:38:09] All bands scanned, total frequencies: 24288
[05/06/2025, 14:38:14] Band 900MHz (902-928 MHz)
[05/06/2025, 14:38:14] Average power for 900MHz: -61.0 dBm
[05/06/2025, 14:38:14] No alert for 900MHz: avgPower -61.0 dBm <= -55.5 dBm
[05/06/2025, 14:38:14] [14:38:09] OK — ничего подозрительного
[05/06/2025, 14:38:16] Starting new sweep cycle
[05/06/2025, 14:38:16] Processing band 900MHz (1/1). Threshhold -55.5
[05/06/2025, 14:38:16] Starting hackrf_sweep for band: 900MHz (902:928 MHz)
[05/06/2025, 14:38:16] hackrf_sweep stderr: call hackrf_sample_rate_set(20.000 MHz)

[05/06/2025, 14:38:16] hackrf_sweep stderr: call hackrf_baseband_filter_bandwidth_set(15.000 MHz)

[05/06/2025, 14:38:16] hackrf_sweep stderr: Sweeping from 902 MHz to 942 MHz

[05/06/2025, 14:38:16] hackrf_sweep stderr: Stop with Ctrl-C

[05/06/2025, 14:38:17] hackrf_sweep stderr: 199 total sweeps completed, 198.78 sweeps/second

[05/06/2025, 14:38:18] hackrf_sweep stderr: 403 total sweeps completed, 201.27 sweeps/second

[05/06/2025, 14:38:19] hackrf_sweep stderr: 607 total sweeps completed, 202.11 sweeps/second

[05/06/2025, 14:38:20] hackrf_sweep stderr: 811 total sweeps completed, 202.52 sweeps/second

[05/06/2025, 14:38:21] hackrf_sweep for band 900MHz timed out and was killed
[05/06/2025, 14:38:21] hackrf_sweep stderr: Caught signal 15

Exiting...
Total sweeps: 1011 in 4.97492 seconds (202.52 sweeps/second)

[05/06/2025, 14:38:21] hackrf_sweep stderr: hackrf_close() done

[05/06/2025, 14:38:21] hackrf_sweep stderr: hackrf_exit() done
exit

[05/06/2025, 14:38:21] hackrf_sweep closed with code: 0
[05/06/2025, 14:38:21] All bands scanned, total frequencies: 24288
[05/06/2025, 14:38:25] Band 900MHz (902-928 MHz)
[05/06/2025, 14:38:25] Average power for 900MHz: -61.1 dBm
[05/06/2025, 14:38:25] No alert for 900MHz: avgPower -61.1 dBm <= -55.5 dBm
[05/06/2025, 14:38:25] [14:38:21] OK — ничего подозрительного
[05/06/2025, 14:38:27] Starting new sweep cycle
[05/06/2025, 14:38:27] Processing band 900MHz (1/1). Threshhold -55.5
[05/06/2025, 14:38:27] Starting hackrf_sweep for band: 900MHz (902:928 MHz)
[05/06/2025, 14:38:27] hackrf_sweep stderr: call hackrf_sample_rate_set(20.000 MHz)

[05/06/2025, 14:38:27] hackrf_sweep stderr: call hackrf_baseband_filter_bandwidth_set(15.000 MHz)

[05/06/2025, 14:38:27] hackrf_sweep stderr: Sweeping from 902 MHz to 942 MHz

[05/06/2025, 14:38:27] hackrf_sweep stderr: Stop with Ctrl-C

[05/06/2025, 14:38:28] hackrf_sweep stderr: 199 total sweeps completed, 198.77 sweeps/second

[05/06/2025, 14:38:29] hackrf_sweep stderr: 403 total sweeps completed, 201.27 sweeps/second

[05/06/2025, 14:38:30] hackrf_sweep stderr: 607 total sweeps completed, 202.10 sweeps/second

[05/06/2025, 14:38:31] hackrf_sweep stderr: 811 total sweeps completed, 202.52 sweeps/second

[05/06/2025, 14:38:32] hackrf_sweep for band 900MHz timed out and was killed
[05/06/2025, 14:38:32] hackrf_sweep stderr: Caught signal 15

Exiting...
Total sweeps: 1011 in 4.97390 seconds (202.52 sweeps/second)

[05/06/2025, 14:38:32] hackrf_sweep stderr: hackrf_close() done

[05/06/2025, 14:38:32] hackrf_sweep stderr: hackrf_exit() done
exit

[05/06/2025, 14:38:32] hackrf_sweep closed with code: 0
[05/06/2025, 14:38:32] All bands scanned, total frequencies: 24282
[05/06/2025, 14:38:37] Band 900MHz (902-928 MHz)
[05/06/2025, 14:38:37] Average power for 900MHz: -61.0 dBm
[05/06/2025, 14:38:37] No alert for 900MHz: avgPower -61.0 dBm <= -55.5 dBm
[05/06/2025, 14:38:37] [14:38:32] OK — ничего подозрительного
[05/06/2025, 14:38:39] Starting new sweep cycle
[05/06/2025, 14:38:39] Processing band 900MHz (1/1). Threshhold -55.5
[05/06/2025, 14:38:39] Starting hackrf_sweep for band: 900MHz (902:928 MHz)
[05/06/2025, 14:38:39] hackrf_sweep stderr: call hackrf_sample_rate_set(20.000 MHz)

[05/06/2025, 14:38:39] hackrf_sweep stderr: call hackrf_baseband_filter_bandwidth_set(15.000 MHz)

[05/06/2025, 14:38:39] hackrf_sweep stderr: Sweeping from 902 MHz to 942 MHz

[05/06/2025, 14:38:39] hackrf_sweep stderr: Stop with Ctrl-C

[05/06/2025, 14:38:40] hackrf_sweep stderr: 199 total sweeps completed, 198.77 sweeps/second

[05/06/2025, 14:38:41] hackrf_sweep stderr: 403 total sweeps completed, 201.27 sweeps/second

[05/06/2025, 14:38:42] hackrf_sweep stderr: 607 total sweeps completed, 202.10 sweeps/second

[05/06/2025, 14:38:43] hackrf_sweep stderr: 811 total sweeps completed, 202.52 sweeps/second

[05/06/2025, 14:38:44] hackrf_sweep for band 900MHz timed out and was killed
[05/06/2025, 14:38:44] hackrf_sweep stderr: Caught signal 15

Exiting...
Total sweeps: 1011 in 4.97491 seconds (202.52 sweeps/second)

[05/06/2025, 14:38:44] hackrf_sweep stderr: hackrf_close() done

[05/06/2025, 14:38:44] hackrf_sweep stderr: hackrf_exit() done
exit

[05/06/2025, 14:38:44] hackrf_sweep closed with code: 0
[05/06/2025, 14:38:44] All bands scanned, total frequencies: 24288
[05/06/2025, 14:38:49] Band 900MHz (902-928 MHz)
[05/06/2025, 14:38:49] Average power for 900MHz: -61.1 dBm
[05/06/2025, 14:38:49] No alert for 900MHz: avgPower -61.1 dBm <= -55.5 dBm
[05/06/2025, 14:38:49] [14:38:44] OK — ничего подозрительного
[05/06/2025, 14:38:51] Starting new sweep cycle
[05/06/2025, 14:38:51] Processing band 900MHz (1/1). Threshhold -55.5
[05/06/2025, 14:38:51] Starting hackrf_sweep for band: 900MHz (902:928 MHz)
[05/06/2025, 14:38:51] hackrf_sweep stderr: call hackrf_sample_rate_set(20.000 MHz)

[05/06/2025, 14:38:51] hackrf_sweep stderr: call hackrf_baseband_filter_bandwidth_set(15.000 MHz)

[05/06/2025, 14:38:51] hackrf_sweep stderr: Sweeping from 902 MHz to 942 MHz

[05/06/2025, 14:38:51] hackrf_sweep stderr: Stop with Ctrl-C

[05/06/2025, 14:38:52] hackrf_sweep stderr: 199 total sweeps completed, 198.77 sweeps/second

[05/06/2025, 14:38:53] hackrf_sweep stderr: 403 total sweeps completed, 201.27 sweeps/second

[05/06/2025, 14:38:54] hackrf_sweep stderr: 607 total sweeps completed, 202.10 sweeps/second

[05/06/2025, 14:38:55] hackrf_sweep stderr: 811 total sweeps completed, 202.51 sweeps/second

[05/06/2025, 14:38:56] hackrf_sweep for band 900MHz timed out and was killed
[05/06/2025, 14:38:56] hackrf_sweep stderr: Caught signal 15

Exiting...
Total sweeps: 1011 in 4.97391 seconds (202.51 sweeps/second)

[05/06/2025, 14:38:56] hackrf_sweep stderr: hackrf_close() done

[05/06/2025, 14:38:56] hackrf_sweep stderr: hackrf_exit() done
exit

[05/06/2025, 14:38:56] hackrf_sweep closed with code: 0
[05/06/2025, 14:38:56] All bands scanned, total frequencies: 24288
[05/06/2025, 14:39:01] Band 900MHz (902-928 MHz)
[05/06/2025, 14:39:01] Average power for 900MHz: -61.1 dBm
[05/06/2025, 14:39:01] No alert for 900MHz: avgPower -61.1 dBm <= -55.5 dBm
[05/06/2025, 14:39:01] [14:38:56] OK — ничего подозрительного
[05/06/2025, 14:39:03] Starting new sweep cycle
[05/06/2025, 14:39:03] Processing band 900MHz (1/1). Threshhold -55.5
[05/06/2025, 14:39:03] Starting hackrf_sweep for band: 900MHz (902:928 MHz)
[05/06/2025, 14:39:03] hackrf_sweep stderr: call hackrf_sample_rate_set(20.000 MHz)

[05/06/2025, 14:39:03] hackrf_sweep stderr: call hackrf_baseband_filter_bandwidth_set(15.000 MHz)

[05/06/2025, 14:39:03] hackrf_sweep stderr: Sweeping from 902 MHz to 942 MHz

[05/06/2025, 14:39:03] hackrf_sweep stderr: Stop with Ctrl-C

[05/06/2025, 14:39:04] hackrf_sweep stderr: 199 total sweeps completed, 198.77 sweeps/second

[05/06/2025, 14:39:05] hackrf_sweep stderr: 403 total sweeps completed, 201.27 sweeps/second

[05/06/2025, 14:39:06] hackrf_sweep stderr: 607 total sweeps completed, 202.10 sweeps/second

[05/06/2025, 14:39:07] hackrf_sweep stderr: 811 total sweeps completed, 202.52 sweeps/second

[05/06/2025, 14:39:08] hackrf_sweep for band 900MHz timed out and was killed
[05/06/2025, 14:39:08] hackrf_sweep stderr: Caught signal 15

Exiting...
Total sweeps: 1011 in 4.97491 seconds (202.52 sweeps/second)

[05/06/2025, 14:39:08] hackrf_sweep stderr: hackrf_close() done

[05/06/2025, 14:39:08] hackrf_sweep stderr: hackrf_exit() done
exit

[05/06/2025, 14:39:08] hackrf_sweep closed with code: 0
[05/06/2025, 14:39:08] All bands scanned, total frequencies: 24288
[05/06/2025, 14:39:12] Band 900MHz (902-928 MHz)
[05/06/2025, 14:39:12] Average power for 900MHz: -61.0 dBm
[05/06/2025, 14:39:12] No alert for 900MHz: avgPower -61.0 dBm <= -55.5 dBm
[05/06/2025, 14:39:12] [14:39:08] OK — ничего подозрительного
[05/06/2025, 14:39:14] Starting new sweep cycle
[05/06/2025, 14:39:14] Processing band 900MHz (1/1). Threshhold -55.5
[05/06/2025, 14:39:14] Starting hackrf_sweep for band: 900MHz (902:928 MHz)
[05/06/2025, 14:39:14] hackrf_sweep stderr: call hackrf_sample_rate_set(20.000 MHz)

[05/06/2025, 14:39:14] hackrf_sweep stderr: call hackrf_baseband_filter_bandwidth_set(15.000 MHz)

[05/06/2025, 14:39:14] hackrf_sweep stderr: Sweeping from 902 MHz to 942 MHz

[05/06/2025, 14:39:14] hackrf_sweep stderr: Stop with Ctrl-C

[05/06/2025, 14:39:15] hackrf_sweep stderr: 199 total sweeps completed, 198.78 sweeps/second

[05/06/2025, 14:39:16] hackrf_sweep stderr: 403 total sweeps completed, 201.27 sweeps/second

[05/06/2025, 14:39:17] hackrf_sweep stderr: 607 total sweeps completed, 202.11 sweeps/second

[05/06/2025, 14:39:18] hackrf_sweep stderr: 811 total sweeps completed, 202.52 sweeps/second

[05/06/2025, 14:39:19] hackrf_sweep for band 900MHz timed out and was killed
[05/06/2025, 14:39:19] hackrf_sweep stderr: Caught signal 15

Exiting...
Total sweeps: 1011 in 4.97393 seconds (202.52 sweeps/second)

[05/06/2025, 14:39:19] hackrf_sweep stderr: hackrf_close() done

[05/06/2025, 14:39:19] hackrf_sweep stderr: hackrf_exit() done
exit

[05/06/2025, 14:39:19] hackrf_sweep closed with code: 0
[05/06/2025, 14:39:19] All bands scanned, total frequencies: 24288
[05/06/2025, 14:39:24] Band 900MHz (902-928 MHz)
[05/06/2025, 14:39:24] Average power for 900MHz: -61.1 dBm
[05/06/2025, 14:39:24] No alert for 900MHz: avgPower -61.1 dBm <= -55.5 dBm
[05/06/2025, 14:39:24] [14:39:19] OK — ничего подозрительного
[05/06/2025, 14:39:26] Starting new sweep cycle
[05/06/2025, 14:39:26] Processing band 900MHz (1/1). Threshhold -55.5
[05/06/2025, 14:39:26] Starting hackrf_sweep for band: 900MHz (902:928 MHz)
[05/06/2025, 14:39:26] hackrf_sweep stderr: call hackrf_sample_rate_set(20.000 MHz)

[05/06/2025, 14:39:26] hackrf_sweep stderr: call hackrf_baseband_filter_bandwidth_set(15.000 MHz)

[05/06/2025, 14:39:26] hackrf_sweep stderr: Sweeping from 902 MHz to 942 MHz

[05/06/2025, 14:39:26] hackrf_sweep stderr: Stop with Ctrl-C

[05/06/2025, 14:39:27] hackrf_sweep stderr: 199 total sweeps completed, 198.78 sweeps/second

[05/06/2025, 14:39:28] hackrf_sweep stderr: 403 total sweeps completed, 201.27 sweeps/second

[05/06/2025, 14:39:29] hackrf_sweep stderr: 607 total sweeps completed, 202.11 sweeps/second

[05/06/2025, 14:39:30] hackrf_sweep stderr: 811 total sweeps completed, 202.52 sweeps/second

[05/06/2025, 14:39:31] hackrf_sweep for band 900MHz timed out and was killed
[05/06/2025, 14:39:31] hackrf_sweep stderr: Caught signal 15

Exiting...
Total sweeps: 1011 in 4.97389 seconds (202.52 sweeps/second)

[05/06/2025, 14:39:31] hackrf_sweep stderr: hackrf_close() done

[05/06/2025, 14:39:31] hackrf_sweep stderr: hackrf_exit() done
exit

[05/06/2025, 14:39:31] hackrf_sweep closed with code: 0
[05/06/2025, 14:39:31] All bands scanned, total frequencies: 24288
[05/06/2025, 14:39:36] Band 900MHz (902-928 MHz)
[05/06/2025, 14:39:36] Average power for 900MHz: -61.1 dBm
[05/06/2025, 14:39:36] No alert for 900MHz: avgPower -61.1 dBm <= -55.5 dBm
[05/06/2025, 14:39:36] [14:39:31] OK — ничего подозрительного
[05/06/2025, 14:39:37] Exiting script
