[05/06/2025, 14:51:21] Script started
[05/06/2025, 14:51:21] Starting new sweep cycle
[05/06/2025, 14:51:21] Processing band 1.2GHz (1/1). Threshhold -60.5
[05/06/2025, 14:51:21] Starting hackrf_sweep for band: 1.2GHz (1160:1280 MHz)
[05/06/2025, 14:51:21] hackrf_sweep stderr: call hackrf_sample_rate_set(20.000 MHz)

[05/06/2025, 14:51:21] hackrf_sweep stderr: call hackrf_baseband_filter_bandwidth_set(15.000 MHz)

[05/06/2025, 14:51:21] hackrf_sweep stderr: Sweeping from 1160 MHz to 1280 MHz

[05/06/2025, 14:51:21] hackrf_sweep stderr: Stop with Ctrl-C

[05/06/2025, 14:51:22] hackrf_sweep for band 1.2GHz timed out and was killed
[05/06/2025, 14:51:22] hackrf_sweep stderr: Caught signal 15

Exiting...
Total sweeps: 65 in 0.97578 seconds (66.61 sweeps/second)

[05/06/2025, 14:51:22] hackrf_sweep stderr: hackrf_close() done

[05/06/2025, 14:51:22] hackrf_sweep stderr: hackrf_exit() done
exit

[05/06/2025, 14:51:22] hackrf_sweep closed with code: 0
[05/06/2025, 14:51:22] All bands scanned, total frequencies: 4704
[05/06/2025, 14:51:22] Band 1.2GHz (1160-1280 MHz)
[05/06/2025, 14:51:22] Average power for 1.2GHz: -61.4 dBm
[05/06/2025, 14:51:22] No alert for 1.2GHz: avgPower -61.4 dBm <= -60.5 dBm
[05/06/2025, 14:51:22] [14:51:22] OK — ничего подозрительного
[05/06/2025, 14:51:22] Starting new sweep cycle
[05/06/2025, 14:51:22] Processing band 1.2GHz (1/1). Threshhold -60.5
[05/06/2025, 14:51:22] Starting hackrf_sweep for band: 1.2GHz (1160:1280 MHz)
[05/06/2025, 14:51:22] hackrf_sweep stderr: call hackrf_sample_rate_set(20.000 MHz)

[05/06/2025, 14:51:22] hackrf_sweep stderr: call hackrf_baseband_filter_bandwidth_set(15.000 MHz)

[05/06/2025, 14:51:22] hackrf_sweep stderr: Sweeping from 1160 MHz to 1280 MHz

[05/06/2025, 14:51:22] hackrf_sweep stderr: Stop with Ctrl-C

[05/06/2025, 14:51:23] hackrf_sweep for band 1.2GHz timed out and was killed
[05/06/2025, 14:51:23] hackrf_sweep stderr: Caught signal 15

Exiting...
Total sweeps: 65 in 0.97366 seconds (66.76 sweeps/second)

[05/06/2025, 14:51:23] hackrf_sweep stderr: hackrf_close() done

[05/06/2025, 14:51:23] hackrf_sweep stderr: hackrf_exit() done
exit

[05/06/2025, 14:51:23] hackrf_sweep closed with code: 0
[05/06/2025, 14:51:23] All bands scanned, total frequencies: 4704
[05/06/2025, 14:51:23] Band 1.2GHz (1160-1280 MHz)
[05/06/2025, 14:51:23] Average power for 1.2GHz: -61.2 dBm
[05/06/2025, 14:51:23] No alert for 1.2GHz: avgPower -61.2 dBm <= -60.5 dBm
[05/06/2025, 14:51:23] [14:51:23] OK — ничего подозрительного
[05/06/2025, 14:51:24] Starting new sweep cycle
[05/06/2025, 14:51:24] Processing band 1.2GHz (1/1). Threshhold -60.5
[05/06/2025, 14:51:24] Starting hackrf_sweep for band: 1.2GHz (1160:1280 MHz)
[05/06/2025, 14:51:24] hackrf_sweep stderr: call hackrf_sample_rate_set(20.000 MHz)

[05/06/2025, 14:51:24] hackrf_sweep stderr: call hackrf_baseband_filter_bandwidth_set(15.000 MHz)

[05/06/2025, 14:51:24] hackrf_sweep stderr: Sweeping from 1160 MHz to 1280 MHz

[05/06/2025, 14:51:24] hackrf_sweep stderr: Stop with Ctrl-C

[05/06/2025, 14:51:25] hackrf_sweep for band 1.2GHz timed out and was killed
[05/06/2025, 14:51:25] hackrf_sweep stderr: Caught signal 15

Exiting...
Total sweeps: 65 in 0.97462 seconds (66.69 sweeps/second)

[05/06/2025, 14:51:25] hackrf_sweep stderr: hackrf_close() done

[05/06/2025, 14:51:25] hackrf_sweep stderr: hackrf_exit() done
exit

[05/06/2025, 14:51:25] hackrf_sweep closed with code: 0
[05/06/2025, 14:51:25] All bands scanned, total frequencies: 4704
[05/06/2025, 14:51:25] Band 1.2GHz (1160-1280 MHz)
[05/06/2025, 14:51:25] Average power for 1.2GHz: -61.3 dBm
[05/06/2025, 14:51:25] No alert for 1.2GHz: avgPower -61.3 dBm <= -60.5 dBm
[05/06/2025, 14:51:25] [14:51:25] OK — ничего подозрительного
[05/06/2025, 14:51:25] Starting new sweep cycle
[05/06/2025, 14:51:25] Processing band 1.2GHz (1/1). Threshhold -60.5
[05/06/2025, 14:51:25] Starting hackrf_sweep for band: 1.2GHz (1160:1280 MHz)
[05/06/2025, 14:51:25] hackrf_sweep stderr: call hackrf_sample_rate_set(20.000 MHz)

[05/06/2025, 14:51:25] hackrf_sweep stderr: call hackrf_baseband_filter_bandwidth_set(15.000 MHz)

[05/06/2025, 14:51:25] hackrf_sweep stderr: Sweeping from 1160 MHz to 1280 MHz

[05/06/2025, 14:51:25] hackrf_sweep stderr: Stop with Ctrl-C

[05/06/2025, 14:51:26] hackrf_sweep for band 1.2GHz timed out and was killed
[05/06/2025, 14:51:26] hackrf_sweep stderr: Caught signal 15

Exiting...
Total sweeps: 65 in 0.97476 seconds (66.68 sweeps/second)

[05/06/2025, 14:51:26] hackrf_sweep stderr: hackrf_close() done

[05/06/2025, 14:51:26] hackrf_sweep stderr: hackrf_exit() done
exit

[05/06/2025, 14:51:26] hackrf_sweep closed with code: 0
[05/06/2025, 14:51:26] All bands scanned, total frequencies: 4704
[05/06/2025, 14:51:26] Band 1.2GHz (1160-1280 MHz)
[05/06/2025, 14:51:26] Average power for 1.2GHz: -61.3 dBm
[05/06/2025, 14:51:26] No alert for 1.2GHz: avgPower -61.3 dBm <= -60.5 dBm
[05/06/2025, 14:51:26] [14:51:26] OK — ничего подозрительного
[05/06/2025, 14:51:26] Starting new sweep cycle
[05/06/2025, 14:51:26] Processing band 1.2GHz (1/1). Threshhold -60.5
[05/06/2025, 14:51:26] Starting hackrf_sweep for band: 1.2GHz (1160:1280 MHz)
[05/06/2025, 14:51:26] hackrf_sweep stderr: call hackrf_sample_rate_set(20.000 MHz)

[05/06/2025, 14:51:26] hackrf_sweep stderr: call hackrf_baseband_filter_bandwidth_set(15.000 MHz)

[05/06/2025, 14:51:26] hackrf_sweep stderr: Sweeping from 1160 MHz to 1280 MHz

[05/06/2025, 14:51:26] hackrf_sweep stderr: Stop with Ctrl-C

[05/06/2025, 14:51:27] hackrf_sweep for band 1.2GHz timed out and was killed
[05/06/2025, 14:51:27] hackrf_sweep stderr: Caught signal 15

Exiting...
Total sweeps: 65 in 0.97460 seconds (66.69 sweeps/second)

[05/06/2025, 14:51:27] hackrf_sweep stderr: hackrf_close() done

[05/06/2025, 14:51:27] hackrf_sweep stderr: hackrf_exit() done
exit

[05/06/2025, 14:51:27] hackrf_sweep closed with code: 0
[05/06/2025, 14:51:27] All bands scanned, total frequencies: 4704
[05/06/2025, 14:51:27] Band 1.2GHz (1160-1280 MHz)
[05/06/2025, 14:51:27] Average power for 1.2GHz: -61.4 dBm
[05/06/2025, 14:51:27] No alert for 1.2GHz: avgPower -61.4 dBm <= -60.5 dBm
[05/06/2025, 14:51:27] [14:51:27] OK — ничего подозрительного
[05/06/2025, 14:51:28] Starting new sweep cycle
[05/06/2025, 14:51:28] Processing band 1.2GHz (1/1). Threshhold -60.5
[05/06/2025, 14:51:28] Starting hackrf_sweep for band: 1.2GHz (1160:1280 MHz)
[05/06/2025, 14:51:28] hackrf_sweep stderr: call hackrf_sample_rate_set(20.000 MHz)

[05/06/2025, 14:51:28] hackrf_sweep stderr: call hackrf_baseband_filter_bandwidth_set(15.000 MHz)

[05/06/2025, 14:51:28] hackrf_sweep stderr: Sweeping from 1160 MHz to 1280 MHz

[05/06/2025, 14:51:28] hackrf_sweep stderr: Stop with Ctrl-C

[05/06/2025, 14:51:29] hackrf_sweep for band 1.2GHz timed out and was killed
[05/06/2025, 14:51:29] hackrf_sweep stderr: Caught signal 15

Exiting...
Total sweeps: 65 in 0.97494 seconds (66.67 sweeps/second)

[05/06/2025, 14:51:29] hackrf_sweep stderr: hackrf_close() done

[05/06/2025, 14:51:29] hackrf_sweep stderr: hackrf_exit() done
exit

[05/06/2025, 14:51:29] hackrf_sweep closed with code: 0
[05/06/2025, 14:51:29] All bands scanned, total frequencies: 4704
[05/06/2025, 14:51:29] Band 1.2GHz (1160-1280 MHz)
[05/06/2025, 14:51:29] Average power for 1.2GHz: -61.2 dBm
[05/06/2025, 14:51:29] No alert for 1.2GHz: avgPower -61.2 dBm <= -60.5 dBm
[05/06/2025, 14:51:29] [14:51:29] OK — ничего подозрительного
[05/06/2025, 14:51:29] Starting new sweep cycle
[05/06/2025, 14:51:29] Processing band 1.2GHz (1/1). Threshhold -60.5
[05/06/2025, 14:51:29] Starting hackrf_sweep for band: 1.2GHz (1160:1280 MHz)
[05/06/2025, 14:51:29] hackrf_sweep stderr: call hackrf_sample_rate_set(20.000 MHz)

[05/06/2025, 14:51:29] hackrf_sweep stderr: call hackrf_baseband_filter_bandwidth_set(15.000 MHz)

[05/06/2025, 14:51:29] hackrf_sweep stderr: Sweeping from 1160 MHz to 1280 MHz

[05/06/2025, 14:51:29] hackrf_sweep stderr: Stop with Ctrl-C

[05/06/2025, 14:51:30] hackrf_sweep for band 1.2GHz timed out and was killed
[05/06/2025, 14:51:30] hackrf_sweep stderr: Caught signal 15

Exiting...
Total sweeps: 65 in 0.97458 seconds (66.70 sweeps/second)

[05/06/2025, 14:51:30] hackrf_sweep stderr: hackrf_close() done
hackrf_exit() done
exit

[05/06/2025, 14:51:30] hackrf_sweep closed with code: 0
[05/06/2025, 14:51:30] All bands scanned, total frequencies: 4704
[05/06/2025, 14:51:30] Band 1.2GHz (1160-1280 MHz)
[05/06/2025, 14:51:30] Average power for 1.2GHz: -61.5 dBm
[05/06/2025, 14:51:30] No alert for 1.2GHz: avgPower -61.5 dBm <= -60.5 dBm
[05/06/2025, 14:51:30] [14:51:30] OK — ничего подозрительного
[05/06/2025, 14:51:30] Starting new sweep cycle
[05/06/2025, 14:51:30] Processing band 1.2GHz (1/1). Threshhold -60.5
[05/06/2025, 14:51:30] Starting hackrf_sweep for band: 1.2GHz (1160:1280 MHz)
[05/06/2025, 14:51:30] hackrf_sweep stderr: call hackrf_sample_rate_set(20.000 MHz)

[05/06/2025, 14:51:30] hackrf_sweep stderr: call hackrf_baseband_filter_bandwidth_set(15.000 MHz)

[05/06/2025, 14:51:30] hackrf_sweep stderr: Sweeping from 1160 MHz to 1280 MHz

[05/06/2025, 14:51:30] hackrf_sweep stderr: Stop with Ctrl-C

[05/06/2025, 14:51:31] hackrf_sweep for band 1.2GHz timed out and was killed
[05/06/2025, 14:51:31] hackrf_sweep stderr: Caught signal 15

Exiting...
Total sweeps: 65 in 0.97470 seconds (66.69 sweeps/second)

[05/06/2025, 14:51:31] hackrf_sweep stderr: hackrf_close() done

[05/06/2025, 14:51:31] hackrf_sweep stderr: hackrf_exit() done
exit

[05/06/2025, 14:51:31] hackrf_sweep closed with code: 0
[05/06/2025, 14:51:31] All bands scanned, total frequencies: 4704
[05/06/2025, 14:51:31] Band 1.2GHz (1160-1280 MHz)
[05/06/2025, 14:51:31] Average power for 1.2GHz: -61.3 dBm
[05/06/2025, 14:51:31] No alert for 1.2GHz: avgPower -61.3 dBm <= -60.5 dBm
[05/06/2025, 14:51:31] [14:51:31] OK — ничего подозрительного
[05/06/2025, 14:51:31] Starting new sweep cycle
[05/06/2025, 14:51:31] Processing band 1.2GHz (1/1). Threshhold -60.5
[05/06/2025, 14:51:31] Starting hackrf_sweep for band: 1.2GHz (1160:1280 MHz)
[05/06/2025, 14:51:31] hackrf_sweep stderr: call hackrf_sample_rate_set(20.000 MHz)

[05/06/2025, 14:51:31] hackrf_sweep stderr: call hackrf_baseband_filter_bandwidth_set(15.000 MHz)

[05/06/2025, 14:51:31] hackrf_sweep stderr: Sweeping from 1160 MHz to 1280 MHz

[05/06/2025, 14:51:31] hackrf_sweep stderr: Stop with Ctrl-C

[05/06/2025, 14:51:32] hackrf_sweep for band 1.2GHz timed out and was killed
[05/06/2025, 14:51:32] hackrf_sweep stderr: Caught signal 15

Exiting...
Total sweeps: 65 in 0.97467 seconds (66.69 sweeps/second)

[05/06/2025, 14:51:32] hackrf_sweep stderr: hackrf_close() done

[05/06/2025, 14:51:32] hackrf_sweep stderr: hackrf_exit() done
exit

[05/06/2025, 14:51:32] hackrf_sweep closed with code: 0
[05/06/2025, 14:51:32] All bands scanned, total frequencies: 4704
[05/06/2025, 14:51:33] Band 1.2GHz (1160-1280 MHz)
[05/06/2025, 14:51:33] Average power for 1.2GHz: -61.3 dBm
[05/06/2025, 14:51:33] No alert for 1.2GHz: avgPower -61.3 dBm <= -60.5 dBm
[05/06/2025, 14:51:33] [14:51:32] OK — ничего подозрительного
[05/06/2025, 14:51:33] Starting new sweep cycle
[05/06/2025, 14:51:33] Processing band 1.2GHz (1/1). Threshhold -60.5
[05/06/2025, 14:51:33] Starting hackrf_sweep for band: 1.2GHz (1160:1280 MHz)
[05/06/2025, 14:51:33] hackrf_sweep stderr: call hackrf_sample_rate_set(20.000 MHz)

[05/06/2025, 14:51:33] hackrf_sweep stderr: call hackrf_baseband_filter_bandwidth_set(15.000 MHz)

[05/06/2025, 14:51:33] hackrf_sweep stderr: Sweeping from 1160 MHz to 1280 MHz

[05/06/2025, 14:51:33] hackrf_sweep stderr: Stop with Ctrl-C

[05/06/2025, 14:51:34] hackrf_sweep for band 1.2GHz timed out and was killed
[05/06/2025, 14:51:34] hackrf_sweep stderr: Caught signal 15

Exiting...
Total sweeps: 65 in 0.97457 seconds (66.70 sweeps/second)

[05/06/2025, 14:51:34] hackrf_sweep stderr: hackrf_close() done

[05/06/2025, 14:51:34] hackrf_sweep stderr: hackrf_exit() done
exit

[05/06/2025, 14:51:34] hackrf_sweep closed with code: 0
[05/06/2025, 14:51:34] All bands scanned, total frequencies: 4704
[05/06/2025, 14:51:34] Band 1.2GHz (1160-1280 MHz)
[05/06/2025, 14:51:34] Average power for 1.2GHz: -61.4 dBm
[05/06/2025, 14:51:34] No alert for 1.2GHz: avgPower -61.4 dBm <= -60.5 dBm
[05/06/2025, 14:51:34] [14:51:34] OK — ничего подозрительного
[05/06/2025, 14:51:34] Starting new sweep cycle
[05/06/2025, 14:51:34] Processing band 1.2GHz (1/1). Threshhold -60.5
[05/06/2025, 14:51:34] Starting hackrf_sweep for band: 1.2GHz (1160:1280 MHz)
[05/06/2025, 14:51:34] hackrf_sweep stderr: call hackrf_sample_rate_set(20.000 MHz)

[05/06/2025, 14:51:34] hackrf_sweep stderr: call hackrf_baseband_filter_bandwidth_set(15.000 MHz)

[05/06/2025, 14:51:34] hackrf_sweep stderr: Sweeping from 1160 MHz to 1280 MHz

[05/06/2025, 14:51:34] hackrf_sweep stderr: Stop with Ctrl-C

[05/06/2025, 14:51:35] hackrf_sweep for band 1.2GHz timed out and was killed
[05/06/2025, 14:51:35] hackrf_sweep stderr: Caught signal 15

Exiting...
Total sweeps: 65 in 0.97456 seconds (66.70 sweeps/second)

[05/06/2025, 14:51:35] hackrf_sweep stderr: hackrf_close() done

[05/06/2025, 14:51:35] hackrf_sweep stderr: hackrf_exit() done
exit

[05/06/2025, 14:51:35] hackrf_sweep closed with code: 0
[05/06/2025, 14:51:35] All bands scanned, total frequencies: 4704
[05/06/2025, 14:51:35] Band 1.2GHz (1160-1280 MHz)
[05/06/2025, 14:51:35] Average power for 1.2GHz: -61.4 dBm
[05/06/2025, 14:51:35] No alert for 1.2GHz: avgPower -61.4 dBm <= -60.5 dBm
[05/06/2025, 14:51:35] [14:51:35] OK — ничего подозрительного
[05/06/2025, 14:51:35] Exiting script
[05/06/2025, 14:52:08] Script started
[05/06/2025, 14:52:08] Starting new sweep cycle
[05/06/2025, 14:52:08] Processing band 5.8GHz (1/1). Threshhold -60.6
[05/06/2025, 14:52:08] Starting hackrf_sweep for band: 5.8GHz (5625:5850 MHz)
[05/06/2025, 14:52:08] hackrf_sweep stderr: call hackrf_sample_rate_set(20.000 MHz)

[05/06/2025, 14:52:08] hackrf_sweep stderr: call hackrf_baseband_filter_bandwidth_set(15.000 MHz)

[05/06/2025, 14:52:08] hackrf_sweep stderr: Sweeping from 5625 MHz to 5865 MHz

[05/06/2025, 14:52:08] hackrf_sweep stderr: Stop with Ctrl-C

[05/06/2025, 14:52:09] hackrf_sweep for band 5.8GHz timed out and was killed
[05/06/2025, 14:52:09] hackrf_sweep stderr: Caught signal 15

Exiting...
Total sweeps: 32 in 0.97589 seconds (32.79 sweeps/second)

[05/06/2025, 14:52:09] hackrf_sweep stderr: hackrf_close() done

[05/06/2025, 14:52:09] hackrf_sweep stderr: hackrf_exit() done
exit

[05/06/2025, 14:52:09] hackrf_sweep closed with code: 0
[05/06/2025, 14:52:09] All bands scanned, total frequencies: 4704
[05/06/2025, 14:52:09] Band 5.8GHz (5625-5850 MHz)
[05/06/2025, 14:52:09] Average power for 5.8GHz: -61.7 dBm
[05/06/2025, 14:52:09] No alert for 5.8GHz: avgPower -61.7 dBm <= -60.6 dBm
[05/06/2025, 14:52:09] [14:52:09] OK — ничего подозрительного
[05/06/2025, 14:52:09] Starting new sweep cycle
[05/06/2025, 14:52:09] Processing band 5.8GHz (1/1). Threshhold -60.6
[05/06/2025, 14:52:09] Starting hackrf_sweep for band: 5.8GHz (5625:5850 MHz)
[05/06/2025, 14:52:10] hackrf_sweep stderr: call hackrf_sample_rate_set(20.000 MHz)

[05/06/2025, 14:52:10] hackrf_sweep stderr: call hackrf_baseband_filter_bandwidth_set(15.000 MHz)

[05/06/2025, 14:52:10] hackrf_sweep stderr: Sweeping from 5625 MHz to 5865 MHz

[05/06/2025, 14:52:10] hackrf_sweep stderr: Stop with Ctrl-C

[05/06/2025, 14:52:10] hackrf_sweep for band 5.8GHz timed out and was killed
[05/06/2025, 14:52:10] hackrf_sweep stderr: Caught signal 15

Exiting...
Total sweeps: 32 in 0.97461 seconds (32.83 sweeps/second)

[05/06/2025, 14:52:10] hackrf_sweep stderr: hackrf_close() done

[05/06/2025, 14:52:10] hackrf_sweep stderr: hackrf_exit() done
exit

[05/06/2025, 14:52:10] hackrf_sweep closed with code: 0
[05/06/2025, 14:52:10] All bands scanned, total frequencies: 4704
[05/06/2025, 14:52:11] Band 5.8GHz (5625-5850 MHz)
[05/06/2025, 14:52:11] Average power for 5.8GHz: -61.7 dBm
[05/06/2025, 14:52:11] No alert for 5.8GHz: avgPower -61.7 dBm <= -60.6 dBm
[05/06/2025, 14:52:11] [14:52:10] OK — ничего подозрительного
[05/06/2025, 14:52:11] Starting new sweep cycle
[05/06/2025, 14:52:11] Processing band 5.8GHz (1/1). Threshhold -60.6
[05/06/2025, 14:52:11] Starting hackrf_sweep for band: 5.8GHz (5625:5850 MHz)
[05/06/2025, 14:52:11] hackrf_sweep stderr: call hackrf_sample_rate_set(20.000 MHz)

[05/06/2025, 14:52:11] hackrf_sweep stderr: call hackrf_baseband_filter_bandwidth_set(15.000 MHz)

[05/06/2025, 14:52:11] hackrf_sweep stderr: Sweeping from 5625 MHz to 5865 MHz

[05/06/2025, 14:52:11] hackrf_sweep stderr: Stop with Ctrl-C

[05/06/2025, 14:52:12] hackrf_sweep for band 5.8GHz timed out and was killed
[05/06/2025, 14:52:12] hackrf_sweep stderr: Caught signal 15

Exiting...
Total sweeps: 32 in 0.97473 seconds (32.83 sweeps/second)

[05/06/2025, 14:52:12] hackrf_sweep stderr: hackrf_close() done

[05/06/2025, 14:52:12] hackrf_sweep stderr: hackrf_exit() done
exit

[05/06/2025, 14:52:12] hackrf_sweep closed with code: 0
[05/06/2025, 14:52:12] All bands scanned, total frequencies: 4704
[05/06/2025, 14:52:12] Band 5.8GHz (5625-5850 MHz)
[05/06/2025, 14:52:12] Average power for 5.8GHz: -61.7 dBm
[05/06/2025, 14:52:12] No alert for 5.8GHz: avgPower -61.7 dBm <= -60.6 dBm
[05/06/2025, 14:52:12] [14:52:12] OK — ничего подозрительного
[05/06/2025, 14:52:12] Starting new sweep cycle
[05/06/2025, 14:52:12] Processing band 5.8GHz (1/1). Threshhold -60.6
[05/06/2025, 14:52:12] Starting hackrf_sweep for band: 5.8GHz (5625:5850 MHz)
[05/06/2025, 14:52:12] hackrf_sweep stderr: call hackrf_sample_rate_set(20.000 MHz)

[05/06/2025, 14:52:12] hackrf_sweep stderr: call hackrf_baseband_filter_bandwidth_set(15.000 MHz)

[05/06/2025, 14:52:12] hackrf_sweep stderr: Sweeping from 5625 MHz to 5865 MHz

[05/06/2025, 14:52:12] hackrf_sweep stderr: Stop with Ctrl-C

[05/06/2025, 14:52:13] hackrf_sweep for band 5.8GHz timed out and was killed
[05/06/2025, 14:52:13] hackrf_sweep stderr: Caught signal 15

Exiting...
Total sweeps: 32 in 0.97490 seconds (32.82 sweeps/second)

[05/06/2025, 14:52:13] hackrf_sweep stderr: hackrf_close() done

[05/06/2025, 14:52:13] hackrf_sweep stderr: hackrf_exit() done
exit

[05/06/2025, 14:52:13] hackrf_sweep closed with code: 0
[05/06/2025, 14:52:13] All bands scanned, total frequencies: 4704
[05/06/2025, 14:52:13] Band 5.8GHz (5625-5850 MHz)
[05/06/2025, 14:52:13] Average power for 5.8GHz: -61.8 dBm
[05/06/2025, 14:52:13] No alert for 5.8GHz: avgPower -61.8 dBm <= -60.6 dBm
[05/06/2025, 14:52:13] [14:52:13] OK — ничего подозрительного
[05/06/2025, 14:52:14] Starting new sweep cycle
[05/06/2025, 14:52:14] Processing band 5.8GHz (1/1). Threshhold -60.6
[05/06/2025, 14:52:14] Starting hackrf_sweep for band: 5.8GHz (5625:5850 MHz)
[05/06/2025, 14:52:14] hackrf_sweep stderr: call hackrf_sample_rate_set(20.000 MHz)

[05/06/2025, 14:52:14] hackrf_sweep stderr: call hackrf_baseband_filter_bandwidth_set(15.000 MHz)

[05/06/2025, 14:52:14] hackrf_sweep stderr: Sweeping from 5625 MHz to 5865 MHz

[05/06/2025, 14:52:14] hackrf_sweep stderr: Stop with Ctrl-C

[05/06/2025, 14:52:15] hackrf_sweep for band 5.8GHz timed out and was killed
[05/06/2025, 14:52:15] hackrf_sweep stderr: Caught signal 15

Exiting...
Total sweeps: 32 in 0.97460 seconds (32.83 sweeps/second)

[05/06/2025, 14:52:15] hackrf_sweep stderr: hackrf_close() done

[05/06/2025, 14:52:15] hackrf_sweep stderr: hackrf_exit() done
exit

[05/06/2025, 14:52:15] hackrf_sweep closed with code: 0
[05/06/2025, 14:52:15] All bands scanned, total frequencies: 4704
[05/06/2025, 14:52:15] Band 5.8GHz (5625-5850 MHz)
[05/06/2025, 14:52:15] Average power for 5.8GHz: -61.6 dBm
[05/06/2025, 14:52:15] No alert for 5.8GHz: avgPower -61.6 dBm <= -60.6 dBm
[05/06/2025, 14:52:15] [14:52:15] OK — ничего подозрительного
[05/06/2025, 14:52:15] Starting new sweep cycle
[05/06/2025, 14:52:15] Processing band 5.8GHz (1/1). Threshhold -60.6
[05/06/2025, 14:52:15] Starting hackrf_sweep for band: 5.8GHz (5625:5850 MHz)
[05/06/2025, 14:52:15] hackrf_sweep stderr: call hackrf_sample_rate_set(20.000 MHz)

[05/06/2025, 14:52:15] hackrf_sweep stderr: call hackrf_baseband_filter_bandwidth_set(15.000 MHz)

[05/06/2025, 14:52:15] hackrf_sweep stderr: Sweeping from 5625 MHz to 5865 MHz

[05/06/2025, 14:52:15] hackrf_sweep stderr: Stop with Ctrl-C

[05/06/2025, 14:52:16] hackrf_sweep for band 5.8GHz timed out and was killed
[05/06/2025, 14:52:16] hackrf_sweep stderr: Caught signal 15

Exiting...
Total sweeps: 32 in 0.97457 seconds (32.83 sweeps/second)

[05/06/2025, 14:52:16] hackrf_sweep stderr: hackrf_close() done

[05/06/2025, 14:52:16] hackrf_sweep stderr: hackrf_exit() done
exit

[05/06/2025, 14:52:16] hackrf_sweep closed with code: 0
[05/06/2025, 14:52:16] All bands scanned, total frequencies: 4704
[05/06/2025, 14:52:16] Band 5.8GHz (5625-5850 MHz)
[05/06/2025, 14:52:16] Average power for 5.8GHz: -61.5 dBm
[05/06/2025, 14:52:16] No alert for 5.8GHz: avgPower -61.5 dBm <= -60.6 dBm
[05/06/2025, 14:52:16] [14:52:16] OK — ничего подозрительного
[05/06/2025, 14:52:16] Starting new sweep cycle
[05/06/2025, 14:52:16] Processing band 5.8GHz (1/1). Threshhold -60.6
[05/06/2025, 14:52:16] Starting hackrf_sweep for band: 5.8GHz (5625:5850 MHz)
[05/06/2025, 14:52:16] hackrf_sweep stderr: call hackrf_sample_rate_set(20.000 MHz)

[05/06/2025, 14:52:16] hackrf_sweep stderr: call hackrf_baseband_filter_bandwidth_set(15.000 MHz)

[05/06/2025, 14:52:16] hackrf_sweep stderr: Sweeping from 5625 MHz to 5865 MHz

[05/06/2025, 14:52:16] hackrf_sweep stderr: Stop with Ctrl-C

[05/06/2025, 14:52:17] hackrf_sweep for band 5.8GHz timed out and was killed
[05/06/2025, 14:52:17] hackrf_sweep stderr: Caught signal 15

Exiting...
Total sweeps: 32 in 0.97463 seconds (32.83 sweeps/second)

[05/06/2025, 14:52:17] hackrf_sweep stderr: hackrf_close() done

[05/06/2025, 14:52:17] hackrf_sweep stderr: hackrf_exit() done
exit

[05/06/2025, 14:52:17] hackrf_sweep closed with code: 0
[05/06/2025, 14:52:17] All bands scanned, total frequencies: 4704
[05/06/2025, 14:52:17] Band 5.8GHz (5625-5850 MHz)
[05/06/2025, 14:52:17] Average power for 5.8GHz: -61.2 dBm
[05/06/2025, 14:52:17] No alert for 5.8GHz: avgPower -61.2 dBm <= -60.6 dBm
[05/06/2025, 14:52:17] [14:52:17] OK — ничего подозрительного
[05/06/2025, 14:52:17] Starting new sweep cycle
[05/06/2025, 14:52:17] Processing band 5.8GHz (1/1). Threshhold -60.6
[05/06/2025, 14:52:17] Starting hackrf_sweep for band: 5.8GHz (5625:5850 MHz)
[05/06/2025, 14:52:17] hackrf_sweep stderr: call hackrf_sample_rate_set(20.000 MHz)

[05/06/2025, 14:52:17] hackrf_sweep stderr: call hackrf_baseband_filter_bandwidth_set(15.000 MHz)

[05/06/2025, 14:52:17] hackrf_sweep stderr: Sweeping from 5625 MHz to 5865 MHz

[05/06/2025, 14:52:17] hackrf_sweep stderr: Stop with Ctrl-C

[05/06/2025, 14:52:18] hackrf_sweep for band 5.8GHz timed out and was killed
[05/06/2025, 14:52:18] hackrf_sweep stderr: Caught signal 15

Exiting...
Total sweeps: 32 in 0.97471 seconds (32.83 sweeps/second)

[05/06/2025, 14:52:18] hackrf_sweep stderr: hackrf_close() done

[05/06/2025, 14:52:18] hackrf_sweep stderr: hackrf_exit() done
exit

[05/06/2025, 14:52:18] hackrf_sweep closed with code: 0
[05/06/2025, 14:52:18] All bands scanned, total frequencies: 4704
[05/06/2025, 14:52:19] Band 5.8GHz (5625-5850 MHz)
[05/06/2025, 14:52:19] Average power for 5.8GHz: -60.3 dBm
[05/06/2025, 14:52:19] Activating ALERT_PIN
[05/06/2025, 14:52:19] [14:52:18] 🛸 Дрон у диапазоне 5.8GHz (5625–5850 MHz). Мощность: -60.3 dB
[05/06/2025, 14:52:19] Starting new sweep cycle
[05/06/2025, 14:52:19] Processing band 5.8GHz (1/1). Threshhold -60.6
[05/06/2025, 14:52:19] Starting hackrf_sweep for band: 5.8GHz (5625:5850 MHz)
[05/06/2025, 14:52:19] hackrf_sweep stderr: call hackrf_sample_rate_set(20.000 MHz)

[05/06/2025, 14:52:19] hackrf_sweep stderr: call hackrf_baseband_filter_bandwidth_set(15.000 MHz)

[05/06/2025, 14:52:19] hackrf_sweep stderr: Sweeping from 5625 MHz to 5865 MHz

[05/06/2025, 14:52:19] hackrf_sweep stderr: Stop with Ctrl-C

[05/06/2025, 14:52:20] hackrf_sweep for band 5.8GHz timed out and was killed
[05/06/2025, 14:52:20] hackrf_sweep stderr: Caught signal 15

Exiting...
Total sweeps: 32 in 0.97467 seconds (32.83 sweeps/second)

[05/06/2025, 14:52:20] hackrf_sweep stderr: hackrf_close() done

[05/06/2025, 14:52:20] hackrf_sweep stderr: hackrf_exit() done
exit

[05/06/2025, 14:52:20] hackrf_sweep closed with code: 0
[05/06/2025, 14:52:20] All bands scanned, total frequencies: 4704
[05/06/2025, 14:52:20] Band 5.8GHz (5625-5850 MHz)
[05/06/2025, 14:52:20] Average power for 5.8GHz: -60.1 dBm
[05/06/2025, 14:52:20] Activating ALERT_PIN
[05/06/2025, 14:52:20] [14:52:20] 🛸 Дрон у диапазоне 5.8GHz (5625–5850 MHz). Мощность: -60.1 dB
[05/06/2025, 14:52:20] Starting new sweep cycle
[05/06/2025, 14:52:20] Processing band 5.8GHz (1/1). Threshhold -60.6
[05/06/2025, 14:52:20] Starting hackrf_sweep for band: 5.8GHz (5625:5850 MHz)
[05/06/2025, 14:52:20] hackrf_sweep stderr: call hackrf_sample_rate_set(20.000 MHz)

[05/06/2025, 14:52:20] hackrf_sweep stderr: call hackrf_baseband_filter_bandwidth_set(15.000 MHz)

[05/06/2025, 14:52:20] hackrf_sweep stderr: Sweeping from 5625 MHz to 5865 MHz

[05/06/2025, 14:52:20] hackrf_sweep stderr: Stop with Ctrl-C

[05/06/2025, 14:52:21] hackrf_sweep for band 5.8GHz timed out and was killed
[05/06/2025, 14:52:21] hackrf_sweep stderr: Caught signal 15

Exiting...
Total sweeps: 32 in 0.97470 seconds (32.83 sweeps/second)

[05/06/2025, 14:52:21] hackrf_sweep stderr: hackrf_close() done

[05/06/2025, 14:52:21] hackrf_sweep stderr: hackrf_exit() done
exit

[05/06/2025, 14:52:21] hackrf_sweep closed with code: 0
[05/06/2025, 14:52:21] All bands scanned, total frequencies: 4704
[05/06/2025, 14:52:21] Band 5.8GHz (5625-5850 MHz)
[05/06/2025, 14:52:21] Average power for 5.8GHz: -59.7 dBm
[05/06/2025, 14:52:21] Activating ALERT_PIN
[05/06/2025, 14:52:21] [14:52:21] 🛸 Дрон у диапазоне 5.8GHz (5625–5850 MHz). Мощность: -59.7 dB
[05/06/2025, 14:52:21] Starting new sweep cycle
[05/06/2025, 14:52:21] Processing band 5.8GHz (1/1). Threshhold -60.6
[05/06/2025, 14:52:21] Starting hackrf_sweep for band: 5.8GHz (5625:5850 MHz)
[05/06/2025, 14:52:21] hackrf_sweep stderr: call hackrf_sample_rate_set(20.000 MHz)

[05/06/2025, 14:52:21] hackrf_sweep stderr: call hackrf_baseband_filter_bandwidth_set(15.000 MHz)

[05/06/2025, 14:52:21] hackrf_sweep stderr: Sweeping from 5625 MHz to 5865 MHz

[05/06/2025, 14:52:21] hackrf_sweep stderr: Stop with Ctrl-C

[05/06/2025, 14:52:22] Deactivating ALERT_PIN
[05/06/2025, 14:52:22] hackrf_sweep for band 5.8GHz timed out and was killed
[05/06/2025, 14:52:22] hackrf_sweep stderr: Caught signal 15

Exiting...
Total sweeps: 32 in 0.97457 seconds (32.84 sweeps/second)

[05/06/2025, 14:52:22] hackrf_sweep stderr: hackrf_close() done

[05/06/2025, 14:52:22] hackrf_sweep stderr: hackrf_exit() done
exit

[05/06/2025, 14:52:22] hackrf_sweep closed with code: 0
[05/06/2025, 14:52:22] All bands scanned, total frequencies: 4704
[05/06/2025, 14:52:23] Band 5.8GHz (5625-5850 MHz)
[05/06/2025, 14:52:23] Average power for 5.8GHz: -59.9 dBm
[05/06/2025, 14:52:23] Activating ALERT_PIN
[05/06/2025, 14:52:23] [14:52:22] 🛸 Дрон у диапазоне 5.8GHz (5625–5850 MHz). Мощность: -59.9 dB
[05/06/2025, 14:52:23] Starting new sweep cycle
[05/06/2025, 14:52:23] Processing band 5.8GHz (1/1). Threshhold -60.6
[05/06/2025, 14:52:23] Starting hackrf_sweep for band: 5.8GHz (5625:5850 MHz)
[05/06/2025, 14:52:23] hackrf_sweep stderr: call hackrf_sample_rate_set(20.000 MHz)

[05/06/2025, 14:52:23] hackrf_sweep stderr: call hackrf_baseband_filter_bandwidth_set(15.000 MHz)

[05/06/2025, 14:52:23] hackrf_sweep stderr: Sweeping from 5625 MHz to 5865 MHz

[05/06/2025, 14:52:23] hackrf_sweep stderr: Stop with Ctrl-C

[05/06/2025, 14:52:23] Deactivating ALERT_PIN
[05/06/2025, 14:52:24] hackrf_sweep for band 5.8GHz timed out and was killed
[05/06/2025, 14:52:24] hackrf_sweep stderr: Caught signal 15

Exiting...
Total sweeps: 32 in 0.97379 seconds (32.86 sweeps/second)

[05/06/2025, 14:52:24] hackrf_sweep stderr: hackrf_close() done

[05/06/2025, 14:52:24] hackrf_sweep stderr: hackrf_exit() done
exit

[05/06/2025, 14:52:24] hackrf_sweep closed with code: 0
[05/06/2025, 14:52:24] All bands scanned, total frequencies: 4704
[05/06/2025, 14:52:24] Band 5.8GHz (5625-5850 MHz)
[05/06/2025, 14:52:24] Average power for 5.8GHz: -59.8 dBm
[05/06/2025, 14:52:24] Activating ALERT_PIN
[05/06/2025, 14:52:24] [14:52:24] 🛸 Дрон у диапазоне 5.8GHz (5625–5850 MHz). Мощность: -59.8 dB
[05/06/2025, 14:52:24] Starting new sweep cycle
[05/06/2025, 14:52:24] Processing band 5.8GHz (1/1). Threshhold -60.6
[05/06/2025, 14:52:24] Starting hackrf_sweep for band: 5.8GHz (5625:5850 MHz)
[05/06/2025, 14:52:24] hackrf_sweep stderr: call hackrf_sample_rate_set(20.000 MHz)

[05/06/2025, 14:52:24] hackrf_sweep stderr: call hackrf_baseband_filter_bandwidth_set(15.000 MHz)

[05/06/2025, 14:52:24] hackrf_sweep stderr: Sweeping from 5625 MHz to 5865 MHz

[05/06/2025, 14:52:24] hackrf_sweep stderr: Stop with Ctrl-C

[05/06/2025, 14:52:24] Deactivating ALERT_PIN
[05/06/2025, 14:52:25] hackrf_sweep for band 5.8GHz timed out and was killed
[05/06/2025, 14:52:25] hackrf_sweep stderr: Caught signal 15

Exiting...
Total sweeps: 32 in 0.97456 seconds (32.84 sweeps/second)

[05/06/2025, 14:52:25] hackrf_sweep stderr: hackrf_close() done

[05/06/2025, 14:52:25] hackrf_sweep stderr: hackrf_exit() done
exit

[05/06/2025, 14:52:25] hackrf_sweep closed with code: 0
[05/06/2025, 14:52:25] All bands scanned, total frequencies: 4704
[05/06/2025, 14:52:25] Band 5.8GHz (5625-5850 MHz)
[05/06/2025, 14:52:25] Average power for 5.8GHz: -59.9 dBm
[05/06/2025, 14:52:25] Activating ALERT_PIN
[05/06/2025, 14:52:25] [14:52:25] 🛸 Дрон у диапазоне 5.8GHz (5625–5850 MHz). Мощность: -59.9 dB
[05/06/2025, 14:52:25] Starting new sweep cycle
[05/06/2025, 14:52:25] Processing band 5.8GHz (1/1). Threshhold -60.6
[05/06/2025, 14:52:25] Starting hackrf_sweep for band: 5.8GHz (5625:5850 MHz)
[05/06/2025, 14:52:25] hackrf_sweep stderr: call hackrf_sample_rate_set(20.000 MHz)

[05/06/2025, 14:52:25] hackrf_sweep stderr: call hackrf_baseband_filter_bandwidth_set(15.000 MHz)

[05/06/2025, 14:52:25] hackrf_sweep stderr: Sweeping from 5625 MHz to 5865 MHz

[05/06/2025, 14:52:25] hackrf_sweep stderr: Stop with Ctrl-C

[05/06/2025, 14:52:26] Deactivating ALERT_PIN
[05/06/2025, 14:52:26] hackrf_sweep for band 5.8GHz timed out and was killed
[05/06/2025, 14:52:26] hackrf_sweep stderr: Caught signal 15

Exiting...
Total sweeps: 32 in 0.97455 seconds (32.84 sweeps/second)

[05/06/2025, 14:52:26] hackrf_sweep stderr: hackrf_close() done

[05/06/2025, 14:52:26] hackrf_sweep stderr: hackrf_exit() done
exit

[05/06/2025, 14:52:26] hackrf_sweep closed with code: 0
[05/06/2025, 14:52:26] All bands scanned, total frequencies: 4704
[05/06/2025, 14:52:26] Band 5.8GHz (5625-5850 MHz)
[05/06/2025, 14:52:26] Average power for 5.8GHz: -60.0 dBm
[05/06/2025, 14:52:26] Activating ALERT_PIN
[05/06/2025, 14:52:26] [14:52:26] 🛸 Дрон у диапазоне 5.8GHz (5625–5850 MHz). Мощность: -60.0 dB
[05/06/2025, 14:52:27] Starting new sweep cycle
[05/06/2025, 14:52:27] Processing band 5.8GHz (1/1). Threshhold -60.6
[05/06/2025, 14:52:27] Starting hackrf_sweep for band: 5.8GHz (5625:5850 MHz)
[05/06/2025, 14:52:27] hackrf_sweep stderr: call hackrf_sample_rate_set(20.000 MHz)

[05/06/2025, 14:52:27] hackrf_sweep stderr: call hackrf_baseband_filter_bandwidth_set(15.000 MHz)

[05/06/2025, 14:52:27] hackrf_sweep stderr: Sweeping from 5625 MHz to 5865 MHz

[05/06/2025, 14:52:27] hackrf_sweep stderr: Stop with Ctrl-C

[05/06/2025, 14:52:27] Deactivating ALERT_PIN
[05/06/2025, 14:52:28] hackrf_sweep for band 5.8GHz timed out and was killed
[05/06/2025, 14:52:28] hackrf_sweep stderr: Caught signal 15

Exiting...
Total sweeps: 32 in 0.97457 seconds (32.83 sweeps/second)

[05/06/2025, 14:52:28] hackrf_sweep stderr: hackrf_close() done

[05/06/2025, 14:52:28] hackrf_sweep stderr: hackrf_exit() done
exit

[05/06/2025, 14:52:28] hackrf_sweep closed with code: 0
[05/06/2025, 14:52:28] All bands scanned, total frequencies: 4704
[05/06/2025, 14:52:28] Band 5.8GHz (5625-5850 MHz)
[05/06/2025, 14:52:28] Average power for 5.8GHz: -59.8 dBm
[05/06/2025, 14:52:28] Activating ALERT_PIN
[05/06/2025, 14:52:28] [14:52:28] 🛸 Дрон у диапазоне 5.8GHz (5625–5850 MHz). Мощность: -59.8 dB
[05/06/2025, 14:52:28] Starting new sweep cycle
[05/06/2025, 14:52:28] Processing band 5.8GHz (1/1). Threshhold -60.6
[05/06/2025, 14:52:28] Starting hackrf_sweep for band: 5.8GHz (5625:5850 MHz)
[05/06/2025, 14:52:28] hackrf_sweep stderr: call hackrf_sample_rate_set(20.000 MHz)

[05/06/2025, 14:52:28] hackrf_sweep stderr: call hackrf_baseband_filter_bandwidth_set(15.000 MHz)

[05/06/2025, 14:52:28] hackrf_sweep stderr: Sweeping from 5625 MHz to 5865 MHz

[05/06/2025, 14:52:28] hackrf_sweep stderr: Stop with Ctrl-C

[05/06/2025, 14:52:28] Deactivating ALERT_PIN
[05/06/2025, 14:52:29] hackrf_sweep for band 5.8GHz timed out and was killed
[05/06/2025, 14:52:29] hackrf_sweep stderr: Caught signal 15

Exiting...
Total sweeps: 32 in 0.97472 seconds (32.83 sweeps/second)

[05/06/2025, 14:52:29] hackrf_sweep stderr: hackrf_close() done

[05/06/2025, 14:52:29] hackrf_sweep stderr: hackrf_exit() done
exit

[05/06/2025, 14:52:29] hackrf_sweep closed with code: 0
[05/06/2025, 14:52:29] All bands scanned, total frequencies: 4704
[05/06/2025, 14:52:29] Band 5.8GHz (5625-5850 MHz)
[05/06/2025, 14:52:29] Average power for 5.8GHz: -59.8 dBm
[05/06/2025, 14:52:29] Activating ALERT_PIN
[05/06/2025, 14:52:29] [14:52:29] 🛸 Дрон у диапазоне 5.8GHz (5625–5850 MHz). Мощность: -59.8 dB
[05/06/2025, 14:52:29] Starting new sweep cycle
[05/06/2025, 14:52:29] Processing band 5.8GHz (1/1). Threshhold -60.6
[05/06/2025, 14:52:29] Starting hackrf_sweep for band: 5.8GHz (5625:5850 MHz)
[05/06/2025, 14:52:29] hackrf_sweep stderr: call hackrf_sample_rate_set(20.000 MHz)

[05/06/2025, 14:52:29] hackrf_sweep stderr: call hackrf_baseband_filter_bandwidth_set(15.000 MHz)

[05/06/2025, 14:52:29] hackrf_sweep stderr: Sweeping from 5625 MHz to 5865 MHz

[05/06/2025, 14:52:29] hackrf_sweep stderr: Stop with Ctrl-C

[05/06/2025, 14:52:29] Deactivating ALERT_PIN
[05/06/2025, 14:52:30] hackrf_sweep for band 5.8GHz timed out and was killed
[05/06/2025, 14:52:30] hackrf_sweep stderr: Caught signal 15

Exiting...
Total sweeps: 32 in 0.97457 seconds (32.84 sweeps/second)

[05/06/2025, 14:52:30] hackrf_sweep stderr: hackrf_close() done

[05/06/2025, 14:52:30] hackrf_sweep stderr: hackrf_exit() done
exit

[05/06/2025, 14:52:30] hackrf_sweep closed with code: 0
[05/06/2025, 14:52:30] All bands scanned, total frequencies: 4704
[05/06/2025, 14:52:30] Band 5.8GHz (5625-5850 MHz)
[05/06/2025, 14:52:30] Average power for 5.8GHz: -59.7 dBm
[05/06/2025, 14:52:30] Activating ALERT_PIN
[05/06/2025, 14:52:30] [14:52:30] 🛸 Дрон у диапазоне 5.8GHz (5625–5850 MHz). Мощность: -59.7 dB
[05/06/2025, 14:52:30] Starting new sweep cycle
[05/06/2025, 14:52:30] Processing band 5.8GHz (1/1). Threshhold -60.6
[05/06/2025, 14:52:30] Starting hackrf_sweep for band: 5.8GHz (5625:5850 MHz)
[05/06/2025, 14:52:30] hackrf_sweep stderr: call hackrf_sample_rate_set(20.000 MHz)

[05/06/2025, 14:52:30] hackrf_sweep stderr: call hackrf_baseband_filter_bandwidth_set(15.000 MHz)

[05/06/2025, 14:52:30] hackrf_sweep stderr: Sweeping from 5625 MHz to 5865 MHz

[05/06/2025, 14:52:30] hackrf_sweep stderr: Stop with Ctrl-C

[05/06/2025, 14:52:31] Deactivating ALERT_PIN
[05/06/2025, 14:52:31] hackrf_sweep for band 5.8GHz timed out and was killed
[05/06/2025, 14:52:31] hackrf_sweep stderr: Caught signal 15

Exiting...
Total sweeps: 32 in 0.97459 seconds (32.83 sweeps/second)

[05/06/2025, 14:52:31] hackrf_sweep stderr: hackrf_close() done

[05/06/2025, 14:52:31] hackrf_sweep stderr: hackrf_exit() done
exit

[05/06/2025, 14:52:31] hackrf_sweep closed with code: 0
[05/06/2025, 14:52:31] All bands scanned, total frequencies: 4704
[05/06/2025, 14:52:32] Band 5.8GHz (5625-5850 MHz)
[05/06/2025, 14:52:32] Average power for 5.8GHz: -60.4 dBm
[05/06/2025, 14:52:32] Activating ALERT_PIN
[05/06/2025, 14:52:32] [14:52:31] 🛸 Дрон у диапазоне 5.8GHz (5625–5850 MHz). Мощность: -60.4 dB
[05/06/2025, 14:52:32] Starting new sweep cycle
[05/06/2025, 14:52:32] Processing band 5.8GHz (1/1). Threshhold -60.6
[05/06/2025, 14:52:32] Starting hackrf_sweep for band: 5.8GHz (5625:5850 MHz)
[05/06/2025, 14:52:32] hackrf_sweep stderr: call hackrf_sample_rate_set(20.000 MHz)

[05/06/2025, 14:52:32] hackrf_sweep stderr: call hackrf_baseband_filter_bandwidth_set(15.000 MHz)

[05/06/2025, 14:52:32] hackrf_sweep stderr: Sweeping from 5625 MHz to 5865 MHz

[05/06/2025, 14:52:32] hackrf_sweep stderr: Stop with Ctrl-C

[05/06/2025, 14:52:32] Deactivating ALERT_PIN
[05/06/2025, 14:52:33] hackrf_sweep for band 5.8GHz timed out and was killed
[05/06/2025, 14:52:33] hackrf_sweep stderr: Caught signal 15

Exiting...
Total sweeps: 32 in 0.97457 seconds (32.84 sweeps/second)

[05/06/2025, 14:52:33] hackrf_sweep stderr: hackrf_close() done

[05/06/2025, 14:52:33] hackrf_sweep stderr: hackrf_exit() done
exit

[05/06/2025, 14:52:33] hackrf_sweep closed with code: 0
[05/06/2025, 14:52:33] All bands scanned, total frequencies: 4704
[05/06/2025, 14:52:33] Band 5.8GHz (5625-5850 MHz)
[05/06/2025, 14:52:33] Average power for 5.8GHz: -61.6 dBm
[05/06/2025, 14:52:33] No alert for 5.8GHz: avgPower -61.6 dBm <= -60.6 dBm
[05/06/2025, 14:52:33] [14:52:33] OK — ничего подозрительного
[05/06/2025, 14:52:33] Starting new sweep cycle
[05/06/2025, 14:52:33] Processing band 5.8GHz (1/1). Threshhold -60.6
[05/06/2025, 14:52:33] Starting hackrf_sweep for band: 5.8GHz (5625:5850 MHz)
[05/06/2025, 14:52:33] hackrf_sweep stderr: call hackrf_sample_rate_set(20.000 MHz)

[05/06/2025, 14:52:33] hackrf_sweep stderr: call hackrf_baseband_filter_bandwidth_set(15.000 MHz)

[05/06/2025, 14:52:33] hackrf_sweep stderr: Sweeping from 5625 MHz to 5865 MHz

[05/06/2025, 14:52:33] hackrf_sweep stderr: Stop with Ctrl-C

[05/06/2025, 14:52:33] Deactivating ALERT_PIN
[05/06/2025, 14:52:34] hackrf_sweep for band 5.8GHz timed out and was killed
[05/06/2025, 14:52:34] hackrf_sweep stderr: Caught signal 15

Exiting...
Total sweeps: 32 in 0.97471 seconds (32.83 sweeps/second)

[05/06/2025, 14:52:34] hackrf_sweep stderr: hackrf_close() done

[05/06/2025, 14:52:34] hackrf_sweep stderr: hackrf_exit() done
exit

[05/06/2025, 14:52:34] hackrf_sweep closed with code: 0
[05/06/2025, 14:52:34] All bands scanned, total frequencies: 4704
[05/06/2025, 14:52:34] Band 5.8GHz (5625-5850 MHz)
[05/06/2025, 14:52:34] Average power for 5.8GHz: -61.7 dBm
[05/06/2025, 14:52:34] No alert for 5.8GHz: avgPower -61.7 dBm <= -60.6 dBm
[05/06/2025, 14:52:34] [14:52:34] OK — ничего подозрительного
[05/06/2025, 14:52:34] Starting new sweep cycle
[05/06/2025, 14:52:34] Processing band 5.8GHz (1/1). Threshhold -60.6
[05/06/2025, 14:52:34] Starting hackrf_sweep for band: 5.8GHz (5625:5850 MHz)
[05/06/2025, 14:52:34] hackrf_sweep stderr: call hackrf_sample_rate_set(20.000 MHz)

[05/06/2025, 14:52:34] hackrf_sweep stderr: call hackrf_baseband_filter_bandwidth_set(15.000 MHz)

[05/06/2025, 14:52:34] hackrf_sweep stderr: Sweeping from 5625 MHz to 5865 MHz

[05/06/2025, 14:52:34] hackrf_sweep stderr: Stop with Ctrl-C

[05/06/2025, 14:52:35] Deactivating ALERT_PIN
[05/06/2025, 14:52:35] hackrf_sweep for band 5.8GHz timed out and was killed
[05/06/2025, 14:52:35] hackrf_sweep stderr: Caught signal 15

Exiting...
Total sweeps: 32 in 0.97456 seconds (32.84 sweeps/second)

[05/06/2025, 14:52:35] hackrf_sweep stderr: hackrf_close() done

[05/06/2025, 14:52:35] hackrf_sweep stderr: hackrf_exit() done
exit

[05/06/2025, 14:52:35] hackrf_sweep closed with code: 0
[05/06/2025, 14:52:35] All bands scanned, total frequencies: 4704
[05/06/2025, 14:52:36] Band 5.8GHz (5625-5850 MHz)
[05/06/2025, 14:52:36] Average power for 5.8GHz: -61.5 dBm
[05/06/2025, 14:52:36] No alert for 5.8GHz: avgPower -61.5 dBm <= -60.6 dBm
[05/06/2025, 14:52:36] [14:52:35] OK — ничего подозрительного
[05/06/2025, 14:52:36] Starting new sweep cycle
[05/06/2025, 14:52:36] Processing band 5.8GHz (1/1). Threshhold -60.6
[05/06/2025, 14:52:36] Starting hackrf_sweep for band: 5.8GHz (5625:5850 MHz)
[05/06/2025, 14:52:36] hackrf_sweep stderr: call hackrf_sample_rate_set(20.000 MHz)

[05/06/2025, 14:52:36] hackrf_sweep stderr: call hackrf_baseband_filter_bandwidth_set(15.000 MHz)

[05/06/2025, 14:52:36] hackrf_sweep stderr: Sweeping from 5625 MHz to 5865 MHz

[05/06/2025, 14:52:36] hackrf_sweep stderr: Stop with Ctrl-C

[05/06/2025, 14:52:37] hackrf_sweep for band 5.8GHz timed out and was killed
[05/06/2025, 14:52:37] hackrf_sweep stderr: Caught signal 15

Exiting...
Total sweeps: 32 in 0.97455 seconds (32.84 sweeps/second)

[05/06/2025, 14:52:37] hackrf_sweep stderr: hackrf_close() done

[05/06/2025, 14:52:37] hackrf_sweep stderr: hackrf_exit() done
exit

[05/06/2025, 14:52:37] hackrf_sweep closed with code: 0
[05/06/2025, 14:52:37] All bands scanned, total frequencies: 4704
[05/06/2025, 14:52:37] Band 5.8GHz (5625-5850 MHz)
[05/06/2025, 14:52:37] Average power for 5.8GHz: -61.6 dBm
[05/06/2025, 14:52:37] No alert for 5.8GHz: avgPower -61.6 dBm <= -60.6 dBm
[05/06/2025, 14:52:37] [14:52:37] OK — ничего подозрительного
[05/06/2025, 14:52:37] Starting new sweep cycle
[05/06/2025, 14:52:37] Processing band 5.8GHz (1/1). Threshhold -60.6
[05/06/2025, 14:52:37] Starting hackrf_sweep for band: 5.8GHz (5625:5850 MHz)
[05/06/2025, 14:52:37] hackrf_sweep stderr: call hackrf_sample_rate_set(20.000 MHz)

[05/06/2025, 14:52:37] hackrf_sweep stderr: call hackrf_baseband_filter_bandwidth_set(15.000 MHz)

[05/06/2025, 14:52:37] hackrf_sweep stderr: Sweeping from 5625 MHz to 5865 MHz

[05/06/2025, 14:52:37] hackrf_sweep stderr: Stop with Ctrl-C

[05/06/2025, 14:52:38] hackrf_sweep for band 5.8GHz timed out and was killed
[05/06/2025, 14:52:38] hackrf_sweep stderr: Caught signal 15

Exiting...
Total sweeps: 32 in 0.97465 seconds (32.83 sweeps/second)

[05/06/2025, 14:52:38] hackrf_sweep stderr: hackrf_close() done

[05/06/2025, 14:52:38] hackrf_sweep stderr: hackrf_exit() done
exit

[05/06/2025, 14:52:38] hackrf_sweep closed with code: 0
[05/06/2025, 14:52:38] All bands scanned, total frequencies: 4704
[05/06/2025, 14:52:38] Band 5.8GHz (5625-5850 MHz)
[05/06/2025, 14:52:38] Average power for 5.8GHz: -61.8 dBm
[05/06/2025, 14:52:38] No alert for 5.8GHz: avgPower -61.8 dBm <= -60.6 dBm
[05/06/2025, 14:52:38] [14:52:38] OK — ничего подозрительного
[05/06/2025, 14:52:38] Starting new sweep cycle
[05/06/2025, 14:52:38] Processing band 5.8GHz (1/1). Threshhold -60.6
[05/06/2025, 14:52:38] Starting hackrf_sweep for band: 5.8GHz (5625:5850 MHz)
[05/06/2025, 14:52:38] hackrf_sweep stderr: call hackrf_sample_rate_set(20.000 MHz)

[05/06/2025, 14:52:38] hackrf_sweep stderr: call hackrf_baseband_filter_bandwidth_set(15.000 MHz)

[05/06/2025, 14:52:38] hackrf_sweep stderr: Sweeping from 5625 MHz to 5865 MHz

[05/06/2025, 14:52:38] hackrf_sweep stderr: Stop with Ctrl-C

[05/06/2025, 14:52:39] hackrf_sweep for band 5.8GHz timed out and was killed
[05/06/2025, 14:52:39] hackrf_sweep stderr: Caught signal 15

Exiting...
Total sweeps: 32 in 0.97469 seconds (32.83 sweeps/second)

[05/06/2025, 14:52:39] hackrf_sweep stderr: hackrf_close() done

[05/06/2025, 14:52:39] hackrf_sweep stderr: hackrf_exit() done
exit

[05/06/2025, 14:52:39] hackrf_sweep closed with code: 0
[05/06/2025, 14:52:39] All bands scanned, total frequencies: 4704
[05/06/2025, 14:52:39] Band 5.8GHz (5625-5850 MHz)
[05/06/2025, 14:52:39] Average power for 5.8GHz: -61.7 dBm
[05/06/2025, 14:52:39] No alert for 5.8GHz: avgPower -61.7 dBm <= -60.6 dBm
[05/06/2025, 14:52:39] [14:52:39] OK — ничего подозрительного
[05/06/2025, 14:52:40] Starting new sweep cycle
[05/06/2025, 14:52:40] Processing band 5.8GHz (1/1). Threshhold -60.6
[05/06/2025, 14:52:40] Starting hackrf_sweep for band: 5.8GHz (5625:5850 MHz)
[05/06/2025, 14:52:40] hackrf_sweep stderr: call hackrf_sample_rate_set(20.000 MHz)

[05/06/2025, 14:52:40] hackrf_sweep stderr: call hackrf_baseband_filter_bandwidth_set(15.000 MHz)

[05/06/2025, 14:52:40] hackrf_sweep stderr: Sweeping from 5625 MHz to 5865 MHz

[05/06/2025, 14:52:40] hackrf_sweep stderr: Stop with Ctrl-C

[05/06/2025, 14:52:41] hackrf_sweep for band 5.8GHz timed out and was killed
[05/06/2025, 14:52:41] hackrf_sweep stderr: Caught signal 15

Exiting...
Total sweeps: 32 in 0.97457 seconds (32.83 sweeps/second)

[05/06/2025, 14:52:41] hackrf_sweep stderr: hackrf_close() done

[05/06/2025, 14:52:41] hackrf_sweep stderr: hackrf_exit() done
exit

[05/06/2025, 14:52:41] hackrf_sweep closed with code: 0
[05/06/2025, 14:52:41] All bands scanned, total frequencies: 4704
[05/06/2025, 14:52:41] Band 5.8GHz (5625-5850 MHz)
[05/06/2025, 14:52:41] Average power for 5.8GHz: -61.7 dBm
[05/06/2025, 14:52:41] No alert for 5.8GHz: avgPower -61.7 dBm <= -60.6 dBm
[05/06/2025, 14:52:41] [14:52:41] OK — ничего подозрительного
[05/06/2025, 14:52:41] Starting new sweep cycle
[05/06/2025, 14:52:41] Processing band 5.8GHz (1/1). Threshhold -60.6
[05/06/2025, 14:52:41] Starting hackrf_sweep for band: 5.8GHz (5625:5850 MHz)
[05/06/2025, 14:52:41] hackrf_sweep stderr: call hackrf_sample_rate_set(20.000 MHz)

[05/06/2025, 14:52:41] hackrf_sweep stderr: call hackrf_baseband_filter_bandwidth_set(15.000 MHz)

[05/06/2025, 14:52:41] hackrf_sweep stderr: Sweeping from 5625 MHz to 5865 MHz

[05/06/2025, 14:52:41] hackrf_sweep stderr: Stop with Ctrl-C

[05/06/2025, 14:52:42] hackrf_sweep for band 5.8GHz timed out and was killed
[05/06/2025, 14:52:42] hackrf_sweep stderr: Caught signal 15

Exiting...
Total sweeps: 32 in 0.97456 seconds (32.84 sweeps/second)

[05/06/2025, 14:52:42] hackrf_sweep stderr: hackrf_close() done

[05/06/2025, 14:52:42] hackrf_sweep stderr: hackrf_exit() done
exit

[05/06/2025, 14:52:42] hackrf_sweep closed with code: 0
[05/06/2025, 14:52:42] All bands scanned, total frequencies: 4704
[05/06/2025, 14:52:42] Band 5.8GHz (5625-5850 MHz)
[05/06/2025, 14:52:42] Average power for 5.8GHz: -61.7 dBm
[05/06/2025, 14:52:42] No alert for 5.8GHz: avgPower -61.7 dBm <= -60.6 dBm
[05/06/2025, 14:52:42] [14:52:42] OK — ничего подозрительного
[05/06/2025, 14:52:42] Starting new sweep cycle
[05/06/2025, 14:52:42] Processing band 5.8GHz (1/1). Threshhold -60.6
[05/06/2025, 14:52:42] Starting hackrf_sweep for band: 5.8GHz (5625:5850 MHz)
[05/06/2025, 14:52:42] hackrf_sweep stderr: call hackrf_sample_rate_set(20.000 MHz)

[05/06/2025, 14:52:42] hackrf_sweep stderr: call hackrf_baseband_filter_bandwidth_set(15.000 MHz)

[05/06/2025, 14:52:42] hackrf_sweep stderr: Sweeping from 5625 MHz to 5865 MHz

[05/06/2025, 14:52:42] hackrf_sweep stderr: Stop with Ctrl-C

[05/06/2025, 14:52:43] hackrf_sweep for band 5.8GHz timed out and was killed
[05/06/2025, 14:52:43] hackrf_sweep stderr: Caught signal 15

Exiting...
Total sweeps: 32 in 0.97356 seconds (32.87 sweeps/second)

[05/06/2025, 14:52:43] hackrf_sweep stderr: hackrf_close() done

[05/06/2025, 14:52:43] hackrf_sweep stderr: hackrf_exit() done
exit

[05/06/2025, 14:52:43] hackrf_sweep closed with code: 0
[05/06/2025, 14:52:43] All bands scanned, total frequencies: 4704
[05/06/2025, 14:52:43] Band 5.8GHz (5625-5850 MHz)
[05/06/2025, 14:52:43] Average power for 5.8GHz: -61.8 dBm
[05/06/2025, 14:52:43] No alert for 5.8GHz: avgPower -61.8 dBm <= -60.6 dBm
[05/06/2025, 14:52:43] [14:52:43] OK — ничего подозрительного
[05/06/2025, 14:52:43] Starting new sweep cycle
[05/06/2025, 14:52:43] Processing band 5.8GHz (1/1). Threshhold -60.6
[05/06/2025, 14:52:43] Starting hackrf_sweep for band: 5.8GHz (5625:5850 MHz)
[05/06/2025, 14:52:43] hackrf_sweep stderr: call hackrf_sample_rate_set(20.000 MHz)

[05/06/2025, 14:52:43] hackrf_sweep stderr: call hackrf_baseband_filter_bandwidth_set(15.000 MHz)

[05/06/2025, 14:52:43] hackrf_sweep stderr: Sweeping from 5625 MHz to 5865 MHz

[05/06/2025, 14:52:43] hackrf_sweep stderr: Stop with Ctrl-C

[05/06/2025, 14:52:44] hackrf_sweep for band 5.8GHz timed out and was killed
[05/06/2025, 14:52:44] hackrf_sweep stderr: Caught signal 15

Exiting...
Total sweeps: 32 in 0.97482 seconds (32.83 sweeps/second)

[05/06/2025, 14:52:44] hackrf_sweep stderr: hackrf_close() done

[05/06/2025, 14:52:44] hackrf_sweep stderr: hackrf_exit() done
exit

[05/06/2025, 14:52:44] hackrf_sweep closed with code: 0
[05/06/2025, 14:52:44] All bands scanned, total frequencies: 4704
[05/06/2025, 14:52:45] Band 5.8GHz (5625-5850 MHz)
[05/06/2025, 14:52:45] Average power for 5.8GHz: -61.8 dBm
[05/06/2025, 14:52:45] No alert for 5.8GHz: avgPower -61.8 dBm <= -60.6 dBm
[05/06/2025, 14:52:45] [14:52:44] OK — ничего подозрительного
[05/06/2025, 14:52:45] Starting new sweep cycle
[05/06/2025, 14:52:45] Processing band 5.8GHz (1/1). Threshhold -60.6
[05/06/2025, 14:52:45] Starting hackrf_sweep for band: 5.8GHz (5625:5850 MHz)
[05/06/2025, 14:52:45] hackrf_sweep stderr: call hackrf_sample_rate_set(20.000 MHz)

[05/06/2025, 14:52:45] hackrf_sweep stderr: call hackrf_baseband_filter_bandwidth_set(15.000 MHz)

[05/06/2025, 14:52:45] hackrf_sweep stderr: Sweeping from 5625 MHz to 5865 MHz

[05/06/2025, 14:52:45] hackrf_sweep stderr: Stop with Ctrl-C

[05/06/2025, 14:52:46] hackrf_sweep for band 5.8GHz timed out and was killed
[05/06/2025, 14:52:46] hackrf_sweep stderr: Caught signal 15

Exiting...
Total sweeps: 32 in 0.97453 seconds (32.84 sweeps/second)

[05/06/2025, 14:52:46] hackrf_sweep stderr: hackrf_close() done

[05/06/2025, 14:52:46] hackrf_sweep stderr: hackrf_exit() done
exit

[05/06/2025, 14:52:46] hackrf_sweep closed with code: 0
[05/06/2025, 14:52:46] All bands scanned, total frequencies: 4704
[05/06/2025, 14:52:46] Band 5.8GHz (5625-5850 MHz)
[05/06/2025, 14:52:46] Average power for 5.8GHz: -61.6 dBm
[05/06/2025, 14:52:46] No alert for 5.8GHz: avgPower -61.6 dBm <= -60.6 dBm
[05/06/2025, 14:52:46] [14:52:46] OK — ничего подозрительного
[05/06/2025, 14:52:46] Starting new sweep cycle
[05/06/2025, 14:52:46] Processing band 5.8GHz (1/1). Threshhold -60.6
[05/06/2025, 14:52:46] Starting hackrf_sweep for band: 5.8GHz (5625:5850 MHz)
[05/06/2025, 14:52:46] hackrf_sweep stderr: call hackrf_sample_rate_set(20.000 MHz)

[05/06/2025, 14:52:46] hackrf_sweep stderr: call hackrf_baseband_filter_bandwidth_set(15.000 MHz)

[05/06/2025, 14:52:46] hackrf_sweep stderr: Sweeping from 5625 MHz to 5865 MHz

[05/06/2025, 14:52:46] hackrf_sweep stderr: Stop with Ctrl-C

[05/06/2025, 14:52:47] hackrf_sweep for band 5.8GHz timed out and was killed
[05/06/2025, 14:52:47] hackrf_sweep stderr: Caught signal 15

Exiting...
Total sweeps: 32 in 0.97355 seconds (32.87 sweeps/second)

[05/06/2025, 14:52:47] hackrf_sweep stderr: hackrf_close() done

[05/06/2025, 14:52:47] hackrf_sweep stderr: hackrf_exit() done
exit

[05/06/2025, 14:52:47] hackrf_sweep closed with code: 0
[05/06/2025, 14:52:47] All bands scanned, total frequencies: 4704
[05/06/2025, 14:52:47] Band 5.8GHz (5625-5850 MHz)
[05/06/2025, 14:52:47] Average power for 5.8GHz: -61.9 dBm
[05/06/2025, 14:52:47] No alert for 5.8GHz: avgPower -61.9 dBm <= -60.6 dBm
[05/06/2025, 14:52:47] [14:52:47] OK — ничего подозрительного
[05/06/2025, 14:52:47] Starting new sweep cycle
[05/06/2025, 14:52:47] Processing band 5.8GHz (1/1). Threshhold -60.6
[05/06/2025, 14:52:47] Starting hackrf_sweep for band: 5.8GHz (5625:5850 MHz)
[05/06/2025, 14:52:47] hackrf_sweep stderr: call hackrf_sample_rate_set(20.000 MHz)

[05/06/2025, 14:52:47] hackrf_sweep stderr: call hackrf_baseband_filter_bandwidth_set(15.000 MHz)

[05/06/2025, 14:52:47] hackrf_sweep stderr: Sweeping from 5625 MHz to 5865 MHz

[05/06/2025, 14:52:47] hackrf_sweep stderr: Stop with Ctrl-C

[05/06/2025, 14:52:48] hackrf_sweep for band 5.8GHz timed out and was killed
[05/06/2025, 14:52:48] hackrf_sweep stderr: Caught signal 15

Exiting...
Total sweeps: 32 in 0.97454 seconds (32.84 sweeps/second)

[05/06/2025, 14:52:48] hackrf_sweep stderr: hackrf_close() done

[05/06/2025, 14:52:48] hackrf_sweep stderr: hackrf_exit() done
exit

[05/06/2025, 14:52:48] hackrf_sweep closed with code: 0
[05/06/2025, 14:52:48] All bands scanned, total frequencies: 4704
[05/06/2025, 14:52:49] Band 5.8GHz (5625-5850 MHz)
[05/06/2025, 14:52:49] Average power for 5.8GHz: -61.7 dBm
[05/06/2025, 14:52:49] No alert for 5.8GHz: avgPower -61.7 dBm <= -60.6 dBm
[05/06/2025, 14:52:49] [14:52:48] OK — ничего подозрительного
[05/06/2025, 14:52:49] Starting new sweep cycle
[05/06/2025, 14:52:49] Processing band 5.8GHz (1/1). Threshhold -60.6
[05/06/2025, 14:52:49] Starting hackrf_sweep for band: 5.8GHz (5625:5850 MHz)
[05/06/2025, 14:52:49] hackrf_sweep stderr: call hackrf_sample_rate_set(20.000 MHz)

[05/06/2025, 14:52:49] hackrf_sweep stderr: call hackrf_baseband_filter_bandwidth_set(15.000 MHz)

[05/06/2025, 14:52:49] hackrf_sweep stderr: Sweeping from 5625 MHz to 5865 MHz

[05/06/2025, 14:52:49] hackrf_sweep stderr: Stop with Ctrl-C

[05/06/2025, 14:52:50] hackrf_sweep for band 5.8GHz timed out and was killed
[05/06/2025, 14:52:50] hackrf_sweep stderr: Caught signal 15

Exiting...
Total sweeps: 32 in 0.97468 seconds (32.83 sweeps/second)

[05/06/2025, 14:52:50] hackrf_sweep stderr: hackrf_close() done

[05/06/2025, 14:52:50] hackrf_sweep stderr: hackrf_exit() done
exit

[05/06/2025, 14:52:50] hackrf_sweep closed with code: 0
[05/06/2025, 14:52:50] All bands scanned, total frequencies: 4704
[05/06/2025, 14:52:50] Band 5.8GHz (5625-5850 MHz)
[05/06/2025, 14:52:50] Average power for 5.8GHz: -61.6 dBm
[05/06/2025, 14:52:50] No alert for 5.8GHz: avgPower -61.6 dBm <= -60.6 dBm
[05/06/2025, 14:52:50] [14:52:50] OK — ничего подозрительного
[05/06/2025, 14:52:50] Starting new sweep cycle
[05/06/2025, 14:52:50] Processing band 5.8GHz (1/1). Threshhold -60.6
[05/06/2025, 14:52:50] Starting hackrf_sweep for band: 5.8GHz (5625:5850 MHz)
[05/06/2025, 14:52:50] hackrf_sweep stderr: call hackrf_sample_rate_set(20.000 MHz)

[05/06/2025, 14:52:50] hackrf_sweep stderr: call hackrf_baseband_filter_bandwidth_set(15.000 MHz)

[05/06/2025, 14:52:50] hackrf_sweep stderr: Sweeping from 5625 MHz to 5865 MHz

[05/06/2025, 14:52:50] hackrf_sweep stderr: Stop with Ctrl-C

[05/06/2025, 14:52:51] hackrf_sweep for band 5.8GHz timed out and was killed
[05/06/2025, 14:52:51] hackrf_sweep stderr: Caught signal 15

Exiting...
Total sweeps: 32 in 0.97456 seconds (32.84 sweeps/second)

[05/06/2025, 14:52:51] hackrf_sweep stderr: hackrf_close() done

[05/06/2025, 14:52:51] hackrf_sweep stderr: hackrf_exit() done
exit

[05/06/2025, 14:52:51] hackrf_sweep closed with code: 0
[05/06/2025, 14:52:51] All bands scanned, total frequencies: 4704
[05/06/2025, 14:52:51] Band 5.8GHz (5625-5850 MHz)
[05/06/2025, 14:52:51] Average power for 5.8GHz: -61.6 dBm
[05/06/2025, 14:52:51] No alert for 5.8GHz: avgPower -61.6 dBm <= -60.6 dBm
[05/06/2025, 14:52:51] [14:52:51] OK — ничего подозрительного
[05/06/2025, 14:52:51] Starting new sweep cycle
[05/06/2025, 14:52:51] Processing band 5.8GHz (1/1). Threshhold -60.6
[05/06/2025, 14:52:51] Starting hackrf_sweep for band: 5.8GHz (5625:5850 MHz)
[05/06/2025, 14:52:51] hackrf_sweep stderr: call hackrf_sample_rate_set(20.000 MHz)

[05/06/2025, 14:52:51] hackrf_sweep stderr: call hackrf_baseband_filter_bandwidth_set(15.000 MHz)

[05/06/2025, 14:52:51] hackrf_sweep stderr: Sweeping from 5625 MHz to 5865 MHz

[05/06/2025, 14:52:51] hackrf_sweep stderr: Stop with Ctrl-C

[05/06/2025, 14:52:52] hackrf_sweep for band 5.8GHz timed out and was killed
[05/06/2025, 14:52:52] hackrf_sweep stderr: Caught signal 15

Exiting...
Total sweeps: 32 in 0.97414 seconds (32.85 sweeps/second)

[05/06/2025, 14:52:52] hackrf_sweep stderr: hackrf_close() done

[05/06/2025, 14:52:52] hackrf_sweep stderr: hackrf_exit() done
exit

[05/06/2025, 14:52:52] hackrf_sweep closed with code: 0
[05/06/2025, 14:52:52] All bands scanned, total frequencies: 4704
[05/06/2025, 14:52:52] Band 5.8GHz (5625-5850 MHz)
[05/06/2025, 14:52:52] Average power for 5.8GHz: -60.8 dBm
[05/06/2025, 14:52:52] No alert for 5.8GHz: avgPower -60.8 dBm <= -60.6 dBm
[05/06/2025, 14:52:52] [14:52:52] OK — ничего подозрительного
[05/06/2025, 14:52:53] Starting new sweep cycle
[05/06/2025, 14:52:53] Processing band 5.8GHz (1/1). Threshhold -60.6
[05/06/2025, 14:52:53] Starting hackrf_sweep for band: 5.8GHz (5625:5850 MHz)
[05/06/2025, 14:52:53] hackrf_sweep stderr: call hackrf_sample_rate_set(20.000 MHz)

[05/06/2025, 14:52:53] hackrf_sweep stderr: call hackrf_baseband_filter_bandwidth_set(15.000 MHz)

[05/06/2025, 14:52:53] hackrf_sweep stderr: Sweeping from 5625 MHz to 5865 MHz

[05/06/2025, 14:52:53] hackrf_sweep stderr: Stop with Ctrl-C

[05/06/2025, 14:52:54] hackrf_sweep for band 5.8GHz timed out and was killed
[05/06/2025, 14:52:54] hackrf_sweep stderr: Caught signal 15

Exiting...
Total sweeps: 32 in 0.97466 seconds (32.83 sweeps/second)

[05/06/2025, 14:52:54] hackrf_sweep stderr: hackrf_close() done

[05/06/2025, 14:52:54] hackrf_sweep stderr: hackrf_exit() done
exit

[05/06/2025, 14:52:54] hackrf_sweep closed with code: 0
[05/06/2025, 14:52:54] All bands scanned, total frequencies: 4704
[05/06/2025, 14:52:54] Band 5.8GHz (5625-5850 MHz)
[05/06/2025, 14:52:54] Average power for 5.8GHz: -60.4 dBm
[05/06/2025, 14:52:54] Activating ALERT_PIN
[05/06/2025, 14:52:54] [14:52:54] 🛸 Дрон у диапазоне 5.8GHz (5625–5850 MHz). Мощность: -60.4 dB
[05/06/2025, 14:52:54] Starting new sweep cycle
[05/06/2025, 14:52:54] Processing band 5.8GHz (1/1). Threshhold -60.6
[05/06/2025, 14:52:54] Starting hackrf_sweep for band: 5.8GHz (5625:5850 MHz)
[05/06/2025, 14:52:54] hackrf_sweep stderr: call hackrf_sample_rate_set(20.000 MHz)

[05/06/2025, 14:52:54] hackrf_sweep stderr: call hackrf_baseband_filter_bandwidth_set(15.000 MHz)

[05/06/2025, 14:52:54] hackrf_sweep stderr: Sweeping from 5625 MHz to 5865 MHz

[05/06/2025, 14:52:54] hackrf_sweep stderr: Stop with Ctrl-C

[05/06/2025, 14:52:55] hackrf_sweep for band 5.8GHz timed out and was killed
[05/06/2025, 14:52:55] hackrf_sweep stderr: Caught signal 15

Exiting...
Total sweeps: 32 in 0.97468 seconds (32.83 sweeps/second)

[05/06/2025, 14:52:55] hackrf_sweep stderr: hackrf_close() done

[05/06/2025, 14:52:55] hackrf_sweep stderr: hackrf_exit() done
exit

[05/06/2025, 14:52:55] hackrf_sweep closed with code: 0
[05/06/2025, 14:52:55] All bands scanned, total frequencies: 4704
[05/06/2025, 14:52:55] Band 5.8GHz (5625-5850 MHz)
[05/06/2025, 14:52:55] Average power for 5.8GHz: -60.0 dBm
[05/06/2025, 14:52:55] Activating ALERT_PIN
[05/06/2025, 14:52:55] [14:52:55] 🛸 Дрон у диапазоне 5.8GHz (5625–5850 MHz). Мощность: -60.0 dB
[05/06/2025, 14:52:55] Starting new sweep cycle
[05/06/2025, 14:52:55] Processing band 5.8GHz (1/1). Threshhold -60.6
[05/06/2025, 14:52:55] Starting hackrf_sweep for band: 5.8GHz (5625:5850 MHz)
[05/06/2025, 14:52:55] hackrf_sweep stderr: call hackrf_sample_rate_set(20.000 MHz)

[05/06/2025, 14:52:55] hackrf_sweep stderr: call hackrf_baseband_filter_bandwidth_set(15.000 MHz)

[05/06/2025, 14:52:55] hackrf_sweep stderr: Sweeping from 5625 MHz to 5865 MHz

[05/06/2025, 14:52:55] hackrf_sweep stderr: Stop with Ctrl-C

[05/06/2025, 14:52:56] hackrf_sweep for band 5.8GHz timed out and was killed
[05/06/2025, 14:52:56] hackrf_sweep stderr: Caught signal 15

Exiting...
Total sweeps: 32 in 0.97253 seconds (32.90 sweeps/second)

[05/06/2025, 14:52:56] hackrf_sweep stderr: hackrf_close() done

[05/06/2025, 14:52:56] hackrf_sweep stderr: hackrf_exit() done
exit

[05/06/2025, 14:52:56] hackrf_sweep closed with code: 0
[05/06/2025, 14:52:56] All bands scanned, total frequencies: 4704
[05/06/2025, 14:52:56] Band 5.8GHz (5625-5850 MHz)
[05/06/2025, 14:52:56] Average power for 5.8GHz: -59.6 dBm
[05/06/2025, 14:52:56] Activating ALERT_PIN
[05/06/2025, 14:52:56] [14:52:56] 🛸 Дрон у диапазоне 5.8GHz (5625–5850 MHz). Мощность: -59.6 dB
[05/06/2025, 14:52:56] Starting new sweep cycle
[05/06/2025, 14:52:56] Processing band 5.8GHz (1/1). Threshhold -60.6
[05/06/2025, 14:52:56] Starting hackrf_sweep for band: 5.8GHz (5625:5850 MHz)
[05/06/2025, 14:52:57] hackrf_sweep stderr: call hackrf_sample_rate_set(20.000 MHz)

[05/06/2025, 14:52:57] hackrf_sweep stderr: call hackrf_baseband_filter_bandwidth_set(15.000 MHz)

[05/06/2025, 14:52:57] hackrf_sweep stderr: Sweeping from 5625 MHz to 5865 MHz

[05/06/2025, 14:52:57] hackrf_sweep stderr: Stop with Ctrl-C

[05/06/2025, 14:52:57] Deactivating ALERT_PIN
[05/06/2025, 14:52:57] hackrf_sweep for band 5.8GHz timed out and was killed
[05/06/2025, 14:52:57] hackrf_sweep stderr: Caught signal 15

Exiting...
Total sweeps: 32 in 0.97355 seconds (32.87 sweeps/second)

[05/06/2025, 14:52:57] hackrf_sweep stderr: hackrf_close() done

[05/06/2025, 14:52:57] hackrf_sweep stderr: hackrf_exit() done
exit

[05/06/2025, 14:52:57] hackrf_sweep closed with code: 0
[05/06/2025, 14:52:57] All bands scanned, total frequencies: 4704
[05/06/2025, 14:52:58] Band 5.8GHz (5625-5850 MHz)
[05/06/2025, 14:52:58] Average power for 5.8GHz: -59.6 dBm
[05/06/2025, 14:52:58] Activating ALERT_PIN
[05/06/2025, 14:52:58] [14:52:57] 🛸 Дрон у диапазоне 5.8GHz (5625–5850 MHz). Мощность: -59.6 dB
[05/06/2025, 14:52:58] Starting new sweep cycle
[05/06/2025, 14:52:58] Processing band 5.8GHz (1/1). Threshhold -60.6
[05/06/2025, 14:52:58] Starting hackrf_sweep for band: 5.8GHz (5625:5850 MHz)
[05/06/2025, 14:52:58] hackrf_sweep stderr: call hackrf_sample_rate_set(20.000 MHz)

[05/06/2025, 14:52:58] hackrf_sweep stderr: call hackrf_baseband_filter_bandwidth_set(15.000 MHz)

[05/06/2025, 14:52:58] hackrf_sweep stderr: Sweeping from 5625 MHz to 5865 MHz

[05/06/2025, 14:52:58] hackrf_sweep stderr: Stop with Ctrl-C

[05/06/2025, 14:52:58] Deactivating ALERT_PIN
[05/06/2025, 14:52:59] hackrf_sweep for band 5.8GHz timed out and was killed
[05/06/2025, 14:52:59] hackrf_sweep stderr: Caught signal 15

Exiting...
Total sweeps: 32 in 0.97452 seconds (32.84 sweeps/second)

[05/06/2025, 14:52:59] hackrf_sweep stderr: hackrf_close() done

[05/06/2025, 14:52:59] hackrf_sweep stderr: hackrf_exit() done
exit

[05/06/2025, 14:52:59] hackrf_sweep closed with code: 0
[05/06/2025, 14:52:59] All bands scanned, total frequencies: 4704
[05/06/2025, 14:52:59] Band 5.8GHz (5625-5850 MHz)
[05/06/2025, 14:52:59] Average power for 5.8GHz: -59.6 dBm
[05/06/2025, 14:52:59] Activating ALERT_PIN
[05/06/2025, 14:52:59] [14:52:59] 🛸 Дрон у диапазоне 5.8GHz (5625–5850 MHz). Мощность: -59.6 dB
[05/06/2025, 14:52:59] Starting new sweep cycle
[05/06/2025, 14:52:59] Processing band 5.8GHz (1/1). Threshhold -60.6
[05/06/2025, 14:52:59] Starting hackrf_sweep for band: 5.8GHz (5625:5850 MHz)
[05/06/2025, 14:52:59] hackrf_sweep stderr: call hackrf_sample_rate_set(20.000 MHz)

[05/06/2025, 14:52:59] hackrf_sweep stderr: call hackrf_baseband_filter_bandwidth_set(15.000 MHz)

[05/06/2025, 14:52:59] hackrf_sweep stderr: Sweeping from 5625 MHz to 5865 MHz

[05/06/2025, 14:52:59] hackrf_sweep stderr: Stop with Ctrl-C

[05/06/2025, 14:52:59] Deactivating ALERT_PIN
[05/06/2025, 14:53:00] hackrf_sweep for band 5.8GHz timed out and was killed
[05/06/2025, 14:53:00] hackrf_sweep stderr: Caught signal 15

Exiting...
Total sweeps: 32 in 0.97377 seconds (32.86 sweeps/second)

[05/06/2025, 14:53:00] hackrf_sweep stderr: hackrf_close() done

[05/06/2025, 14:53:00] hackrf_sweep stderr: hackrf_exit() done
exit

[05/06/2025, 14:53:00] hackrf_sweep closed with code: 0
[05/06/2025, 14:53:00] All bands scanned, total frequencies: 4704
[05/06/2025, 14:53:00] Band 5.8GHz (5625-5850 MHz)
[05/06/2025, 14:53:00] Average power for 5.8GHz: -59.6 dBm
[05/06/2025, 14:53:00] Activating ALERT_PIN
[05/06/2025, 14:53:00] [14:53:00] 🛸 Дрон у диапазоне 5.8GHz (5625–5850 MHz). Мощность: -59.6 dB
[05/06/2025, 14:53:00] Starting new sweep cycle
[05/06/2025, 14:53:00] Processing band 5.8GHz (1/1). Threshhold -60.6
[05/06/2025, 14:53:00] Starting hackrf_sweep for band: 5.8GHz (5625:5850 MHz)
[05/06/2025, 14:53:00] hackrf_sweep stderr: call hackrf_sample_rate_set(20.000 MHz)

[05/06/2025, 14:53:00] hackrf_sweep stderr: call hackrf_baseband_filter_bandwidth_set(15.000 MHz)

[05/06/2025, 14:53:00] hackrf_sweep stderr: Sweeping from 5625 MHz to 5865 MHz

[05/06/2025, 14:53:00] hackrf_sweep stderr: Stop with Ctrl-C

[05/06/2025, 14:53:01] Deactivating ALERT_PIN
[05/06/2025, 14:53:01] hackrf_sweep for band 5.8GHz timed out and was killed
[05/06/2025, 14:53:01] hackrf_sweep stderr: Caught signal 15

Exiting...
Total sweeps: 32 in 0.97453 seconds (32.84 sweeps/second)

[05/06/2025, 14:53:01] hackrf_sweep stderr: hackrf_close() done

[05/06/2025, 14:53:01] hackrf_sweep stderr: hackrf_exit() done
exit

[05/06/2025, 14:53:01] hackrf_sweep closed with code: 0
[05/06/2025, 14:53:01] All bands scanned, total frequencies: 4704
[05/06/2025, 14:53:02] Band 5.8GHz (5625-5850 MHz)
[05/06/2025, 14:53:02] Average power for 5.8GHz: -59.8 dBm
[05/06/2025, 14:53:02] Activating ALERT_PIN
[05/06/2025, 14:53:02] [14:53:01] 🛸 Дрон у диапазоне 5.8GHz (5625–5850 MHz). Мощность: -59.8 dB
[05/06/2025, 14:53:02] Starting new sweep cycle
[05/06/2025, 14:53:02] Processing band 5.8GHz (1/1). Threshhold -60.6
[05/06/2025, 14:53:02] Starting hackrf_sweep for band: 5.8GHz (5625:5850 MHz)
[05/06/2025, 14:53:02] hackrf_sweep stderr: call hackrf_sample_rate_set(20.000 MHz)

[05/06/2025, 14:53:02] hackrf_sweep stderr: call hackrf_baseband_filter_bandwidth_set(15.000 MHz)

[05/06/2025, 14:53:02] hackrf_sweep stderr: Sweeping from 5625 MHz to 5865 MHz

[05/06/2025, 14:53:02] hackrf_sweep stderr: Stop with Ctrl-C

[05/06/2025, 14:53:02] Deactivating ALERT_PIN
[05/06/2025, 14:53:03] hackrf_sweep for band 5.8GHz timed out and was killed
[05/06/2025, 14:53:03] hackrf_sweep stderr: Caught signal 15

Exiting...
Total sweeps: 32 in 0.97453 seconds (32.84 sweeps/second)

[05/06/2025, 14:53:03] hackrf_sweep stderr: hackrf_close() done

[05/06/2025, 14:53:03] hackrf_sweep stderr: hackrf_exit() done
exit

[05/06/2025, 14:53:03] hackrf_sweep closed with code: 0
[05/06/2025, 14:53:03] All bands scanned, total frequencies: 4704
[05/06/2025, 14:53:03] Band 5.8GHz (5625-5850 MHz)
[05/06/2025, 14:53:03] Average power for 5.8GHz: -60.1 dBm
[05/06/2025, 14:53:03] Activating ALERT_PIN
[05/06/2025, 14:53:03] [14:53:03] 🛸 Дрон у диапазоне 5.8GHz (5625–5850 MHz). Мощность: -60.1 dB
[05/06/2025, 14:53:03] Starting new sweep cycle
[05/06/2025, 14:53:03] Processing band 5.8GHz (1/1). Threshhold -60.6
[05/06/2025, 14:53:03] Starting hackrf_sweep for band: 5.8GHz (5625:5850 MHz)
[05/06/2025, 14:53:03] hackrf_sweep stderr: call hackrf_sample_rate_set(20.000 MHz)

[05/06/2025, 14:53:03] hackrf_sweep stderr: call hackrf_baseband_filter_bandwidth_set(15.000 MHz)

[05/06/2025, 14:53:03] hackrf_sweep stderr: Sweeping from 5625 MHz to 5865 MHz

[05/06/2025, 14:53:03] hackrf_sweep stderr: Stop with Ctrl-C

[05/06/2025, 14:53:03] Deactivating ALERT_PIN
[05/06/2025, 14:53:04] hackrf_sweep for band 5.8GHz timed out and was killed
[05/06/2025, 14:53:04] hackrf_sweep stderr: Caught signal 15

Exiting...
Total sweeps: 32 in 0.97464 seconds (32.83 sweeps/second)

[05/06/2025, 14:53:04] hackrf_sweep stderr: hackrf_close() done

[05/06/2025, 14:53:04] hackrf_sweep stderr: hackrf_exit() done
exit

[05/06/2025, 14:53:04] hackrf_sweep closed with code: 0
[05/06/2025, 14:53:04] All bands scanned, total frequencies: 4704
[05/06/2025, 14:53:04] Band 5.8GHz (5625-5850 MHz)
[05/06/2025, 14:53:04] Average power for 5.8GHz: -60.8 dBm
[05/06/2025, 14:53:04] No alert for 5.8GHz: avgPower -60.8 dBm <= -60.6 dBm
[05/06/2025, 14:53:04] [14:53:04] OK — ничего подозрительного
[05/06/2025, 14:53:04] Starting new sweep cycle
[05/06/2025, 14:53:04] Processing band 5.8GHz (1/1). Threshhold -60.6
[05/06/2025, 14:53:04] Starting hackrf_sweep for band: 5.8GHz (5625:5850 MHz)
[05/06/2025, 14:53:04] hackrf_sweep stderr: call hackrf_sample_rate_set(20.000 MHz)

[05/06/2025, 14:53:04] hackrf_sweep stderr: call hackrf_baseband_filter_bandwidth_set(15.000 MHz)

[05/06/2025, 14:53:04] hackrf_sweep stderr: Sweeping from 5625 MHz to 5865 MHz

[05/06/2025, 14:53:04] hackrf_sweep stderr: Stop with Ctrl-C

[05/06/2025, 14:53:05] Deactivating ALERT_PIN
[05/06/2025, 14:53:05] hackrf_sweep for band 5.8GHz timed out and was killed
[05/06/2025, 14:53:05] hackrf_sweep stderr: Caught signal 15

Exiting...
Total sweeps: 32 in 0.97470 seconds (32.83 sweeps/second)

[05/06/2025, 14:53:05] hackrf_sweep stderr: hackrf_close() done

[05/06/2025, 14:53:05] hackrf_sweep stderr: hackrf_exit() done
exit

[05/06/2025, 14:53:05] hackrf_sweep closed with code: 0
[05/06/2025, 14:53:05] All bands scanned, total frequencies: 4704
[05/06/2025, 14:53:06] Band 5.8GHz (5625-5850 MHz)
[05/06/2025, 14:53:06] Average power for 5.8GHz: -61.7 dBm
[05/06/2025, 14:53:06] No alert for 5.8GHz: avgPower -61.7 dBm <= -60.6 dBm
[05/06/2025, 14:53:06] [14:53:05] OK — ничего подозрительного
[05/06/2025, 14:53:06] Starting new sweep cycle
[05/06/2025, 14:53:06] Processing band 5.8GHz (1/1). Threshhold -60.6
[05/06/2025, 14:53:06] Starting hackrf_sweep for band: 5.8GHz (5625:5850 MHz)
[05/06/2025, 14:53:06] hackrf_sweep stderr: call hackrf_sample_rate_set(20.000 MHz)

[05/06/2025, 14:53:06] hackrf_sweep stderr: call hackrf_baseband_filter_bandwidth_set(15.000 MHz)

[05/06/2025, 14:53:06] hackrf_sweep stderr: Sweeping from 5625 MHz to 5865 MHz

[05/06/2025, 14:53:06] hackrf_sweep stderr: Stop with Ctrl-C

[05/06/2025, 14:53:06] Deactivating ALERT_PIN
[05/06/2025, 14:53:07] hackrf_sweep for band 5.8GHz timed out and was killed
[05/06/2025, 14:53:07] hackrf_sweep stderr: Caught signal 15

Exiting...
Total sweeps: 32 in 0.97456 seconds (32.84 sweeps/second)

[05/06/2025, 14:53:07] hackrf_sweep stderr: hackrf_close() done

[05/06/2025, 14:53:07] hackrf_sweep stderr: hackrf_exit() done
exit

[05/06/2025, 14:53:07] hackrf_sweep closed with code: 0
[05/06/2025, 14:53:07] All bands scanned, total frequencies: 4704
[05/06/2025, 14:53:07] Band 5.8GHz (5625-5850 MHz)
[05/06/2025, 14:53:07] Average power for 5.8GHz: -61.6 dBm
[05/06/2025, 14:53:07] No alert for 5.8GHz: avgPower -61.6 dBm <= -60.6 dBm
[05/06/2025, 14:53:07] [14:53:07] OK — ничего подозрительного
[05/06/2025, 14:53:07] Starting new sweep cycle
[05/06/2025, 14:53:07] Processing band 5.8GHz (1/1). Threshhold -60.6
[05/06/2025, 14:53:07] Starting hackrf_sweep for band: 5.8GHz (5625:5850 MHz)
[05/06/2025, 14:53:07] hackrf_sweep stderr: call hackrf_sample_rate_set(20.000 MHz)

[05/06/2025, 14:53:07] hackrf_sweep stderr: call hackrf_baseband_filter_bandwidth_set(15.000 MHz)

[05/06/2025, 14:53:07] hackrf_sweep stderr: Sweeping from 5625 MHz to 5865 MHz

[05/06/2025, 14:53:07] hackrf_sweep stderr: Stop with Ctrl-C

[05/06/2025, 14:53:08] hackrf_sweep for band 5.8GHz timed out and was killed
[05/06/2025, 14:53:08] hackrf_sweep stderr: Caught signal 15

Exiting...
Total sweeps: 32 in 0.97455 seconds (32.84 sweeps/second)

[05/06/2025, 14:53:08] hackrf_sweep stderr: hackrf_close() done

[05/06/2025, 14:53:08] hackrf_sweep stderr: hackrf_exit() done
exit

[05/06/2025, 14:53:08] hackrf_sweep closed with code: 0
[05/06/2025, 14:53:08] All bands scanned, total frequencies: 4704
[05/06/2025, 14:53:08] Band 5.8GHz (5625-5850 MHz)
[05/06/2025, 14:53:08] Average power for 5.8GHz: -61.7 dBm
[05/06/2025, 14:53:08] No alert for 5.8GHz: avgPower -61.7 dBm <= -60.6 dBm
[05/06/2025, 14:53:08] [14:53:08] OK — ничего подозрительного
[05/06/2025, 14:53:08] Starting new sweep cycle
[05/06/2025, 14:53:08] Processing band 5.8GHz (1/1). Threshhold -60.6
[05/06/2025, 14:53:08] Starting hackrf_sweep for band: 5.8GHz (5625:5850 MHz)
[05/06/2025, 14:53:08] hackrf_sweep stderr: call hackrf_sample_rate_set(20.000 MHz)

[05/06/2025, 14:53:08] hackrf_sweep stderr: call hackrf_baseband_filter_bandwidth_set(15.000 MHz)

[05/06/2025, 14:53:08] hackrf_sweep stderr: Sweeping from 5625 MHz to 5865 MHz

[05/06/2025, 14:53:08] hackrf_sweep stderr: Stop with Ctrl-C

[05/06/2025, 14:53:09] hackrf_sweep for band 5.8GHz timed out and was killed
[05/06/2025, 14:53:09] hackrf_sweep stderr: Caught signal 15

Exiting...
Total sweeps: 32 in 0.97452 seconds (32.84 sweeps/second)

[05/06/2025, 14:53:09] hackrf_sweep stderr: hackrf_close() done

[05/06/2025, 14:53:09] hackrf_sweep stderr: hackrf_exit() done
exit

[05/06/2025, 14:53:09] hackrf_sweep closed with code: 0
[05/06/2025, 14:53:09] All bands scanned, total frequencies: 4704
[05/06/2025, 14:53:09] Band 5.8GHz (5625-5850 MHz)
[05/06/2025, 14:53:09] Average power for 5.8GHz: -61.8 dBm
[05/06/2025, 14:53:09] No alert for 5.8GHz: avgPower -61.8 dBm <= -60.6 dBm
[05/06/2025, 14:53:09] [14:53:09] OK — ничего подозрительного
[05/06/2025, 14:53:09] Starting new sweep cycle
[05/06/2025, 14:53:09] Processing band 5.8GHz (1/1). Threshhold -60.6
[05/06/2025, 14:53:09] Starting hackrf_sweep for band: 5.8GHz (5625:5850 MHz)
[05/06/2025, 14:53:10] hackrf_sweep stderr: call hackrf_sample_rate_set(20.000 MHz)

[05/06/2025, 14:53:10] hackrf_sweep stderr: call hackrf_baseband_filter_bandwidth_set(15.000 MHz)

[05/06/2025, 14:53:10] hackrf_sweep stderr: Sweeping from 5625 MHz to 5865 MHz

[05/06/2025, 14:53:10] hackrf_sweep stderr: Stop with Ctrl-C

[05/06/2025, 14:53:10] hackrf_sweep for band 5.8GHz timed out and was killed
[05/06/2025, 14:53:10] hackrf_sweep stderr: Caught signal 15

Exiting...
Total sweeps: 32 in 0.97372 seconds (32.86 sweeps/second)

[05/06/2025, 14:53:10] hackrf_sweep stderr: hackrf_close() done

[05/06/2025, 14:53:10] hackrf_sweep stderr: hackrf_exit() done
exit

[05/06/2025, 14:53:10] hackrf_sweep closed with code: 0
[05/06/2025, 14:53:10] All bands scanned, total frequencies: 4704
[05/06/2025, 14:53:11] Band 5.8GHz (5625-5850 MHz)
[05/06/2025, 14:53:11] Average power for 5.8GHz: -61.8 dBm
[05/06/2025, 14:53:11] No alert for 5.8GHz: avgPower -61.8 dBm <= -60.6 dBm
[05/06/2025, 14:53:11] [14:53:10] OK — ничего подозрительного
[05/06/2025, 14:53:11] Starting new sweep cycle
[05/06/2025, 14:53:11] Processing band 5.8GHz (1/1). Threshhold -60.6
[05/06/2025, 14:53:11] Starting hackrf_sweep for band: 5.8GHz (5625:5850 MHz)
[05/06/2025, 14:53:11] hackrf_sweep stderr: call hackrf_sample_rate_set(20.000 MHz)

[05/06/2025, 14:53:11] hackrf_sweep stderr: call hackrf_baseband_filter_bandwidth_set(15.000 MHz)

[05/06/2025, 14:53:11] hackrf_sweep stderr: Sweeping from 5625 MHz to 5865 MHz

[05/06/2025, 14:53:11] hackrf_sweep stderr: Stop with Ctrl-C

[05/06/2025, 14:53:12] hackrf_sweep for band 5.8GHz timed out and was killed
[05/06/2025, 14:53:12] hackrf_sweep stderr: Caught signal 15

Exiting...
Total sweeps: 32 in 0.97454 seconds (32.84 sweeps/second)

[05/06/2025, 14:53:12] hackrf_sweep stderr: hackrf_close() done

[05/06/2025, 14:53:12] hackrf_sweep stderr: hackrf_exit() done
exit

[05/06/2025, 14:53:12] hackrf_sweep closed with code: 0
[05/06/2025, 14:53:12] All bands scanned, total frequencies: 4704
[05/06/2025, 14:53:12] Band 5.8GHz (5625-5850 MHz)
[05/06/2025, 14:53:12] Average power for 5.8GHz: -61.8 dBm
[05/06/2025, 14:53:12] No alert for 5.8GHz: avgPower -61.8 dBm <= -60.6 dBm
[05/06/2025, 14:53:12] [14:53:12] OK — ничего подозрительного
[05/06/2025, 14:53:12] Starting new sweep cycle
[05/06/2025, 14:53:12] Processing band 5.8GHz (1/1). Threshhold -60.6
[05/06/2025, 14:53:12] Starting hackrf_sweep for band: 5.8GHz (5625:5850 MHz)
[05/06/2025, 14:53:12] hackrf_sweep stderr: call hackrf_sample_rate_set(20.000 MHz)

[05/06/2025, 14:53:12] hackrf_sweep stderr: call hackrf_baseband_filter_bandwidth_set(15.000 MHz)

[05/06/2025, 14:53:12] hackrf_sweep stderr: Sweeping from 5625 MHz to 5865 MHz

[05/06/2025, 14:53:12] hackrf_sweep stderr: Stop with Ctrl-C

[05/06/2025, 14:53:13] hackrf_sweep for band 5.8GHz timed out and was killed
[05/06/2025, 14:53:13] hackrf_sweep stderr: Caught signal 15

Exiting...
Total sweeps: 32 in 0.97456 seconds (32.84 sweeps/second)

[05/06/2025, 14:53:13] hackrf_sweep stderr: hackrf_close() done

[05/06/2025, 14:53:13] hackrf_sweep stderr: hackrf_exit() done
exit

[05/06/2025, 14:53:13] hackrf_sweep closed with code: 0
[05/06/2025, 14:53:13] All bands scanned, total frequencies: 4704
[05/06/2025, 14:53:13] Band 5.8GHz (5625-5850 MHz)
[05/06/2025, 14:53:13] Average power for 5.8GHz: -61.7 dBm
[05/06/2025, 14:53:13] No alert for 5.8GHz: avgPower -61.7 dBm <= -60.6 dBm
[05/06/2025, 14:53:13] [14:53:13] OK — ничего подозрительного
[05/06/2025, 14:53:13] Starting new sweep cycle
[05/06/2025, 14:53:13] Processing band 5.8GHz (1/1). Threshhold -60.6
[05/06/2025, 14:53:13] Starting hackrf_sweep for band: 5.8GHz (5625:5850 MHz)
[05/06/2025, 14:53:13] hackrf_sweep stderr: call hackrf_sample_rate_set(20.000 MHz)

[05/06/2025, 14:53:13] hackrf_sweep stderr: call hackrf_baseband_filter_bandwidth_set(15.000 MHz)

[05/06/2025, 14:53:13] hackrf_sweep stderr: Sweeping from 5625 MHz to 5865 MHz

[05/06/2025, 14:53:13] hackrf_sweep stderr: Stop with Ctrl-C

[05/06/2025, 14:53:14] Exiting script
